../Core/Src/main.c:132:5:main	16	static
../Core/Src/main.c:237:6:SystemClock_Config	88	static
../Core/Src/main.c:283:13:MX_I2C1_Init	8	static
../Core/Src/main.c:317:13:MX_I2S3_Init	8	static
../Core/Src/main.c:351:13:MX_RNG_Init	8	static
../Core/Src/main.c:377:13:MX_SPI1_Init	8	static
../Core/Src/main.c:415:13:MX_TIM7_Init	16	static
../Core/Src/main.c:453:13:MX_GPIO_Init	56	static
../Core/Src/main.c:555:6:StartDefaultTask	16	static
../Core/Src/main.c:580:6:StartProducer	32	static
../Core/Src/main.c:612:6:StartConsumer	16	static
../Core/Src/main.c:624:6:Callback01	16	static
../Core/Src/main.c:639:6:HAL_TIM_PeriodElapsedCallback	16	static
../Core/Src/main.c:658:6:Error_Handler	4	static,ignoring_inline_asm
