Archive member included to satisfy reference by file (symbol)

C:/ST/STM32CubeIDE_1.16.1/STM32CubeIDE/plugins/com.st.stm32cube.ide.mcu.externaltools.gnu-tools-for-stm32.12.3.rel1.win32_1.0.200.202406191623/tools/bin/../lib/gcc/arm-none-eabi/12.3.1/../../../../arm-none-eabi/lib/thumb/v7e-m+fp/hard\libc_nano.a(libc_a-exit.o)
                              C:/ST/STM32CubeIDE_1.16.1/STM32CubeIDE/plugins/com.st.stm32cube.ide.mcu.externaltools.gnu-tools-for-stm32.12.3.rel1.win32_1.0.200.202406191623/tools/bin/../lib/gcc/arm-none-eabi/12.3.1/../../../../arm-none-eabi/lib/thumb/v7e-m+fp/hard/crt0.o (exit)
C:/ST/STM32CubeIDE_1.16.1/STM32CubeIDE/plugins/com.st.stm32cube.ide.mcu.externaltools.gnu-tools-for-stm32.12.3.rel1.win32_1.0.200.202406191623/tools/bin/../lib/gcc/arm-none-eabi/12.3.1/../../../../arm-none-eabi/lib/thumb/v7e-m+fp/hard\libc_nano.a(libc_a-malloc.o)
                              ./Middlewares/ST/STM32_USB_Host_Library/Class/CDC/Src/usbh_cdc.o (malloc)
C:/ST/STM32CubeIDE_1.16.1/STM32CubeIDE/plugins/com.st.stm32cube.ide.mcu.externaltools.gnu-tools-for-stm32.12.3.rel1.win32_1.0.200.202406191623/tools/bin/../lib/gcc/arm-none-eabi/12.3.1/../../../../arm-none-eabi/lib/thumb/v7e-m+fp/hard\libc_nano.a(libc_a-mallocr.o)
                              C:/ST/STM32CubeIDE_1.16.1/STM32CubeIDE/plugins/com.st.stm32cube.ide.mcu.externaltools.gnu-tools-for-stm32.12.3.rel1.win32_1.0.200.202406191623/tools/bin/../lib/gcc/arm-none-eabi/12.3.1/../../../../arm-none-eabi/lib/thumb/v7e-m+fp/hard\libc_nano.a(libc_a-malloc.o) (_malloc_r)
C:/ST/STM32CubeIDE_1.16.1/STM32CubeIDE/plugins/com.st.stm32cube.ide.mcu.externaltools.gnu-tools-for-stm32.12.3.rel1.win32_1.0.200.202406191623/tools/bin/../lib/gcc/arm-none-eabi/12.3.1/../../../../arm-none-eabi/lib/thumb/v7e-m+fp/hard\libc_nano.a(libc_a-mlock.o)
                              C:/ST/STM32CubeIDE_1.16.1/STM32CubeIDE/plugins/com.st.stm32cube.ide.mcu.externaltools.gnu-tools-for-stm32.12.3.rel1.win32_1.0.200.202406191623/tools/bin/../lib/gcc/arm-none-eabi/12.3.1/../../../../arm-none-eabi/lib/thumb/v7e-m+fp/hard\libc_nano.a(libc_a-mallocr.o) (__malloc_lock)
C:/ST/STM32CubeIDE_1.16.1/STM32CubeIDE/plugins/com.st.stm32cube.ide.mcu.externaltools.gnu-tools-for-stm32.12.3.rel1.win32_1.0.200.202406191623/tools/bin/../lib/gcc/arm-none-eabi/12.3.1/../../../../arm-none-eabi/lib/thumb/v7e-m+fp/hard\libc_nano.a(libc_a-nano-vfprintf_float.o)
                              (_printf_float)
C:/ST/STM32CubeIDE_1.16.1/STM32CubeIDE/plugins/com.st.stm32cube.ide.mcu.externaltools.gnu-tools-for-stm32.12.3.rel1.win32_1.0.200.202406191623/tools/bin/../lib/gcc/arm-none-eabi/12.3.1/../../../../arm-none-eabi/lib/thumb/v7e-m+fp/hard\libc_nano.a(libc_a-nano-vfprintf_i.o)
                              C:/ST/STM32CubeIDE_1.16.1/STM32CubeIDE/plugins/com.st.stm32cube.ide.mcu.externaltools.gnu-tools-for-stm32.12.3.rel1.win32_1.0.200.202406191623/tools/bin/../lib/gcc/arm-none-eabi/12.3.1/../../../../arm-none-eabi/lib/thumb/v7e-m+fp/hard\libc_nano.a(libc_a-nano-vfprintf_float.o) (_printf_common)
C:/ST/STM32CubeIDE_1.16.1/STM32CubeIDE/plugins/com.st.stm32cube.ide.mcu.externaltools.gnu-tools-for-stm32.12.3.rel1.win32_1.0.200.202406191623/tools/bin/../lib/gcc/arm-none-eabi/12.3.1/../../../../arm-none-eabi/lib/thumb/v7e-m+fp/hard\libc_nano.a(libc_a-findfp.o)
                              ./Middlewares/Third_Party/FreeRTOS/Source/tasks.o (__sf)
C:/ST/STM32CubeIDE_1.16.1/STM32CubeIDE/plugins/com.st.stm32cube.ide.mcu.externaltools.gnu-tools-for-stm32.12.3.rel1.win32_1.0.200.202406191623/tools/bin/../lib/gcc/arm-none-eabi/12.3.1/../../../../arm-none-eabi/lib/thumb/v7e-m+fp/hard\libc_nano.a(libc_a-fwalk.o)
                              C:/ST/STM32CubeIDE_1.16.1/STM32CubeIDE/plugins/com.st.stm32cube.ide.mcu.externaltools.gnu-tools-for-stm32.12.3.rel1.win32_1.0.200.202406191623/tools/bin/../lib/gcc/arm-none-eabi/12.3.1/../../../../arm-none-eabi/lib/thumb/v7e-m+fp/hard\libc_nano.a(libc_a-findfp.o) (_fwalk_sglue)
C:/ST/STM32CubeIDE_1.16.1/STM32CubeIDE/plugins/com.st.stm32cube.ide.mcu.externaltools.gnu-tools-for-stm32.12.3.rel1.win32_1.0.200.202406191623/tools/bin/../lib/gcc/arm-none-eabi/12.3.1/../../../../arm-none-eabi/lib/thumb/v7e-m+fp/hard\libc_nano.a(libc_a-sprintf.o)
                              ./Core/Src/main.o (sprintf)
C:/ST/STM32CubeIDE_1.16.1/STM32CubeIDE/plugins/com.st.stm32cube.ide.mcu.externaltools.gnu-tools-for-stm32.12.3.rel1.win32_1.0.200.202406191623/tools/bin/../lib/gcc/arm-none-eabi/12.3.1/../../../../arm-none-eabi/lib/thumb/v7e-m+fp/hard\libc_nano.a(libc_a-stdio.o)
                              C:/ST/STM32CubeIDE_1.16.1/STM32CubeIDE/plugins/com.st.stm32cube.ide.mcu.externaltools.gnu-tools-for-stm32.12.3.rel1.win32_1.0.200.202406191623/tools/bin/../lib/gcc/arm-none-eabi/12.3.1/../../../../arm-none-eabi/lib/thumb/v7e-m+fp/hard\libc_nano.a(libc_a-findfp.o) (__sread)
[...]
Memory Configuration

Name             Origin             Length             Attributes
CCMRAM           0x10000000         0x00010000         xrw
RAM              0x20000000         0x00020000         xrw
FLASH            0x08000000         0x00100000         xr
*default*        0x00000000         0xffffffff

Linker script and memory map

LOAD C:/ST/STM32CubeIDE_1.16.1/STM32CubeIDE/plugins/com.st.stm32cube.ide.mcu.externaltools.gnu-tools-for-stm32.12.3.rel1.win32_1.0.200.202406191623/tools/bin/../lib/gcc/arm-none-eabi/12.3.1/thumb/v7e-m+fp/hard/crti.o
LOAD C:/ST/STM32CubeIDE_1.16.1/STM32CubeIDE/plugins/com.st.stm32cube.ide.mcu.externaltools.gnu-tools-for-stm32.12.3.rel1.win32_1.0.200.202406191623/tools/bin/../lib/gcc/arm-none-eabi/12.3.1/thumb/v7e-m+fp/hard/crtbegin.o
LOAD C:/ST/STM32CubeIDE_1.16.1/STM32CubeIDE/plugins/com.st.stm32cube.ide.mcu.externaltools.gnu-tools-for-stm32.12.3.rel1.win32_1.0.200.202406191623/tools/bin/../lib/gcc/arm-none-eabi/12.3.1/../../../../arm-none-eabi/lib/thumb/v7e-m+fp/hard/crt0.o
LOAD ./Core/Src/freertos.o
LOAD ./Core/Src/main.o
LOAD ./Core/Src/stm32f4xx_hal_msp.o
LOAD ./Core/Src/stm32f4xx_hal_timebase_tim.o
LOAD ./Core/Src/stm32f4xx_it.o
LOAD ./Core/Src/syscalls.o
LOAD ./Core/Src/sysmem.o
LOAD ./Core/Src/system_stm32f4xx.o
LOAD ./Core/Startup/startup_stm32f407vgtx.o
LOAD ./Drivers/STM32F4xx_HAL_Driver/Src/stm32f4xx_hal.o
LOAD ./Drivers/STM32F4xx_HAL_Driver/Src/stm32f4xx_hal_cortex.o
LOAD ./Drivers/STM32F4xx_HAL_Driver/Src/stm32f4xx_hal_dma.o
LOAD ./Drivers/STM32F4xx_HAL_Driver/Src/stm32f4xx_hal_dma_ex.o
LOAD ./Drivers/STM32F4xx_HAL_Driver/Src/stm32f4xx_hal_exti.o
LOAD ./Drivers/STM32F4xx_HAL_Driver/Src/stm32f4xx_hal_flash.o
LOAD ./Drivers/STM32F4xx_HAL_Driver/Src/stm32f4xx_hal_flash_ex.o
LOAD ./Drivers/STM32F4xx_HAL_Driver/Src/stm32f4xx_hal_flash_ramfunc.o
LOAD ./Drivers/STM32F4xx_HAL_Driver/Src/stm32f4xx_hal_gpio.o
LOAD ./Drivers/STM32F4xx_HAL_Driver/Src/stm32f4xx_hal_hcd.o
LOAD ./Drivers/STM32F4xx_HAL_Driver/Src/stm32f4xx_hal_i2c.o
LOAD ./Drivers/STM32F4xx_HAL_Driver/Src/stm32f4xx_hal_i2c_ex.o
LOAD ./Drivers/STM32F4xx_HAL_Driver/Src/stm32f4xx_hal_i2s.o
LOAD ./Drivers/STM32F4xx_HAL_Driver/Src/stm32f4xx_hal_i2s_ex.o
LOAD ./Drivers/STM32F4xx_HAL_Driver/Src/stm32f4xx_hal_pwr.o
LOAD ./Drivers/STM32F4xx_HAL_Driver/Src/stm32f4xx_hal_pwr_ex.o
LOAD ./Drivers/STM32F4xx_HAL_Driver/Src/stm32f4xx_hal_rcc.o
LOAD ./Drivers/STM32F4xx_HAL_Driver/Src/stm32f4xx_hal_rcc_ex.o
LOAD ./Drivers/STM32F4xx_HAL_Driver/Src/stm32f4xx_hal_rng.o
LOAD ./Drivers/STM32F4xx_HAL_Driver/Src/stm32f4xx_hal_spi.o
LOAD ./Drivers/STM32F4xx_HAL_Driver/Src/stm32f4xx_hal_tim.o
LOAD ./Drivers/STM32F4xx_HAL_Driver/Src/stm32f4xx_hal_tim_ex.o
LOAD ./Drivers/STM32F4xx_HAL_Driver/Src/stm32f4xx_ll_usb.o
LOAD ./Middlewares/ST/STM32_USB_Host_Library/Class/CDC/Src/usbh_cdc.o
LOAD ./Middlewares/ST/STM32_USB_Host_Library/Core/Src/usbh_core.o
LOAD ./Middlewares/ST/STM32_USB_Host_Library/Core/Src/usbh_ctlreq.o
LOAD ./Middlewares/ST/STM32_USB_Host_Library/Core/Src/usbh_ioreq.o
LOAD ./Middlewares/ST/STM32_USB_Host_Library/Core/Src/usbh_pipes.o
LOAD ./Middlewares/Third_Party/FreeRTOS/Source/CMSIS_RTOS_V2/cmsis_os2.o
LOAD ./Middlewares/Third_Party/FreeRTOS/Source/croutine.o
LOAD ./Middlewares/Third_Party/FreeRTOS/Source/event_groups.o
LOAD ./Middlewares/Third_Party/FreeRTOS/Source/list.o
LOAD ./Middlewares/Third_Party/FreeRTOS/Source/queue.o
LOAD ./Middlewares/Third_Party/FreeRTOS/Source/stream_buffer.o
LOAD ./Middlewares/Third_Party/FreeRTOS/Source/tasks.o
LOAD ./Middlewares/Third_Party/FreeRTOS/Source/timers.o
LOAD ./Middlewares/Third_Party/FreeRTOS/Source/portable/GCC/ARM_CM4F/port.o
LOAD ./Middlewares/Third_Party/FreeRTOS/Source/portable/MemMang/heap_4.o
LOAD ./USB_HOST/App/usb_host.o
LOAD ./USB_HOST/Target/usbh_conf.o
LOAD ./USB_HOST/Target/usbh_platform.o
LOAD D:/daten/Informatik/repos/fah5625/Semester3/INTP/TestProject/Core/Src/display_simple.o
START GROUP
LOAD C:/ST/STM32CubeIDE_1.16.1/STM32CubeIDE/plugins/com.st.stm32cube.ide.mcu.externaltools.gnu-tools-for-stm32.12.3.rel1.win32_1.0.200.202406191623/tools/bin/../lib/gcc/arm-none-eabi/12.3.1/../../../../arm-none-eabi/lib/thumb/v7e-m+fp/hard\libc_nano.a
LOAD C:/ST/STM32CubeIDE_1.16.1/STM32CubeIDE/plugins/com.st.stm32cube.ide.mcu.externaltools.gnu-tools-for-stm32.12.3.rel1.win32_1.0.200.202406191623/tools/bin/../lib/gcc/arm-none-eabi/12.3.1/../../../../arm-none-eabi/lib/thumb/v7e-m+fp/hard\libm.a
END GROUP
START GROUP
LOAD C:/ST/STM32CubeIDE_1.16.1/STM32CubeIDE/plugins/com.st.stm32cube.ide.mcu.externaltools.gnu-tools-for-stm32.12.3.rel1.win32_1.0.200.202406191623/tools/bin/../lib/gcc/arm-none-eabi/12.3.1/thumb/v7e-m+fp/hard\libgcc.a
LOAD C:/ST/STM32CubeIDE_1.16.1/STM32CubeIDE/plugins/com.st.stm32cube.ide.mcu.externaltools.gnu-tools-for-stm32.12.3.rel1.win32_1.0.200.202406191623/tools/bin/../lib/gcc/arm-none-eabi/12.3.1/../../../../arm-none-eabi/lib/thumb/v7e-m+fp/hard\libc_nano.a
END GROUP
START GROUP
LOAD C:/ST/STM32CubeIDE_1.16.1/STM32CubeIDE/plugins/com.st.stm32cube.ide.mcu.externaltools.gnu-tools-for-stm32.12.3.rel1.win32_1.0.200.202406191623/tools/bin/../lib/gcc/arm-none-eabi/12.3.1/thumb/v7e-m+fp/hard\libgcc.a
LOAD C:/ST/STM32CubeIDE_1.16.1/STM32CubeIDE/plugins/com.st.stm32cube.ide.mcu.externaltools.gnu-tools-for-stm32.12.3.rel1.win32_1.0.200.202406191623/tools/bin/../lib/gcc/arm-none-eabi/12.3.1/../../../../arm-none-eabi/lib/thumb/v7e-m+fp/hard\libc_nano.a
LOAD C:/ST/STM32CubeIDE_1.16.1/STM32CubeIDE/plugins/com.st.stm32cube.ide.mcu.externaltools.gnu-tools-for-stm32.12.3.rel1.win32_1.0.200.202406191623/tools/bin/../lib/gcc/arm-none-eabi/12.3.1/../../../../arm-none-eabi/lib/thumb/v7e-m+fp/hard\libnosys.a
END GROUP
START GROUP
LOAD C:/ST/STM32CubeIDE_1.16.1/STM32CubeIDE/plugins/com.st.stm32cube.ide.mcu.externaltools.gnu-tools-for-stm32.12.3.rel1.win32_1.0.200.202406191623/tools/bin/../lib/gcc/arm-none-eabi/12.3.1/thumb/v7e-m+fp/hard\libgcc.a
LOAD C:/ST/STM32CubeIDE_1.16.1/STM32CubeIDE/plugins/com.st.stm32cube.ide.mcu.externaltools.gnu-tools-for-stm32.12.3.rel1.win32_1.0.200.202406191623/tools/bin/../lib/gcc/arm-none-eabi/12.3.1/../../../../arm-none-eabi/lib/thumb/v7e-m+fp/hard\libc_nano.a
LOAD C:/ST/STM32CubeIDE_1.16.1/STM32CubeIDE/plugins/com.st.stm32cube.ide.mcu.externaltools.gnu-tools-for-stm32.12.3.rel1.win32_1.0.200.202406191623/tools/bin/../lib/gcc/arm-none-eabi/12.3.1/../../../../arm-none-eabi/lib/thumb/v7e-m+fp/hard\libnosys.a
END GROUP
LOAD C:/ST/STM32CubeIDE_1.16.1/STM32CubeIDE/plugins/com.st.stm32cube.ide.mcu.externaltools.gnu-tools-for-stm32.12.3.rel1.win32_1.0.200.202406191623/tools/bin/../lib/gcc/arm-none-eabi/12.3.1/thumb/v7e-m+fp/hard/crtend.o
LOAD C:/ST/STM32CubeIDE_1.16.1/STM32CubeIDE/plugins/com.st.stm32cube.ide.mcu.externaltools.gnu-tools-for-stm32.12.3.rel1.win32_1.0.200.202406191623/tools/bin/../lib/gcc/arm-none-eabi/12.3.1/thumb/v7e-m+fp/hard/crtn.o
                0x20020000                        _estack = (ORIGIN (RAM) + LENGTH (RAM))
                0x00000200                        _Min_Heap_Size = 0x200
                0x00000400                        _Min_Stack_Size = 0x400

.isr_vector     0x08000000      0x188
                0x08000000                        . = ALIGN (0x4)
 *(.isr_vector)
 .isr_vector    0x08000000      0x188 ./Core/Startup/startup_stm32f407vgtx.o
                0x08000000                g_pfnVectors
                0x08000188                        . = ALIGN (0x4)

.text           0x08000190    0x10690
                0x08000190                        . = ALIGN (0x4)
 *(.text)
 .text          0x08000190       0x40 C:/ST/STM32CubeIDE_1.16.1/STM32CubeIDE/plugins/com.st.stm32cube.ide.mcu.externaltools.gnu-tools-for-stm32.12.3.rel1.win32_1.0.200.202406191623/tools/bin/../lib/gcc/arm-none-eabi/12.3.1/thumb/v7e-m+fp/hard/crtbegin.o
 .text          0x080001d0       0xa0 C:/ST/STM32CubeIDE_1.16.1/STM32CubeIDE/plugins/com.st.stm32cube.ide.mcu.externaltools.gnu-tools-for-stm32.12.3.rel1.win32_1.0.200.202406191623/tools/bin/../lib/gcc/arm-none-eabi/12.3.1/../../../../arm-none-eabi/lib/thumb/v7e-m+fp/hard\libc_nano.a(libc_a-memchr.o)
                0x080001d0                memchr
 .text          0x08000270       0x10 C:/ST/STM32CubeIDE_1.16.1/STM32CubeIDE/plugins/com.st.stm32cube.ide.mcu.externaltools.gnu-tools-for-stm32.12.3.rel1.win32_1.0.200.202406191623/tools/bin/../lib/gcc/arm-none-eabi/12.3.1/../../../../arm-none-eabi/lib/thumb/v7e-m+fp/hard\libc_nano.a(libc_a-strlen.o)
                0x08000270                strlen
 .text          0x08000280      0x378 C:/ST/STM32CubeIDE_1.16.1/STM32CubeIDE/plugins/com.st.stm32cube.ide.mcu.externaltools.gnu-tools-for-stm32.12.3.rel1.win32_1.0.200.202406191623/tools/bin/../lib/gcc/arm-none-eabi/12.3.1/thumb/v7e-m+fp/hard\libgcc.a(_arm_addsubdf3.o)
                0x08000280                __aeabi_drsub
                0x08000288                __aeabi_dsub
                0x08000288                __subdf3
                0x0800028c                __aeabi_dadd
                0x0800028c                __adddf3
                0x08000504                __floatunsidf
                0x08000504                __aeabi_ui2d
                0x08000524                __floatsidf
                0x08000524                __aeabi_i2d
                0x08000548                __aeabi_f2d
                0x08000548                __extendsfdf2
                0x0800058c                __floatundidf
                0x0800058c                __aeabi_ul2d
                0x0800059c                __floatdidf
                0x0800059c                __aeabi_l2d
 .text          0x080005f8      0x424 C:/ST/STM32CubeIDE_1.16.1/STM32CubeIDE/plugins/com.st.stm32cube.ide.mcu.externaltools.gnu-tools-for-stm32.12.3.rel1.win32_1.0.200.202406191623/tools/bin/../lib/gcc/arm-none-eabi/12.3.1/thumb/v7e-m+fp/hard\libgcc.a(_arm_muldivdf3.o)
                0x080005f8                __aeabi_dmul
                0x080005f8                __muldf3
                0x0800084c                __divdf3
                0x0800084c                __aeabi_ddiv
 .text          0x08000a1c      0x110 C:/ST/STM32CubeIDE_1.16.1/STM32CubeIDE/plugins/com.st.stm32cube.ide.mcu.externaltools.gnu-tools-for-stm32.12.3.rel1.win32_1.0.200.202406191623/tools/bin/../lib/gcc/arm-none-eabi/12.3.1/thumb/v7e-m+fp/hard\libgcc.a(_arm_cmpdf2.o)
                0x08000a1c                __gtdf2
                0x08000a1c                __gedf2
                0x08000a24                __ltdf2
                0x08000a24                __ledf2
                0x08000a2c                __nedf2
                0x08000a2c                __eqdf2
                0x08000a2c                __cmpdf2
                0x08000aa8                __aeabi_cdrcmple
                0x08000ab8                __aeabi_cdcmpeq
                0x08000ab8                __aeabi_cdcmple
                0x08000ac8                __aeabi_dcmpeq
                0x08000adc                __aeabi_dcmplt
                0x08000af0                __aeabi_dcmple
                0x08000b04                __aeabi_dcmpge
                0x08000b18                __aeabi_dcmpgt
 .text          0x08000b2c       0x2c C:/ST/STM32CubeIDE_1.16.1/STM32CubeIDE/plugins/com.st.stm32cube.ide.mcu.externaltools.gnu-tools-for-stm32.12.3.rel1.win32_1.0.200.202406191623/tools/bin/../lib/gcc/arm-none-eabi/12.3.1/thumb/v7e-m+fp/hard\libgcc.a(_arm_unorddf2.o)
                0x08000b2c                __unorddf2
                0x08000b2c                __aeabi_dcmpun
 .text          0x08000b58       0x50 C:/ST/STM32CubeIDE_1.16.1/STM32CubeIDE/plugins/com.st.stm32cube.ide.mcu.externaltools.gnu-tools-for-stm32.12.3.rel1.win32_1.0.200.202406191623/tools/bin/../lib/gcc/arm-none-eabi/12.3.1/thumb/v7e-m+fp/hard\libgcc.a(_arm_fixdfsi.o)
                0x08000b58                __aeabi_d2iz
                0x08000b58                __fixdfsi
 .text          0x08000ba8       0x30 C:/ST/STM32CubeIDE_1.16.1/STM32CubeIDE/plugins/com.st.stm32cube.ide.mcu.externaltools.gnu-tools-for-stm32.12.3.rel1.win32_1.0.200.202406191623/tools/bin/../lib/gcc/arm-none-eabi/12.3.1/thumb/v7e-m+fp/hard\libgcc.a(_aeabi_uldivmod.o)
                0x08000ba8                __aeabi_uldivmod
 .text          0x08000bd8      0x2bc C:/ST/STM32CubeIDE_1.16.1/STM32CubeIDE/plugins/com.st.stm32cube.ide.mcu.externaltools.gnu-tools-for-stm32.12.3.rel1.win32_1.0.200.202406191623/tools/bin/../lib/gcc/arm-none-eabi/12.3.1/thumb/v7e-m+fp/hard\libgcc.a(_udivmoddi4.o)
                0x08000bd8                __udivmoddi4
 .text          0x08000e94        0x4 C:/ST/STM32CubeIDE_1.16.1/STM32CubeIDE/plugins/com.st.stm32cube.ide.mcu.externaltools.gnu-tools-for-stm32.12.3.rel1.win32_1.0.200.202406191623/tools/bin/../lib/gcc/arm-none-eabi/12.3.1/thumb/v7e-m+fp/hard\libgcc.a(_dvmd_tls.o)
                0x08000e94                __aeabi_idiv0
                0x08000e94                __aeabi_ldiv0
 *(.text*)
 .text.main     0x08000e98       0xf0 ./Core/Src/main.o
                0x08000e98                main
 .text.SystemClock_Config
                0x08000f88       0xd4 ./Core/Src/main.o
                0x08000f88                SystemClock_Config
 .text.MX_I2C1_Init
                0x0800105c       0x5c ./Core/Src/main.o
 .text.MX_I2S3_Init
                0x080010b8       0x60 ./Core/Src/main.o
 .text.MX_RNG_Init
                0x08001118       0x28 ./Core/Src/main.o
 .text.MX_SPI1_Init
                0x08001140       0x6c ./Core/Src/main.o
 .text.MX_TIM7_Init
                0x080011ac       0x74 ./Core/Src/main.o
 .text.MX_GPIO_Init
                0x08001220      0x1fc ./Core/Src/main.o
 .text.StartDefaultTask
                0x0800141c       0x44 ./Core/Src/main.o
                0x0800141c                StartDefaultTask
 .text.StartProducer
                0x08001460       0xa4 ./Core/Src/main.o
                0x08001460                StartProducer
 .text.StartConsumer
                0x08001504       0x78 ./Core/Src/main.o
                0x08001504                StartConsumer
 .text.Callback01
                0x0800157c       0x14 ./Core/Src/main.o
                0x0800157c                Callback01
 .text.HAL_TIM_PeriodElapsedCallback
                0x08001590       0x24 ./Core/Src/main.o
                0x08001590                HAL_TIM_PeriodElapsedCallback
 .text.Error_Handler
                0x080015b4        0xc ./Core/Src/main.o
                0x080015b4                Error_Handler
 .text.HAL_MspInit
                0x080015c0       0x58 ./Core/Src/stm32f4xx_hal_msp.o
                0x080015c0                HAL_MspInit
 .text.HAL_I2C_MspInit
                0x08001618       0x90 ./Core/Src/stm32f4xx_hal_msp.o
                0x08001618                HAL_I2C_MspInit
 .text.HAL_I2S_MspInit
                0x080016a8      0x100 ./Core/Src/stm32f4xx_hal_msp.o
                0x080016a8                HAL_I2S_MspInit
 .text.HAL_RNG_MspInit
                0x080017a8       0x44 ./Core/Src/stm32f4xx_hal_msp.o
                0x080017a8                HAL_RNG_MspInit
 .text.HAL_SPI_MspInit
                0x080017ec       0x90 ./Core/Src/stm32f4xx_hal_msp.o
                0x080017ec                HAL_SPI_MspInit
 .text.HAL_TIM_Base_MspInit
                0x0800187c       0x50 ./Core/Src/stm32f4xx_hal_msp.o
                0x0800187c                HAL_TIM_Base_MspInit
 .text.HAL_InitTick
                0x080018cc       0xf8 ./Core/Src/stm32f4xx_hal_timebase_tim.o
                0x080018cc                HAL_InitTick
 .text.NMI_Handler
                0x080019c4        0x8 ./Core/Src/stm32f4xx_it.o
                0x080019c4                NMI_Handler
 .text.HardFault_Handler
                0x080019cc        0x8 ./Core/Src/stm32f4xx_it.o
                0x080019cc                HardFault_Handler
 .text.MemManage_Handler
                0x080019d4        0x8 ./Core/Src/stm32f4xx_it.o
                0x080019d4                MemManage_Handler
 .text.BusFault_Handler
                0x080019dc        0x8 ./Core/Src/stm32f4xx_it.o
                0x080019dc                BusFault_Handler
 .text.UsageFault_Handler
                0x080019e4        0x8 ./Core/Src/stm32f4xx_it.o
                0x080019e4                UsageFault_Handler
 .text.DebugMon_Handler
                0x080019ec        0xe ./Core/Src/stm32f4xx_it.o
                0x080019ec                DebugMon_Handler
 *fill*         0x080019fa        0x2 
 .text.TIM6_DAC_IRQHandler
                0x080019fc       0x14 ./Core/Src/stm32f4xx_it.o
                0x080019fc                TIM6_DAC_IRQHandler
 .text.TIM7_IRQHandler
                0x08001a10       0x14 ./Core/Src/stm32f4xx_it.o
                0x08001a10                TIM7_IRQHandler
 .text.OTG_FS_IRQHandler
                0x08001a24       0x14 ./Core/Src/stm32f4xx_it.o
                0x08001a24                OTG_FS_IRQHandler
 .text._getpid  0x08001a38       0x10 ./Core/Src/syscalls.o
                0x08001a38                _getpid
 .text._kill    0x08001a48       0x20 ./Core/Src/syscalls.o
                0x08001a48                _kill
 .text._exit    0x08001a68       0x16 ./Core/Src/syscalls.o
                0x08001a68                _exit
 .text._read    0x08001a7e       0x3a ./Core/Src/syscalls.o
                0x08001a7e                _read
 .text._write   0x08001ab8       0x38 ./Core/Src/syscalls.o
                0x08001ab8                _write
 .text._close   0x08001af0       0x18 ./Core/Src/syscalls.o
                0x08001af0                _close
 .text._fstat   0x08001b08       0x20 ./Core/Src/syscalls.o
                0x08001b08                _fstat
 .text._isatty  0x08001b28       0x16 ./Core/Src/syscalls.o
                0x08001b28                _isatty
 .text._lseek   0x08001b3e       0x1a ./Core/Src/syscalls.o
                0x08001b3e                _lseek
 .text._sbrk    0x08001b58       0x6c ./Core/Src/sysmem.o
                0x08001b58                _sbrk
 .text.SystemInit
                0x08001bc4       0x24 ./Core/Src/system_stm32f4xx.o
                0x08001bc4                SystemInit
 .text.Reset_Handler
                0x08001be8       0x50 ./Core/Startup/startup_stm32f407vgtx.o
                0x08001be8                Reset_Handler
 .text.Default_Handler
                0x08001c38        0x2 ./Core/Startup/startup_stm32f407vgtx.o
                0x08001c38                RTC_Alarm_IRQHandler
                0x08001c38                HASH_RNG_IRQHandler
                0x08001c38                EXTI2_IRQHandler
                0x08001c38                TIM8_CC_IRQHandler
                0x08001c38                TIM1_CC_IRQHandler
                0x08001c38                DMA2_Stream5_IRQHandler
                0x08001c38                DMA1_Stream5_IRQHandler
                0x08001c38                PVD_IRQHandler
                0x08001c38                SDIO_IRQHandler
                0x08001c38                TAMP_STAMP_IRQHandler
                0x08001c38                CAN2_RX1_IRQHandler
                0x08001c38                EXTI3_IRQHandler
                0x08001c38                TIM8_TRG_COM_TIM14_IRQHandler
                0x08001c38                TIM1_UP_TIM10_IRQHandler
                0x08001c38                TIM8_UP_TIM13_IRQHandler
                0x08001c38                I2C3_ER_IRQHandler
                0x08001c38                EXTI0_IRQHandler
                0x08001c38                I2C2_EV_IRQHandler
                0x08001c38                DMA1_Stream2_IRQHandler
                0x08001c38                CAN1_RX0_IRQHandler
                0x08001c38                FPU_IRQHandler
                0x08001c38                OTG_HS_WKUP_IRQHandler
                0x08001c38                CAN2_SCE_IRQHandler
                0x08001c38                DMA2_Stream2_IRQHandler
                0x08001c38                SPI1_IRQHandler
                0x08001c38                TIM1_BRK_TIM9_IRQHandler
                0x08001c38                DCMI_IRQHandler
                0x08001c38                CAN2_RX0_IRQHandler
                0x08001c38                DMA2_Stream3_IRQHandler
                0x08001c38                USART6_IRQHandler
                0x08001c38                USART3_IRQHandler
                0x08001c38                CAN1_RX1_IRQHandler
                0x08001c38                UART5_IRQHandler
                0x08001c38                DMA2_Stream0_IRQHandler
                0x08001c38                TIM4_IRQHandler
                0x08001c38                I2C1_EV_IRQHandler
                0x08001c38                DMA1_Stream6_IRQHandler
                0x08001c38                DMA1_Stream1_IRQHandler
                0x08001c38                UART4_IRQHandler
                0x08001c38                TIM3_IRQHandler
                0x08001c38                RCC_IRQHandler
                0x08001c38                TIM8_BRK_TIM12_IRQHandler
                0x08001c38                Default_Handler
                0x08001c38                EXTI15_10_IRQHandler
                0x08001c38                ADC_IRQHandler
                0x08001c38                DMA1_Stream7_IRQHandler
                0x08001c38                CAN2_TX_IRQHandler
                0x08001c38                TIM5_IRQHandler
                0x08001c38                DMA2_Stream7_IRQHandler
                0x08001c38                I2C3_EV_IRQHandler
                0x08001c38                EXTI9_5_IRQHandler
                0x08001c38                RTC_WKUP_IRQHandler
                0x08001c38                ETH_WKUP_IRQHandler
                0x08001c38                SPI2_IRQHandler
                0x08001c38                OTG_HS_EP1_IN_IRQHandler
                0x08001c38                DMA1_Stream0_IRQHandler
                0x08001c38                CAN1_TX_IRQHandler
                0x08001c38                EXTI4_IRQHandler
                0x08001c38                FSMC_IRQHandler
                0x08001c38                ETH_IRQHandler
                0x08001c38                OTG_HS_EP1_OUT_IRQHandler
                0x08001c38                WWDG_IRQHandler
                0x08001c38                TIM2_IRQHandler
                0x08001c38                OTG_FS_WKUP_IRQHandler
                0x08001c38                TIM1_TRG_COM_TIM11_IRQHandler
                0x08001c38                OTG_HS_IRQHandler
                0x08001c38                EXTI1_IRQHandler
                0x08001c38                USART2_IRQHandler
                0x08001c38                I2C2_ER_IRQHandler
                0x08001c38                DMA2_Stream1_IRQHandler
                0x08001c38                CAN1_SCE_IRQHandler
                0x08001c38                FLASH_IRQHandler
                0x08001c38                DMA2_Stream4_IRQHandler
                0x08001c38                USART1_IRQHandler
                0x08001c38                SPI3_IRQHandler
                0x08001c38                DMA1_Stream4_IRQHandler
                0x08001c38                I2C1_ER_IRQHandler
                0x08001c38                DMA2_Stream6_IRQHandler
                0x08001c38                DMA1_Stream3_IRQHandler
 *fill*         0x08001c3a        0x2 
 .text.HAL_Init
                0x08001c3c       0x44 ./Drivers/STM32F4xx_HAL_Driver/Src/stm32f4xx_hal.o
                0x08001c3c                HAL_Init
 .text.HAL_IncTick
                0x08001c80       0x28 ./Drivers/STM32F4xx_HAL_Driver/Src/stm32f4xx_hal.o
                0x08001c80                HAL_IncTick
 .text.HAL_GetTick
                0x08001ca8       0x18 ./Drivers/STM32F4xx_HAL_Driver/Src/stm32f4xx_hal.o
                0x08001ca8                HAL_GetTick
 .text.HAL_Delay
                0x08001cc0       0x48 ./Drivers/STM32F4xx_HAL_Driver/Src/stm32f4xx_hal.o
                0x08001cc0                HAL_Delay
 .text.__NVIC_SetPriorityGrouping
                0x08001d08       0x48 ./Drivers/STM32F4xx_HAL_Driver/Src/stm32f4xx_hal_cortex.o
 .text.__NVIC_GetPriorityGrouping
                0x08001d50       0x1c ./Drivers/STM32F4xx_HAL_Driver/Src/stm32f4xx_hal_cortex.o
 .text.__NVIC_EnableIRQ
                0x08001d6c       0x3c ./Drivers/STM32F4xx_HAL_Driver/Src/stm32f4xx_hal_cortex.o
 .text.__NVIC_SetPriority
                0x08001da8       0x54 ./Drivers/STM32F4xx_HAL_Driver/Src/stm32f4xx_hal_cortex.o
 .text.NVIC_EncodePriority
                0x08001dfc       0x66 ./Drivers/STM32F4xx_HAL_Driver/Src/stm32f4xx_hal_cortex.o
 .text.HAL_NVIC_SetPriorityGrouping
                0x08001e62       0x16 ./Drivers/STM32F4xx_HAL_Driver/Src/stm32f4xx_hal_cortex.o
                0x08001e62                HAL_NVIC_SetPriorityGrouping
 .text.HAL_NVIC_SetPriority
                0x08001e78       0x38 ./Drivers/STM32F4xx_HAL_Driver/Src/stm32f4xx_hal_cortex.o
                0x08001e78                HAL_NVIC_SetPriority
 .text.HAL_NVIC_EnableIRQ
                0x08001eb0       0x1c ./Drivers/STM32F4xx_HAL_Driver/Src/stm32f4xx_hal_cortex.o
                0x08001eb0                HAL_NVIC_EnableIRQ
 .text.HAL_GPIO_Init
                0x08001ecc      0x338 ./Drivers/STM32F4xx_HAL_Driver/Src/stm32f4xx_hal_gpio.o
                0x08001ecc                HAL_GPIO_Init
 .text.HAL_GPIO_ReadPin
                0x08002204       0x30 ./Drivers/STM32F4xx_HAL_Driver/Src/stm32f4xx_hal_gpio.o
                0x08002204                HAL_GPIO_ReadPin
 .text.HAL_GPIO_WritePin
                0x08002234       0x32 ./Drivers/STM32F4xx_HAL_Driver/Src/stm32f4xx_hal_gpio.o
                0x08002234                HAL_GPIO_WritePin
 .text.HAL_GPIO_TogglePin
                0x08002266       0x34 ./Drivers/STM32F4xx_HAL_Driver/Src/stm32f4xx_hal_gpio.o
                0x08002266                HAL_GPIO_TogglePin
 .text.HAL_HCD_Init
                0x0800229a       0xce ./Drivers/STM32F4xx_HAL_Driver/Src/stm32f4xx_hal_hcd.o
                0x0800229a                HAL_HCD_Init
 .text.HAL_HCD_HC_Init
                0x08002368      0x170 ./Drivers/STM32F4xx_HAL_Driver/Src/stm32f4xx_hal_hcd.o
                0x08002368                HAL_HCD_HC_Init
 .text.HAL_HCD_HC_Halt
                0x080024d8       0x46 ./Drivers/STM32F4xx_HAL_Driver/Src/stm32f4xx_hal_hcd.o
                0x080024d8                HAL_HCD_HC_Halt
 *fill*         0x0800251e        0x2 
 .text.HAL_HCD_HC_SubmitRequest
                0x08002520      0x33c ./Drivers/STM32F4xx_HAL_Driver/Src/stm32f4xx_hal_hcd.o
                0x08002520                HAL_HCD_HC_SubmitRequest
 .text.HAL_HCD_IRQHandler
                0x0800285c      0x220 ./Drivers/STM32F4xx_HAL_Driver/Src/stm32f4xx_hal_hcd.o
                0x0800285c                HAL_HCD_IRQHandler
 .text.HAL_HCD_Start
                0x08002a7c       0x46 ./Drivers/STM32F4xx_HAL_Driver/Src/stm32f4xx_hal_hcd.o
                0x08002a7c                HAL_HCD_Start
 .text.HAL_HCD_Stop
                0x08002ac2       0x3a ./Drivers/STM32F4xx_HAL_Driver/Src/stm32f4xx_hal_hcd.o
                0x08002ac2                HAL_HCD_Stop
 .text.HAL_HCD_ResetPort
                0x08002afc       0x1c ./Drivers/STM32F4xx_HAL_Driver/Src/stm32f4xx_hal_hcd.o
                0x08002afc                HAL_HCD_ResetPort
 .text.HAL_HCD_HC_GetURBState
                0x08002b18       0x2a ./Drivers/STM32F4xx_HAL_Driver/Src/stm32f4xx_hal_hcd.o
                0x08002b18                HAL_HCD_HC_GetURBState
 .text.HAL_HCD_HC_GetXferCount
                0x08002b42       0x2a ./Drivers/STM32F4xx_HAL_Driver/Src/stm32f4xx_hal_hcd.o
                0x08002b42                HAL_HCD_HC_GetXferCount
 .text.HAL_HCD_GetCurrentFrame
                0x08002b6c       0x1c ./Drivers/STM32F4xx_HAL_Driver/Src/stm32f4xx_hal_hcd.o
                0x08002b6c                HAL_HCD_GetCurrentFrame
 .text.HAL_HCD_GetCurrentSpeed
                0x08002b88       0x1c ./Drivers/STM32F4xx_HAL_Driver/Src/stm32f4xx_hal_hcd.o
                0x08002b88                HAL_HCD_GetCurrentSpeed
 .text.HAL_HCD_HC_ClearHubInfo
                0x08002ba4       0x6a ./Drivers/STM32F4xx_HAL_Driver/Src/stm32f4xx_hal_hcd.o
                0x08002ba4                HAL_HCD_HC_ClearHubInfo
 .text.HCD_HC_IN_IRQHandler
                0x08002c0e      0xcd2 ./Drivers/STM32F4xx_HAL_Driver/Src/stm32f4xx_hal_hcd.o
 .text.HCD_HC_OUT_IRQHandler
                0x080038e0      0x97e ./Drivers/STM32F4xx_HAL_Driver/Src/stm32f4xx_hal_hcd.o
 .text.HCD_RXQLVL_IRQHandler
                0x0800425e      0x1be ./Drivers/STM32F4xx_HAL_Driver/Src/stm32f4xx_hal_hcd.o
 .text.HCD_Port_IRQHandler
                0x0800441c       0xe6 ./Drivers/STM32F4xx_HAL_Driver/Src/stm32f4xx_hal_hcd.o
 *fill*         0x08004502        0x2 
 .text.HAL_I2C_Init
                0x08004504      0x288 ./Drivers/STM32F4xx_HAL_Driver/Src/stm32f4xx_hal_i2c.o
                0x08004504                HAL_I2C_Init
 .text.HAL_I2S_Init
                0x0800478c      0x280 ./Drivers/STM32F4xx_HAL_Driver/Src/stm32f4xx_hal_i2s.o
                0x0800478c                HAL_I2S_Init
 .text.HAL_I2S_TxCpltCallback
                0x08004a0c       0x14 ./Drivers/STM32F4xx_HAL_Driver/Src/stm32f4xx_hal_i2s.o
                0x08004a0c                HAL_I2S_TxCpltCallback
 .text.HAL_I2S_RxCpltCallback
                0x08004a20       0x14 ./Drivers/STM32F4xx_HAL_Driver/Src/stm32f4xx_hal_i2s.o
                0x08004a20                HAL_I2S_RxCpltCallback
 .text.HAL_I2S_ErrorCallback
                0x08004a34       0x14 ./Drivers/STM32F4xx_HAL_Driver/Src/stm32f4xx_hal_i2s.o
                0x08004a34                HAL_I2S_ErrorCallback
 .text.I2S_Transmit_IT
                0x08004a48       0x5c ./Drivers/STM32F4xx_HAL_Driver/Src/stm32f4xx_hal_i2s.o
 .text.I2S_Receive_IT
                0x08004aa4       0x5e ./Drivers/STM32F4xx_HAL_Driver/Src/stm32f4xx_hal_i2s.o
 .text.I2S_IRQHandler
                0x08004b02      0x114 ./Drivers/STM32F4xx_HAL_Driver/Src/stm32f4xx_hal_i2s.o
 *fill*         0x08004c16        0x2 
 .text.HAL_I2SEx_FullDuplex_IRQHandler
                0x08004c18      0x2a8 ./Drivers/STM32F4xx_HAL_Driver/Src/stm32f4xx_hal_i2s_ex.o
                0x08004c18                HAL_I2SEx_FullDuplex_IRQHandler
 .text.HAL_I2SEx_TxRxCpltCallback
                0x08004ec0       0x14 ./Drivers/STM32F4xx_HAL_Driver/Src/stm32f4xx_hal_i2s_ex.o
                0x08004ec0                HAL_I2SEx_TxRxCpltCallback
 .text.I2SEx_TxISR_I2S
                0x08004ed4       0x62 ./Drivers/STM32F4xx_HAL_Driver/Src/stm32f4xx_hal_i2s_ex.o
 *fill*         0x08004f36        0x2 
 .text.I2SEx_TxISR_I2SExt
                0x08004f38       0x98 ./Drivers/STM32F4xx_HAL_Driver/Src/stm32f4xx_hal_i2s_ex.o
 .text.I2SEx_RxISR_I2S
                0x08004fd0       0x64 ./Drivers/STM32F4xx_HAL_Driver/Src/stm32f4xx_hal_i2s_ex.o
 .text.I2SEx_RxISR_I2SExt
                0x08005034       0x98 ./Drivers/STM32F4xx_HAL_Driver/Src/stm32f4xx_hal_i2s_ex.o
 .text.HAL_RCC_OscConfig
                0x080050cc      0x4f0 ./Drivers/STM32F4xx_HAL_Driver/Src/stm32f4xx_hal_rcc.o
                0x080050cc                HAL_RCC_OscConfig
 .text.HAL_RCC_ClockConfig
                0x080055bc      0x1cc ./Drivers/STM32F4xx_HAL_Driver/Src/stm32f4xx_hal_rcc.o
                0x080055bc                HAL_RCC_ClockConfig
 .text.HAL_RCC_GetSysClockFreq
                0x08005788      0x20c ./Drivers/STM32F4xx_HAL_Driver/Src/stm32f4xx_hal_rcc.o
                0x08005788                HAL_RCC_GetSysClockFreq
 .text.HAL_RCC_GetHCLKFreq
                0x08005994       0x18 ./Drivers/STM32F4xx_HAL_Driver/Src/stm32f4xx_hal_rcc.o
                0x08005994                HAL_RCC_GetHCLKFreq
 .text.HAL_RCC_GetPCLK1Freq
                0x080059ac       0x28 ./Drivers/STM32F4xx_HAL_Driver/Src/stm32f4xx_hal_rcc.o
                0x080059ac                HAL_RCC_GetPCLK1Freq
 .text.HAL_RCC_GetClockConfig
                0x080059d4       0x64 ./Drivers/STM32F4xx_HAL_Driver/Src/stm32f4xx_hal_rcc.o
                0x080059d4                HAL_RCC_GetClockConfig
 .text.HAL_RCCEx_PeriphCLKConfig
                0x08005a38      0x1c4 ./Drivers/STM32F4xx_HAL_Driver/Src/stm32f4xx_hal_rcc_ex.o
                0x08005a38                HAL_RCCEx_PeriphCLKConfig
 .text.HAL_RCCEx_GetPeriphCLKFreq
                0x08005bfc       0xc0 ./Drivers/STM32F4xx_HAL_Driver/Src/stm32f4xx_hal_rcc_ex.o
                0x08005bfc                HAL_RCCEx_GetPeriphCLKFreq
 .text.HAL_RNG_Init
                0x08005cbc       0x54 ./Drivers/STM32F4xx_HAL_Driver/Src/stm32f4xx_hal_rng.o
                0x08005cbc                HAL_RNG_Init
 .text.HAL_RNG_GenerateRandomNumber
                0x08005d10       0xac ./Drivers/STM32F4xx_HAL_Driver/Src/stm32f4xx_hal_rng.o
                0x08005d10                HAL_RNG_GenerateRandomNumber
 .text.HAL_SPI_Init
                0x08005dbc      0x112 ./Drivers/STM32F4xx_HAL_Driver/Src/stm32f4xx_hal_spi.o
                0x08005dbc                HAL_SPI_Init
 .text.HAL_TIM_Base_Init
                0x08005ece       0x9e ./Drivers/STM32F4xx_HAL_Driver/Src/stm32f4xx_hal_tim.o
                0x08005ece                HAL_TIM_Base_Init
 .text.HAL_TIM_Base_Start_IT
                0x08005f6c       0xe0 ./Drivers/STM32F4xx_HAL_Driver/Src/stm32f4xx_hal_tim.o
                0x08005f6c                HAL_TIM_Base_Start_IT
 .text.HAL_TIM_IRQHandler
                0x0800604c      0x1e0 ./Drivers/STM32F4xx_HAL_Driver/Src/stm32f4xx_hal_tim.o
                0x0800604c                HAL_TIM_IRQHandler
 .text.HAL_TIM_OC_DelayElapsedCallback
                0x0800622c       0x14 ./Drivers/STM32F4xx_HAL_Driver/Src/stm32f4xx_hal_tim.o
                0x0800622c                HAL_TIM_OC_DelayElapsedCallback
 .text.HAL_TIM_IC_CaptureCallback
                0x08006240       0x14 ./Drivers/STM32F4xx_HAL_Driver/Src/stm32f4xx_hal_tim.o
                0x08006240                HAL_TIM_IC_CaptureCallback
 .text.HAL_TIM_PWM_PulseFinishedCallback
                0x08006254       0x14 ./Drivers/STM32F4xx_HAL_Driver/Src/stm32f4xx_hal_tim.o
                0x08006254                HAL_TIM_PWM_PulseFinishedCallback
 .text.HAL_TIM_TriggerCallback
                0x08006268       0x14 ./Drivers/STM32F4xx_HAL_Driver/Src/stm32f4xx_hal_tim.o
                0x08006268                HAL_TIM_TriggerCallback
 .text.TIM_Base_SetConfig
                0x0800627c      0x158 ./Drivers/STM32F4xx_HAL_Driver/Src/stm32f4xx_hal_tim.o
                0x0800627c                TIM_Base_SetConfig
 .text.HAL_TIMEx_MasterConfigSynchronization
                0x080063d4       0xf8 ./Drivers/STM32F4xx_HAL_Driver/Src/stm32f4xx_hal_tim_ex.o
                0x080063d4                HAL_TIMEx_MasterConfigSynchronization
 .text.HAL_TIMEx_CommutCallback
                0x080064cc       0x14 ./Drivers/STM32F4xx_HAL_Driver/Src/stm32f4xx_hal_tim_ex.o
                0x080064cc                HAL_TIMEx_CommutCallback
 .text.HAL_TIMEx_BreakCallback
                0x080064e0       0x14 ./Drivers/STM32F4xx_HAL_Driver/Src/stm32f4xx_hal_tim_ex.o
                0x080064e0                HAL_TIMEx_BreakCallback
 .text.USB_CoreInit
                0x080064f4       0xc8 ./Drivers/STM32F4xx_HAL_Driver/Src/stm32f4xx_ll_usb.o
                0x080064f4                USB_CoreInit
 .text.USB_EnableGlobalInt
                0x080065bc       0x22 ./Drivers/STM32F4xx_HAL_Driver/Src/stm32f4xx_ll_usb.o
                0x080065bc                USB_EnableGlobalInt
 .text.USB_DisableGlobalInt
                0x080065de       0x22 ./Drivers/STM32F4xx_HAL_Driver/Src/stm32f4xx_ll_usb.o
                0x080065de                USB_DisableGlobalInt
 .text.USB_SetCurrentMode
                0x08006600       0x98 ./Drivers/STM32F4xx_HAL_Driver/Src/stm32f4xx_ll_usb.o
                0x08006600                USB_SetCurrentMode
 .text.USB_FlushTxFifo
                0x08006698       0x64 ./Drivers/STM32F4xx_HAL_Driver/Src/stm32f4xx_ll_usb.o
                0x08006698                USB_FlushTxFifo
 .text.USB_FlushRxFifo
                0x080066fc       0x5c ./Drivers/STM32F4xx_HAL_Driver/Src/stm32f4xx_ll_usb.o
                0x080066fc                USB_FlushRxFifo
 .text.USB_WritePacket
                0x08006758       0x7c ./Drivers/STM32F4xx_HAL_Driver/Src/stm32f4xx_ll_usb.o
                0x08006758                USB_WritePacket
 .text.USB_ReadPacket
                0x080067d4       0xb0 ./Drivers/STM32F4xx_HAL_Driver/Src/stm32f4xx_ll_usb.o
                0x080067d4                USB_ReadPacket
 .text.USB_ReadInterrupts
                0x08006884       0x26 ./Drivers/STM32F4xx_HAL_Driver/Src/stm32f4xx_ll_usb.o
                0x08006884                USB_ReadInterrupts
 .text.USB_ReadChInterrupts
                0x080068aa       0x42 ./Drivers/STM32F4xx_HAL_Driver/Src/stm32f4xx_ll_usb.o
                0x080068aa                USB_ReadChInterrupts
 .text.USB_GetMode
                0x080068ec       0x1c ./Drivers/STM32F4xx_HAL_Driver/Src/stm32f4xx_ll_usb.o
                0x080068ec                USB_GetMode
 .text.USB_CoreReset
                0x08006908       0x62 ./Drivers/STM32F4xx_HAL_Driver/Src/stm32f4xx_ll_usb.o
 *fill*         0x0800696a        0x2 
 .text.USB_HostInit
                0x0800696c      0x188 ./Drivers/STM32F4xx_HAL_Driver/Src/stm32f4xx_ll_usb.o
                0x0800696c                USB_HostInit
 .text.USB_InitFSLSPClkSel
                0x08006af4       0x7a ./Drivers/STM32F4xx_HAL_Driver/Src/stm32f4xx_ll_usb.o
                0x08006af4                USB_InitFSLSPClkSel
 .text.USB_ResetPort
                0x08006b6e       0x54 ./Drivers/STM32F4xx_HAL_Driver/Src/stm32f4xx_ll_usb.o
                0x08006b6e                USB_ResetPort
 .text.USB_DriveVbus
                0x08006bc2       0x72 ./Drivers/STM32F4xx_HAL_Driver/Src/stm32f4xx_ll_usb.o
                0x08006bc2                USB_DriveVbus
 .text.USB_GetHostSpeed
                0x08006c34       0x2e ./Drivers/STM32F4xx_HAL_Driver/Src/stm32f4xx_ll_usb.o
                0x08006c34                USB_GetHostSpeed
 .text.USB_GetCurrentFrame
                0x08006c62       0x22 ./Drivers/STM32F4xx_HAL_Driver/Src/stm32f4xx_ll_usb.o
                0x08006c62                USB_GetCurrentFrame
 .text.USB_HC_Init
                0x08006c84      0x258 ./Drivers/STM32F4xx_HAL_Driver/Src/stm32f4xx_ll_usb.o
                0x08006c84                USB_HC_Init
 .text.USB_HC_StartXfer
                0x08006edc      0x4f4 ./Drivers/STM32F4xx_HAL_Driver/Src/stm32f4xx_ll_usb.o
                0x08006edc                USB_HC_StartXfer
 .text.USB_HC_ReadInterrupt
                0x080073d0       0x22 ./Drivers/STM32F4xx_HAL_Driver/Src/stm32f4xx_ll_usb.o
                0x080073d0                USB_HC_ReadInterrupt
 .text.USB_HC_Halt
                0x080073f2      0x240 ./Drivers/STM32F4xx_HAL_Driver/Src/stm32f4xx_ll_usb.o
                0x080073f2                USB_HC_Halt
 *fill*         0x08007632        0x2 
 .text.USB_DoPing
                0x08007634       0x78 ./Drivers/STM32F4xx_HAL_Driver/Src/stm32f4xx_ll_usb.o
                0x08007634                USB_DoPing
 .text.USB_StopHost
                0x080076ac      0x124 ./Drivers/STM32F4xx_HAL_Driver/Src/stm32f4xx_ll_usb.o
                0x080076ac                USB_StopHost
 .text.USBH_CDC_InterfaceInit
                0x080077d0      0x2ac ./Middlewares/ST/STM32_USB_Host_Library/Class/CDC/Src/usbh_cdc.o
 .text.USBH_CDC_InterfaceDeInit
                0x08007a7c       0xb2 ./Middlewares/ST/STM32_USB_Host_Library/Class/CDC/Src/usbh_cdc.o
 .text.USBH_CDC_ClassRequest
                0x08007b2e       0x3e ./Middlewares/ST/STM32_USB_Host_Library/Class/CDC/Src/usbh_cdc.o
 .text.USBH_CDC_Process
                0x08007b6c      0x12c ./Middlewares/ST/STM32_USB_Host_Library/Class/CDC/Src/usbh_cdc.o
 .text.USBH_CDC_SOFProcess
                0x08007c98       0x16 ./Middlewares/ST/STM32_USB_Host_Library/Class/CDC/Src/usbh_cdc.o
 .text.GetLineCoding
                0x08007cae       0x3e ./Middlewares/ST/STM32_USB_Host_Library/Class/CDC/Src/usbh_cdc.o
 .text.SetLineCoding
                0x08007cec       0x3e ./Middlewares/ST/STM32_USB_Host_Library/Class/CDC/Src/usbh_cdc.o
 .text.CDC_ProcessTransmission
                0x08007d2a      0x124 ./Middlewares/ST/STM32_USB_Host_Library/Class/CDC/Src/usbh_cdc.o
 .text.CDC_ProcessReception
                0x08007e4e       0xd2 ./Middlewares/ST/STM32_USB_Host_Library/Class/CDC/Src/usbh_cdc.o
 .text.USBH_CDC_TransmitCallback
                0x08007f20       0x14 ./Middlewares/ST/STM32_USB_Host_Library/Class/CDC/Src/usbh_cdc.o
                0x08007f20                USBH_CDC_TransmitCallback
 .text.USBH_CDC_ReceiveCallback
                0x08007f34       0x14 ./Middlewares/ST/STM32_USB_Host_Library/Class/CDC/Src/usbh_cdc.o
                0x08007f34                USBH_CDC_ReceiveCallback
 .text.USBH_CDC_LineCodingChanged
                0x08007f48       0x14 ./Middlewares/ST/STM32_USB_Host_Library/Class/CDC/Src/usbh_cdc.o
                0x08007f48                USBH_CDC_LineCodingChanged
 .text.USBH_Init
                0x08007f5c       0xb8 ./Middlewares/ST/STM32_USB_Host_Library/Core/Src/usbh_core.o
                0x08007f5c                USBH_Init
 .text.DeInitStateMachine
                0x08008014       0xe6 ./Middlewares/ST/STM32_USB_Host_Library/Core/Src/usbh_core.o
 .text.USBH_RegisterClass
                0x080080fa       0x54 ./Middlewares/ST/STM32_USB_Host_Library/Core/Src/usbh_core.o
                0x080080fa                USBH_RegisterClass
 .text.USBH_SelectInterface
                0x0800814e       0x38 ./Middlewares/ST/STM32_USB_Host_Library/Core/Src/usbh_core.o
                0x0800814e                USBH_SelectInterface
 .text.USBH_FindInterface
                0x08008186       0x8c ./Middlewares/ST/STM32_USB_Host_Library/Core/Src/usbh_core.o
                0x08008186                USBH_FindInterface
 .text.USBH_Start
                0x08008212       0x20 ./Middlewares/ST/STM32_USB_Host_Library/Core/Src/usbh_core.o
                0x08008212                USBH_Start
 *fill*         0x08008232        0x2 
 .text.USBH_Process
                0x08008234      0x4d4 ./Middlewares/ST/STM32_USB_Host_Library/Core/Src/usbh_core.o
                0x08008234                USBH_Process
 .text.USBH_HandleEnum
                0x08008708      0x450 ./Middlewares/ST/STM32_USB_Host_Library/Core/Src/usbh_core.o
 .text.USBH_LL_SetTimer
                0x08008b58       0x1e ./Middlewares/ST/STM32_USB_Host_Library/Core/Src/usbh_core.o
                0x08008b58                USBH_LL_SetTimer
 .text.USBH_LL_IncTimer
                0x08008b76       0x24 ./Middlewares/ST/STM32_USB_Host_Library/Core/Src/usbh_core.o
                0x08008b76                USBH_LL_IncTimer
 .text.USBH_HandleSof
                0x08008b9a       0x30 ./Middlewares/ST/STM32_USB_Host_Library/Core/Src/usbh_core.o
 .text.USBH_LL_PortEnabled
                0x08008bca       0x34 ./Middlewares/ST/STM32_USB_Host_Library/Core/Src/usbh_core.o
                0x08008bca                USBH_LL_PortEnabled
 .text.USBH_LL_PortDisabled
                0x08008bfe       0x1c ./Middlewares/ST/STM32_USB_Host_Library/Core/Src/usbh_core.o
                0x08008bfe                USBH_LL_PortDisabled
 .text.USBH_LL_Connect
                0x08008c1a       0x46 ./Middlewares/ST/STM32_USB_Host_Library/Core/Src/usbh_core.o
                0x08008c1a                USBH_LL_Connect
 .text.USBH_LL_Disconnect
                0x08008c60       0x64 ./Middlewares/ST/STM32_USB_Host_Library/Core/Src/usbh_core.o
                0x08008c60                USBH_LL_Disconnect
 .text.USBH_Process_OS
                0x08008cc4       0x2e ./Middlewares/ST/STM32_USB_Host_Library/Core/Src/usbh_core.o
 .text.USBH_LL_NotifyURBChange
                0x08008cf2       0x2e ./Middlewares/ST/STM32_USB_Host_Library/Core/Src/usbh_core.o
                0x08008cf2                USBH_LL_NotifyURBChange
 .text.USBH_Get_DevDesc
                0x08008d20       0x58 ./Middlewares/ST/STM32_USB_Host_Library/Core/Src/usbh_ctlreq.o
                0x08008d20                USBH_Get_DevDesc
 .text.USBH_Get_CfgDesc
                0x08008d78       0x54 ./Middlewares/ST/STM32_USB_Host_Library/Core/Src/usbh_ctlreq.o
                0x08008d78                USBH_Get_CfgDesc
 .text.USBH_Get_StringDesc
                0x08008dcc       0x68 ./Middlewares/ST/STM32_USB_Host_Library/Core/Src/usbh_ctlreq.o
                0x08008dcc                USBH_Get_StringDesc
 .text.USBH_GetDescriptor
                0x08008e34       0x6a ./Middlewares/ST/STM32_USB_Host_Library/Core/Src/usbh_ctlreq.o
                0x08008e34                USBH_GetDescriptor
 .text.USBH_SetAddress
                0x08008e9e       0x48 ./Middlewares/ST/STM32_USB_Host_Library/Core/Src/usbh_ctlreq.o
                0x08008e9e                USBH_SetAddress
 .text.USBH_SetCfg
                0x08008ee6       0x46 ./Middlewares/ST/STM32_USB_Host_Library/Core/Src/usbh_ctlreq.o
                0x08008ee6                USBH_SetCfg
 .text.USBH_SetFeature
                0x08008f2c       0x48 ./Middlewares/ST/STM32_USB_Host_Library/Core/Src/usbh_ctlreq.o
                0x08008f2c                USBH_SetFeature
 .text.USBH_ClrFeature
                0x08008f74       0x48 ./Middlewares/ST/STM32_USB_Host_Library/Core/Src/usbh_ctlreq.o
                0x08008f74                USBH_ClrFeature
 .text.USBH_ParseDevDesc
                0x08008fbc      0x160 ./Middlewares/ST/STM32_USB_Host_Library/Core/Src/usbh_ctlreq.o
 .text.USBH_ParseCfgDesc
                0x0800911c      0x1f0 ./Middlewares/ST/STM32_USB_Host_Library/Core/Src/usbh_ctlreq.o
 .text.USBH_ParseInterfaceDesc
                0x0800930c       0x68 ./Middlewares/ST/STM32_USB_Host_Library/Core/Src/usbh_ctlreq.o
 .text.USBH_ParseEPDesc
                0x08009374      0x1d0 ./Middlewares/ST/STM32_USB_Host_Library/Core/Src/usbh_ctlreq.o
 .text.USBH_ParseStringDesc
                0x08009544       0x66 ./Middlewares/ST/STM32_USB_Host_Library/Core/Src/usbh_ctlreq.o
 .text.USBH_GetNextDesc
                0x080095aa       0x34 ./Middlewares/ST/STM32_USB_Host_Library/Core/Src/usbh_ctlreq.o
                0x080095aa                USBH_GetNextDesc
 .text.USBH_CtlReq
                0x080095de       0xb2 ./Middlewares/ST/STM32_USB_Host_Library/Core/Src/usbh_ctlreq.o
                0x080095de                USBH_CtlReq
 .text.USBH_HandleControl
                0x08009690      0x490 ./Middlewares/ST/STM32_USB_Host_Library/Core/Src/usbh_ctlreq.o
 .text.USBH_CtlSendSetup
                0x08009b20       0x34 ./Middlewares/ST/STM32_USB_Host_Library/Core/Src/usbh_ioreq.o
                0x08009b20                USBH_CtlSendSetup
 .text.USBH_CtlSendData
                0x08009b54       0x4a ./Middlewares/ST/STM32_USB_Host_Library/Core/Src/usbh_ioreq.o
                0x08009b54                USBH_CtlSendData
 .text.USBH_CtlReceiveData
                0x08009b9e       0x3c ./Middlewares/ST/STM32_USB_Host_Library/Core/Src/usbh_ioreq.o
                0x08009b9e                USBH_CtlReceiveData
 .text.USBH_BulkSendData
                0x08009bda       0x4a ./Middlewares/ST/STM32_USB_Host_Library/Core/Src/usbh_ioreq.o
                0x08009bda                USBH_BulkSendData
 .text.USBH_BulkReceiveData
                0x08009c24       0x3c ./Middlewares/ST/STM32_USB_Host_Library/Core/Src/usbh_ioreq.o
                0x08009c24                USBH_BulkReceiveData
 .text.USBH_OpenPipe
                0x08009c60       0x3e ./Middlewares/ST/STM32_USB_Host_Library/Core/Src/usbh_pipes.o
                0x08009c60                USBH_OpenPipe
 .text.USBH_ClosePipe
                0x08009c9e       0x20 ./Middlewares/ST/STM32_USB_Host_Library/Core/Src/usbh_pipes.o
                0x08009c9e                USBH_ClosePipe
 .text.USBH_AllocPipe
                0x08009cbe       0x42 ./Middlewares/ST/STM32_USB_Host_Library/Core/Src/usbh_pipes.o
                0x08009cbe                USBH_AllocPipe
 .text.USBH_FreePipe
                0x08009d00       0x3c ./Middlewares/ST/STM32_USB_Host_Library/Core/Src/usbh_pipes.o
                0x08009d00                USBH_FreePipe
 .text.USBH_GetFreePipe
                0x08009d3c       0x48 ./Middlewares/ST/STM32_USB_Host_Library/Core/Src/usbh_pipes.o
 .text.__NVIC_SetPriority
                0x08009d84       0x54 ./Middlewares/Third_Party/FreeRTOS/Source/CMSIS_RTOS_V2/cmsis_os2.o
 .text.SysTick_Handler
                0x08009dd8       0x20 ./Middlewares/Third_Party/FreeRTOS/Source/CMSIS_RTOS_V2/cmsis_os2.o
                0x08009dd8                SysTick_Handler
 .text.SVC_Setup
                0x08009df8       0x12 ./Middlewares/Third_Party/FreeRTOS/Source/CMSIS_RTOS_V2/cmsis_os2.o
 *fill*         0x08009e0a        0x2 
 .text.osKernelInitialize
                0x08009e0c       0x48 ./Middlewares/Third_Party/FreeRTOS/Source/CMSIS_RTOS_V2/cmsis_os2.o
                0x08009e0c                osKernelInitialize
 .text.osKernelStart
                0x08009e54       0x4c ./Middlewares/Third_Party/FreeRTOS/Source/CMSIS_RTOS_V2/cmsis_os2.o
                0x08009e54                osKernelStart
 .text.osThreadNew
                0x08009ea0      0x124 ./Middlewares/Third_Party/FreeRTOS/Source/CMSIS_RTOS_V2/cmsis_os2.o
                0x08009ea0                osThreadNew
 .text.osDelay  0x08009fc4       0x36 ./Middlewares/Third_Party/FreeRTOS/Source/CMSIS_RTOS_V2/cmsis_os2.o
                0x08009fc4                osDelay
 .text.TimerCallback
                0x08009ffa       0x2a ./Middlewares/Third_Party/FreeRTOS/Source/CMSIS_RTOS_V2/cmsis_os2.o
 .text.osTimerNew
                0x0800a024       0xf8 ./Middlewares/Third_Party/FreeRTOS/Source/CMSIS_RTOS_V2/cmsis_os2.o
                0x0800a024                osTimerNew
 .text.osTimerStart
                0x0800a11c       0x5c ./Middlewares/Third_Party/FreeRTOS/Source/CMSIS_RTOS_V2/cmsis_os2.o
                0x0800a11c                osTimerStart
 .text.osMessageQueueNew
                0x0800a178       0xe6 ./Middlewares/Third_Party/FreeRTOS/Source/CMSIS_RTOS_V2/cmsis_os2.o
                0x0800a178                osMessageQueueNew
 *fill*         0x0800a25e        0x2 
 .text.osMessageQueuePut
                0x0800a260       0xc0 ./Middlewares/Third_Party/FreeRTOS/Source/CMSIS_RTOS_V2/cmsis_os2.o
                0x0800a260                osMessageQueuePut
 .text.osMessageQueueGet
                0x0800a320       0xbc ./Middlewares/Third_Party/FreeRTOS/Source/CMSIS_RTOS_V2/cmsis_os2.o
                0x0800a320                osMessageQueueGet
 .text.vApplicationGetIdleTaskMemory
                0x0800a3dc       0x34 ./Middlewares/Third_Party/FreeRTOS/Source/CMSIS_RTOS_V2/cmsis_os2.o
                0x0800a3dc                vApplicationGetIdleTaskMemory
 .text.vApplicationGetTimerTaskMemory
                0x0800a410       0x34 ./Middlewares/Third_Party/FreeRTOS/Source/CMSIS_RTOS_V2/cmsis_os2.o
                0x0800a410                vApplicationGetTimerTaskMemory
 .text.vListInitialise
                0x0800a444       0x40 ./Middlewares/Third_Party/FreeRTOS/Source/list.o
                0x0800a444                vListInitialise
 .text.vListInitialiseItem
                0x0800a484       0x1a ./Middlewares/Third_Party/FreeRTOS/Source/list.o
                0x0800a484                vListInitialiseItem
 .text.vListInsertEnd
                0x0800a49e       0x48 ./Middlewares/Third_Party/FreeRTOS/Source/list.o
                0x0800a49e                vListInsertEnd
 .text.vListInsert
                0x0800a4e6       0x72 ./Middlewares/Third_Party/FreeRTOS/Source/list.o
                0x0800a4e6                vListInsert
 .text.uxListRemove
                0x0800a558       0x54 ./Middlewares/Third_Party/FreeRTOS/Source/list.o
                0x0800a558                uxListRemove
 .text.xQueueGenericReset
                0x0800a5ac       0xd4 ./Middlewares/Third_Party/FreeRTOS/Source/queue.o
                0x0800a5ac                xQueueGenericReset
 .text.xQueueGenericCreateStatic
                0x0800a680       0xfa ./Middlewares/Third_Party/FreeRTOS/Source/queue.o
                0x0800a680                xQueueGenericCreateStatic
 .text.xQueueGenericCreate
                0x0800a77a       0x76 ./Middlewares/Third_Party/FreeRTOS/Source/queue.o
                0x0800a77a                xQueueGenericCreate
 .text.prvInitialiseNewQueue
                0x0800a7f0       0x46 ./Middlewares/Third_Party/FreeRTOS/Source/queue.o
 *fill*         0x0800a836        0x2 
 .text.xQueueGenericSend
                0x0800a838      0x204 ./Middlewares/Third_Party/FreeRTOS/Source/queue.o
                0x0800a838                xQueueGenericSend
 .text.xQueueGenericSendFromISR
                0x0800aa3c      0x13c ./Middlewares/Third_Party/FreeRTOS/Source/queue.o
                0x0800aa3c                xQueueGenericSendFromISR
 .text.xQueueReceive
                0x0800ab78      0x1c4 ./Middlewares/Third_Party/FreeRTOS/Source/queue.o
                0x0800ab78                xQueueReceive
 .text.xQueueReceiveFromISR
                0x0800ad3c      0x104 ./Middlewares/Third_Party/FreeRTOS/Source/queue.o
                0x0800ad3c                xQueueReceiveFromISR
 .text.prvCopyDataToQueue
                0x0800ae40       0xd4 ./Middlewares/Third_Party/FreeRTOS/Source/queue.o
 .text.prvCopyDataFromQueue
                0x0800af14       0x4c ./Middlewares/Third_Party/FreeRTOS/Source/queue.o
 .text.prvUnlockQueue
                0x0800af60       0xa4 ./Middlewares/Third_Party/FreeRTOS/Source/queue.o
 .text.prvIsQueueEmpty
                0x0800b004       0x2c ./Middlewares/Third_Party/FreeRTOS/Source/queue.o
 .text.prvIsQueueFull
                0x0800b030       0x30 ./Middlewares/Third_Party/FreeRTOS/Source/queue.o
 .text.vQueueAddToRegistry
                0x0800b060       0x54 ./Middlewares/Third_Party/FreeRTOS/Source/queue.o
                0x0800b060                vQueueAddToRegistry
 .text.vQueueWaitForMessageRestricted
                0x0800b0b4       0x68 ./Middlewares/Third_Party/FreeRTOS/Source/queue.o
                0x0800b0b4                vQueueWaitForMessageRestricted
 .text.xTaskCreateStatic
                0x0800b11c       0xc0 ./Middlewares/Third_Party/FreeRTOS/Source/tasks.o
                0x0800b11c                xTaskCreateStatic
 .text.xTaskCreate
                0x0800b1dc       0x8a ./Middlewares/Third_Party/FreeRTOS/Source/tasks.o
                0x0800b1dc                xTaskCreate
 *fill*         0x0800b266        0x2 
 .text.prvInitialiseNewTask
                0x0800b268      0x150 ./Middlewares/Third_Party/FreeRTOS/Source/tasks.o
 .text.prvAddNewTaskToReadyList
                0x0800b3b8       0xe0 ./Middlewares/Third_Party/FreeRTOS/Source/tasks.o
 .text.vTaskDelay
                0x0800b498       0x6c ./Middlewares/Third_Party/FreeRTOS/Source/tasks.o
                0x0800b498                vTaskDelay
 .text.vTaskStartScheduler
                0x0800b504       0xe0 ./Middlewares/Third_Party/FreeRTOS/Source/tasks.o
                0x0800b504                vTaskStartScheduler
 .text.vTaskSuspendAll
                0x0800b5e4       0x1c ./Middlewares/Third_Party/FreeRTOS/Source/tasks.o
                0x0800b5e4                vTaskSuspendAll
 .text.xTaskResumeAll
                0x0800b600      0x13c ./Middlewares/Third_Party/FreeRTOS/Source/tasks.o
                0x0800b600                xTaskResumeAll
 .text.xTaskGetTickCount
                0x0800b73c       0x20 ./Middlewares/Third_Party/FreeRTOS/Source/tasks.o
                0x0800b73c                xTaskGetTickCount
 .text.xTaskIncrementTick
                0x0800b75c      0x174 ./Middlewares/Third_Party/FreeRTOS/Source/tasks.o
                0x0800b75c                xTaskIncrementTick
 .text.vTaskSwitchContext
                0x0800b8d0       0xcc ./Middlewares/Third_Party/FreeRTOS/Source/tasks.o
                0x0800b8d0                vTaskSwitchContext
 .text.vTaskPlaceOnEventList
                0x0800b99c       0x4c ./Middlewares/Third_Party/FreeRTOS/Source/tasks.o
                0x0800b99c                vTaskPlaceOnEventList
 .text.vTaskPlaceOnEventListRestricted
                0x0800b9e8       0x58 ./Middlewares/Third_Party/FreeRTOS/Source/tasks.o
                0x0800b9e8                vTaskPlaceOnEventListRestricted
 .text.xTaskRemoveFromEventList
                0x0800ba40       0xc8 ./Middlewares/Third_Party/FreeRTOS/Source/tasks.o
                0x0800ba40                xTaskRemoveFromEventList
 .text.vTaskInternalSetTimeOutState
                0x0800bb08       0x2c ./Middlewares/Third_Party/FreeRTOS/Source/tasks.o
                0x0800bb08                vTaskInternalSetTimeOutState
 .text.xTaskCheckForTimeOut
                0x0800bb34       0xc8 ./Middlewares/Third_Party/FreeRTOS/Source/tasks.o
                0x0800bb34                xTaskCheckForTimeOut
 .text.vTaskMissedYield
                0x0800bbfc       0x18 ./Middlewares/Third_Party/FreeRTOS/Source/tasks.o
                0x0800bbfc                vTaskMissedYield
 .text.prvIdleTask
                0x0800bc14       0x30 ./Middlewares/Third_Party/FreeRTOS/Source/tasks.o
 .text.prvInitialiseTaskLists
                0x0800bc44       0x80 ./Middlewares/Third_Party/FreeRTOS/Source/tasks.o
 .text.prvCheckTasksWaitingTermination
                0x0800bcc4       0x5c ./Middlewares/Third_Party/FreeRTOS/Source/tasks.o
 .text.prvDeleteTCB
                0x0800bd20       0x6a ./Middlewares/Third_Party/FreeRTOS/Source/tasks.o
 *fill*         0x0800bd8a        0x2 
 .text.prvResetNextTaskUnblockTime
                0x0800bd8c       0x40 ./Middlewares/Third_Party/FreeRTOS/Source/tasks.o
 .text.xTaskGetSchedulerState
                0x0800bdcc       0x3c ./Middlewares/Third_Party/FreeRTOS/Source/tasks.o
                0x0800bdcc                xTaskGetSchedulerState
 .text.xTaskPriorityDisinherit
                0x0800be08       0xe0 ./Middlewares/Third_Party/FreeRTOS/Source/tasks.o
                0x0800be08                xTaskPriorityDisinherit
 .text.prvAddCurrentTaskToDelayedList
                0x0800bee8       0xa8 ./Middlewares/Third_Party/FreeRTOS/Source/tasks.o
 .text.xTimerCreateTimerTask
                0x0800bf90       0x94 ./Middlewares/Third_Party/FreeRTOS/Source/timers.o
                0x0800bf90                xTimerCreateTimerTask
 .text.xTimerCreate
                0x0800c024       0x42 ./Middlewares/Third_Party/FreeRTOS/Source/timers.o
                0x0800c024                xTimerCreate
 .text.xTimerCreateStatic
                0x0800c066       0x80 ./Middlewares/Third_Party/FreeRTOS/Source/timers.o
                0x0800c066                xTimerCreateStatic
 .text.prvInitialiseNewTimer
                0x0800c0e6       0x78 ./Middlewares/Third_Party/FreeRTOS/Source/timers.o
 *fill*         0x0800c15e        0x2 
 .text.xTimerGenericCommand
                0x0800c160       0x9c ./Middlewares/Third_Party/FreeRTOS/Source/timers.o
                0x0800c160                xTimerGenericCommand
 .text.prvProcessExpiredTimer
                0x0800c1fc       0x9c ./Middlewares/Third_Party/FreeRTOS/Source/timers.o
 .text.prvTimerTask
                0x0800c298       0x26 ./Middlewares/Third_Party/FreeRTOS/Source/timers.o
 *fill*         0x0800c2be        0x2 
 .text.prvProcessTimerOrBlockTask
                0x0800c2c0       0x9c ./Middlewares/Third_Party/FreeRTOS/Source/timers.o
 .text.prvGetNextExpireTime
                0x0800c35c       0x48 ./Middlewares/Third_Party/FreeRTOS/Source/timers.o
 .text.prvSampleTimeNow
                0x0800c3a4       0x40 ./Middlewares/Third_Party/FreeRTOS/Source/timers.o
 .text.prvInsertTimerInActiveList
                0x0800c3e4       0x84 ./Middlewares/Third_Party/FreeRTOS/Source/timers.o
 .text.prvProcessReceivedCommands
                0x0800c468      0x1cc ./Middlewares/Third_Party/FreeRTOS/Source/timers.o
 .text.prvSwitchTimerLists
                0x0800c634       0xcc ./Middlewares/Third_Party/FreeRTOS/Source/timers.o
 .text.prvCheckForValidListAndQueue
                0x0800c700       0x80 ./Middlewares/Third_Party/FreeRTOS/Source/timers.o
 .text.pvTimerGetTimerID
                0x0800c780       0x42 ./Middlewares/Third_Party/FreeRTOS/Source/timers.o
                0x0800c780                pvTimerGetTimerID
 *fill*         0x0800c7c2        0x2 
 .text.pxPortInitialiseStack
                0x0800c7c4       0x68 ./Middlewares/Third_Party/FreeRTOS/Source/portable/GCC/ARM_CM4F/port.o
                0x0800c7c4                pxPortInitialiseStack
 .text.prvTaskExitError
                0x0800c82c       0x5c ./Middlewares/Third_Party/FreeRTOS/Source/portable/GCC/ARM_CM4F/port.o
 *fill*         0x0800c888        0x8 
 .text.SVC_Handler
                0x0800c890       0x28 ./Middlewares/Third_Party/FreeRTOS/Source/portable/GCC/ARM_CM4F/port.o
                0x0800c890                SVC_Handler
 .text.prvPortStartFirstTask
                0x0800c8b8       0x28 ./Middlewares/Third_Party/FreeRTOS/Source/portable/GCC/ARM_CM4F/port.o
 .text.xPortStartScheduler
                0x0800c8e0      0x148 ./Middlewares/Third_Party/FreeRTOS/Source/portable/GCC/ARM_CM4F/port.o
                0x0800c8e0                xPortStartScheduler
 .text.vPortEnterCritical
                0x0800ca28       0x64 ./Middlewares/Third_Party/FreeRTOS/Source/portable/GCC/ARM_CM4F/port.o
                0x0800ca28                vPortEnterCritical
 .text.vPortExitCritical
                0x0800ca8c       0x54 ./Middlewares/Third_Party/FreeRTOS/Source/portable/GCC/ARM_CM4F/port.o
                0x0800ca8c                vPortExitCritical
 .text.PendSV_Handler
                0x0800cae0       0x68 ./Middlewares/Third_Party/FreeRTOS/Source/portable/GCC/ARM_CM4F/port.o
                0x0800cae0                PendSV_Handler
 .text.xPortSysTickHandler
                0x0800cb48       0x44 ./Middlewares/Third_Party/FreeRTOS/Source/portable/GCC/ARM_CM4F/port.o
                0x0800cb48                xPortSysTickHandler
 .text.vPortSetupTimerInterrupt
                0x0800cb8c       0x48 ./Middlewares/Third_Party/FreeRTOS/Source/portable/GCC/ARM_CM4F/port.o
                0x0800cb8c                vPortSetupTimerInterrupt
 .text.vPortEnableVFP
                0x0800cbd4       0x14 ./Middlewares/Third_Party/FreeRTOS/Source/portable/GCC/ARM_CM4F/port.o
 .text.vPortValidateInterruptPriority
                0x0800cbe8       0x84 ./Middlewares/Third_Party/FreeRTOS/Source/portable/GCC/ARM_CM4F/port.o
                0x0800cbe8                vPortValidateInterruptPriority
 .text.pvPortMalloc
                0x0800cc6c      0x19c ./Middlewares/Third_Party/FreeRTOS/Source/portable/MemMang/heap_4.o
                0x0800cc6c                pvPortMalloc
 .text.vPortFree
                0x0800ce08       0xc8 ./Middlewares/Third_Party/FreeRTOS/Source/portable/MemMang/heap_4.o
                0x0800ce08                vPortFree
 .text.prvHeapInit
                0x0800ced0       0xc4 ./Middlewares/Third_Party/FreeRTOS/Source/portable/MemMang/heap_4.o
 .text.prvInsertBlockIntoFreeList
                0x0800cf94       0xb4 ./Middlewares/Third_Party/FreeRTOS/Source/portable/MemMang/heap_4.o
 .text.MX_USB_HOST_Init
                0x0800d048       0x4c ./USB_HOST/App/usb_host.o
                0x0800d048                MX_USB_HOST_Init
 .text.USBH_UserProcess
                0x0800d094       0x5c ./USB_HOST/App/usb_host.o
 .text.HAL_HCD_MspInit
                0x0800d0f0       0xc4 ./USB_HOST/Target/usbh_conf.o
                0x0800d0f0                HAL_HCD_MspInit
 .text.HAL_HCD_SOF_Callback
                0x0800d1b4       0x1c ./USB_HOST/Target/usbh_conf.o
                0x0800d1b4                HAL_HCD_SOF_Callback
 .text.HAL_HCD_Connect_Callback
                0x0800d1d0       0x1c ./USB_HOST/Target/usbh_conf.o
                0x0800d1d0                HAL_HCD_Connect_Callback
 .text.HAL_HCD_Disconnect_Callback
                0x0800d1ec       0x1c ./USB_HOST/Target/usbh_conf.o
                0x0800d1ec                HAL_HCD_Disconnect_Callback
 .text.HAL_HCD_HC_NotifyURBChange_Callback
                0x0800d208       0x24 ./USB_HOST/Target/usbh_conf.o
                0x0800d208                HAL_HCD_HC_NotifyURBChange_Callback
 .text.HAL_HCD_PortEnabled_Callback
                0x0800d22c       0x1c ./USB_HOST/Target/usbh_conf.o
                0x0800d22c                HAL_HCD_PortEnabled_Callback
 .text.HAL_HCD_PortDisabled_Callback
                0x0800d248       0x1c ./USB_HOST/Target/usbh_conf.o
                0x0800d248                HAL_HCD_PortDisabled_Callback
 .text.USBH_LL_Init
                0x0800d264       0x78 ./USB_HOST/Target/usbh_conf.o
                0x0800d264                USBH_LL_Init
 .text.USBH_LL_Start
                0x0800d2dc       0x36 ./USB_HOST/Target/usbh_conf.o
                0x0800d2dc                USBH_LL_Start
 .text.USBH_LL_Stop
                0x0800d312       0x36 ./USB_HOST/Target/usbh_conf.o
                0x0800d312                USBH_LL_Stop
 .text.USBH_LL_GetSpeed
                0x0800d348       0x4e ./USB_HOST/Target/usbh_conf.o
                0x0800d348                USBH_LL_GetSpeed
 .text.USBH_LL_ResetPort
                0x0800d396       0x36 ./USB_HOST/Target/usbh_conf.o
                0x0800d396                USBH_LL_ResetPort
 .text.USBH_LL_GetLastXferSize
                0x0800d3cc       0x26 ./USB_HOST/Target/usbh_conf.o
                0x0800d3cc                USBH_LL_GetLastXferSize
 .text.USBH_LL_OpenPipe
                0x0800d3f2       0x5e ./USB_HOST/Target/usbh_conf.o
                0x0800d3f2                USBH_LL_OpenPipe
 .text.USBH_LL_ClosePipe
                0x0800d450       0x3e ./USB_HOST/Target/usbh_conf.o
                0x0800d450                USBH_LL_ClosePipe
 .text.USBH_LL_SubmitURB
                0x0800d48e       0x62 ./USB_HOST/Target/usbh_conf.o
                0x0800d48e                USBH_LL_SubmitURB
 .text.USBH_LL_GetURBState
                0x0800d4f0       0x26 ./USB_HOST/Target/usbh_conf.o
                0x0800d4f0                USBH_LL_GetURBState
 .text.USBH_LL_DriverVBUS
                0x0800d516       0x2e ./USB_HOST/Target/usbh_conf.o
                0x0800d516                USBH_LL_DriverVBUS
 .text.USBH_LL_SetToggle
                0x0800d544       0x66 ./USB_HOST/Target/usbh_conf.o
                0x0800d544                USBH_LL_SetToggle
 .text.USBH_Delay
                0x0800d5aa       0x16 ./USB_HOST/Target/usbh_conf.o
                0x0800d5aa                USBH_Delay
 .text.USBH_Get_USB_Status
                0x0800d5c0       0x58 ./USB_HOST/Target/usbh_conf.o
                0x0800d5c0                USBH_Get_USB_Status
 .text.MX_DriverVbusFS
                0x0800d618       0x38 ./USB_HOST/Target/usbh_platform.o
                0x0800d618                MX_DriverVbusFS
 .text.wait_us  0x0800d650       0x44 D:/daten/Informatik/repos/fah5625/Semester3/INTP/TestProject/Core/Src/display_simple.o
                0x0800d650                wait_us
 .text.LCD_Output16BitWord
                0x0800d694       0x74 D:/daten/Informatik/repos/fah5625/Semester3/INTP/TestProject/Core/Src/display_simple.o
                0x0800d694                LCD_Output16BitWord
 .text.LCD_WriteWord
                0x0800d708       0x50 D:/daten/Informatik/repos/fah5625/Semester3/INTP/TestProject/Core/Src/display_simple.o
                0x0800d708                LCD_WriteWord
 .text.LCD_WriteReg
                0x0800d758       0x2e D:/daten/Informatik/repos/fah5625/Semester3/INTP/TestProject/Core/Src/display_simple.o
                0x0800d758                LCD_WriteReg
 *fill*         0x0800d786        0x2 
 .text.LCD_Init
                0x0800d788      0x17c D:/daten/Informatik/repos/fah5625/Semester3/INTP/TestProject/Core/Src/display_simple.o
                0x0800d788                LCD_Init
 .text.LCD_SetCursor
                0x0800d904       0x2c D:/daten/Informatik/repos/fah5625/Semester3/INTP/TestProject/Core/Src/display_simple.o
                0x0800d904                LCD_SetCursor
 .text.LCD_DrawPixel
                0x0800d930       0x1c D:/daten/Informatik/repos/fah5625/Semester3/INTP/TestProject/Core/Src/display_simple.o
                0x0800d930                LCD_DrawPixel
 .text.LCD_ClearDisplay
                0x0800d94c       0x30 D:/daten/Informatik/repos/fah5625/Semester3/INTP/TestProject/Core/Src/display_simple.o
                0x0800d94c                LCD_ClearDisplay
 .text.LCD_WriteLetter
                0x0800d97c       0xec D:/daten/Informatik/repos/fah5625/Semester3/INTP/TestProject/Core/Src/display_simple.o
                0x0800d97c                LCD_WriteLetter
 .text.LCD_WriteString
                0x0800da68       0x58 D:/daten/Informatik/repos/fah5625/Semester3/INTP/TestProject/Core/Src/display_simple.o
                0x0800da68                LCD_WriteString
 .text.malloc   0x0800dac0       0x10 C:/ST/STM32CubeIDE_1.16.1/STM32CubeIDE/plugins/com.st.stm32cube.ide.mcu.externaltools.gnu-tools-for-stm32.12.3.rel1.win32_1.0.200.202406191623/tools/bin/../lib/gcc/arm-none-eabi/12.3.1/../../../../arm-none-eabi/lib/thumb/v7e-m+fp/hard\libc_nano.a(libc_a-malloc.o)
                0x0800dac0                malloc
 .text.free     0x0800dad0       0x10 C:/ST/STM32CubeIDE_1.16.1/STM32CubeIDE/plugins/com.st.stm32cube.ide.mcu.externaltools.gnu-tools-for-stm32.12.3.rel1.win32_1.0.200.202406191623/tools/bin/../lib/gcc/arm-none-eabi/12.3.1/../../../../arm-none-eabi/lib/thumb/v7e-m+fp/hard\libc_nano.a(libc_a-malloc.o)
                0x0800dad0                free
 .text.sbrk_aligned
                0x0800dae0       0x44 C:/ST/STM32CubeIDE_1.16.1/STM32CubeIDE/plugins/com.st.stm32cube.ide.mcu.externaltools.gnu-tools-for-stm32.12.3.rel1.win32_1.0.200.202406191623/tools/bin/../lib/gcc/arm-none-eabi/12.3.1/../../../../arm-none-eabi/lib/thumb/v7e-m+fp/hard\libc_nano.a(libc_a-mallocr.o)
 .text._malloc_r
                0x0800db24      0x100 C:/ST/STM32CubeIDE_1.16.1/STM32CubeIDE/plugins/com.st.stm32cube.ide.mcu.externaltools.gnu-tools-for-stm32.12.3.rel1.win32_1.0.200.202406191623/tools/bin/../lib/gcc/arm-none-eabi/12.3.1/../../../../arm-none-eabi/lib/thumb/v7e-m+fp/hard\libc_nano.a(libc_a-mallocr.o)
                0x0800db24                _malloc_r
 .text.__malloc_lock
                0x0800dc24        0xc C:/ST/STM32CubeIDE_1.16.1/STM32CubeIDE/plugins/com.st.stm32cube.ide.mcu.externaltools.gnu-tools-for-stm32.12.3.rel1.win32_1.0.200.202406191623/tools/bin/../lib/gcc/arm-none-eabi/12.3.1/../../../../arm-none-eabi/lib/thumb/v7e-m+fp/hard\libc_nano.a(libc_a-mlock.o)
                0x0800dc24                __malloc_lock
 .text.__malloc_unlock
                0x0800dc30        0xc C:/ST/STM32CubeIDE_1.16.1/STM32CubeIDE/plugins/com.st.stm32cube.ide.mcu.externaltools.gnu-tools-for-stm32.12.3.rel1.win32_1.0.200.202406191623/tools/bin/../lib/gcc/arm-none-eabi/12.3.1/../../../../arm-none-eabi/lib/thumb/v7e-m+fp/hard\libc_nano.a(libc_a-mlock.o)
                0x0800dc30                __malloc_unlock
 .text.__cvt    0x0800dc3c       0xca C:/ST/STM32CubeIDE_1.16.1/STM32CubeIDE/plugins/com.st.stm32cube.ide.mcu.externaltools.gnu-tools-for-stm32.12.3.rel1.win32_1.0.200.202406191623/tools/bin/../lib/gcc/arm-none-eabi/12.3.1/../../../../arm-none-eabi/lib/thumb/v7e-m+fp/hard\libc_nano.a(libc_a-nano-vfprintf_float.o)
                0x0800dc3c                __cvt
 .text.__exponent
                0x0800dd06       0x74 C:/ST/STM32CubeIDE_1.16.1/STM32CubeIDE/plugins/com.st.stm32cube.ide.mcu.externaltools.gnu-tools-for-stm32.12.3.rel1.win32_1.0.200.202406191623/tools/bin/../lib/gcc/arm-none-eabi/12.3.1/../../../../arm-none-eabi/lib/thumb/v7e-m+fp/hard\libc_nano.a(libc_a-nano-vfprintf_float.o)
                0x0800dd06                __exponent
 *fill*         0x0800dd7a        0x2 
 .text._printf_float
                0x0800dd7c      0x454 C:/ST/STM32CubeIDE_1.16.1/STM32CubeIDE/plugins/com.st.stm32cube.ide.mcu.externaltools.gnu-tools-for-stm32.12.3.rel1.win32_1.0.200.202406191623/tools/bin/../lib/gcc/arm-none-eabi/12.3.1/../../../../arm-none-eabi/lib/thumb/v7e-m+fp/hard\libc_nano.a(libc_a-nano-vfprintf_float.o)
                0x0800dd7c                _printf_float
 .text._printf_common
                0x0800e1d0       0xda C:/ST/STM32CubeIDE_1.16.1/STM32CubeIDE/plugins/com.st.stm32cube.ide.mcu.externaltools.gnu-tools-for-stm32.12.3.rel1.win32_1.0.200.202406191623/tools/bin/../lib/gcc/arm-none-eabi/12.3.1/../../../../arm-none-eabi/lib/thumb/v7e-m+fp/hard\libc_nano.a(libc_a-nano-vfprintf_i.o)
                0x0800e1d0                _printf_common
 *fill*         0x0800e2aa        0x2 
 .text._printf_i
                0x0800e2ac      0x240 C:/ST/STM32CubeIDE_1.16.1/STM32CubeIDE/plugins/com.st.stm32cube.ide.mcu.externaltools.gnu-tools-for-stm32.12.3.rel1.win32_1.0.200.202406191623/tools/bin/../lib/gcc/arm-none-eabi/12.3.1/../../../../arm-none-eabi/lib/thumb/v7e-m+fp/hard\libc_nano.a(libc_a-nano-vfprintf_i.o)
                0x0800e2ac                _printf_i
 .text.std      0x0800e4ec       0x6c C:/ST/STM32CubeIDE_1.16.1/STM32CubeIDE/plugins/com.st.stm32cube.ide.mcu.externaltools.gnu-tools-for-stm32.12.3.rel1.win32_1.0.200.202406191623/tools/bin/../lib/gcc/arm-none-eabi/12.3.1/../../../../arm-none-eabi/lib/thumb/v7e-m+fp/hard\libc_nano.a(libc_a-findfp.o)
 .text.stdio_exit_handler
                0x0800e558       0x18 C:/ST/STM32CubeIDE_1.16.1/STM32CubeIDE/plugins/com.st.stm32cube.ide.mcu.externaltools.gnu-tools-for-stm32.12.3.rel1.win32_1.0.200.202406191623/tools/bin/../lib/gcc/arm-none-eabi/12.3.1/../../../../arm-none-eabi/lib/thumb/v7e-m+fp/hard\libc_nano.a(libc_a-findfp.o)
 .text.cleanup_stdio
                0x0800e570       0x40 C:/ST/STM32CubeIDE_1.16.1/STM32CubeIDE/plugins/com.st.stm32cube.ide.mcu.externaltools.gnu-tools-for-stm32.12.3.rel1.win32_1.0.200.202406191623/tools/bin/../lib/gcc/arm-none-eabi/12.3.1/../../../../arm-none-eabi/lib/thumb/v7e-m+fp/hard\libc_nano.a(libc_a-findfp.o)
 .text.global_stdio_init.part.0
                0x0800e5b0       0x3c C:/ST/STM32CubeIDE_1.16.1/STM32CubeIDE/plugins/com.st.stm32cube.ide.mcu.externaltools.gnu-tools-for-stm32.12.3.rel1.win32_1.0.200.202406191623/tools/bin/../lib/gcc/arm-none-eabi/12.3.1/../../../../arm-none-eabi/lib/thumb/v7e-m+fp/hard\libc_nano.a(libc_a-findfp.o)
 .text.__sfp_lock_acquire
                0x0800e5ec        0xc C:/ST/STM32CubeIDE_1.16.1/STM32CubeIDE/plugins/com.st.stm32cube.ide.mcu.externaltools.gnu-tools-for-stm32.12.3.rel1.win32_1.0.200.202406191623/tools/bin/../lib/gcc/arm-none-eabi/12.3.1/../../../../arm-none-eabi/lib/thumb/v7e-m+fp/hard\libc_nano.a(libc_a-findfp.o)
                0x0800e5ec                __sfp_lock_acquire
 .text.__sfp_lock_release
                0x0800e5f8        0xc C:/ST/STM32CubeIDE_1.16.1/STM32CubeIDE/plugins/com.st.stm32cube.ide.mcu.externaltools.gnu-tools-for-stm32.12.3.rel1.win32_1.0.200.202406191623/tools/bin/../lib/gcc/arm-none-eabi/12.3.1/../../../../arm-none-eabi/lib/thumb/v7e-m+fp/hard\libc_nano.a(libc_a-findfp.o)
                0x0800e5f8                __sfp_lock_release
 .text.__sinit  0x0800e604       0x30 C:/ST/STM32CubeIDE_1.16.1/STM32CubeIDE/plugins/com.st.stm32cube.ide.mcu.externaltools.gnu-tools-for-stm32.12.3.rel1.win32_1.0.200.202406191623/tools/bin/../lib/gcc/arm-none-eabi/12.3.1/../../../../arm-none-eabi/lib/thumb/v7e-m+fp/hard\libc_nano.a(libc_a-findfp.o)
                0x0800e604                __sinit
 .text._fwalk_sglue
                0x0800e634       0x3c C:/ST/STM32CubeIDE_1.16.1/STM32CubeIDE/plugins/com.st.stm32cube.ide.mcu.externaltools.gnu-tools-for-stm32.12.3.rel1.win32_1.0.200.202406191623/tools/bin/../lib/gcc/arm-none-eabi/12.3.1/../../../../arm-none-eabi/lib/thumb/v7e-m+fp/hard\libc_nano.a(libc_a-fwalk.o)
                0x0800e634                _fwalk_sglue
 .text.sprintf  0x0800e670       0x40 C:/ST/STM32CubeIDE_1.16.1/STM32CubeIDE/plugins/com.st.stm32cube.ide.mcu.externaltools.gnu-tools-for-stm32.12.3.rel1.win32_1.0.200.202406191623/tools/bin/../lib/gcc/arm-none-eabi/12.3.1/../../../../arm-none-eabi/lib/thumb/v7e-m+fp/hard\libc_nano.a(libc_a-sprintf.o)
                0x0800e670                siprintf
                0x0800e670                sprintf
 .text.__sread  0x0800e6b0       0x22 C:/ST/STM32CubeIDE_1.16.1/STM32CubeIDE/plugins/com.st.stm32cube.ide.mcu.externaltools.gnu-tools-for-stm32.12.3.rel1.win32_1.0.200.202406191623/tools/bin/../lib/gcc/arm-none-eabi/12.3.1/../../../../arm-none-eabi/lib/thumb/v7e-m+fp/hard\libc_nano.a(libc_a-stdio.o)
                0x0800e6b0                __sread
 .text.__swrite
                0x0800e6d2       0x38 C:/ST/STM32CubeIDE_1.16.1/STM32CubeIDE/plugins/com.st.stm32cube.ide.mcu.externaltools.gnu-tools-for-stm32.12.3.rel1.win32_1.0.200.202406191623/tools/bin/../lib/gcc/arm-none-eabi/12.3.1/../../../../arm-none-eabi/lib/thumb/v7e-m+fp/hard\libc_nano.a(libc_a-stdio.o)
                0x0800e6d2                __swrite
 .text.__sseek  0x0800e70a       0x24 C:/ST/STM32CubeIDE_1.16.1/STM32CubeIDE/plugins/com.st.stm32cube.ide.mcu.externaltools.gnu-tools-for-stm32.12.3.rel1.win32_1.0.200.202406191623/tools/bin/../lib/gcc/arm-none-eabi/12.3.1/../../../../arm-none-eabi/lib/thumb/v7e-m+fp/hard\libc_nano.a(libc_a-stdio.o)
                0x0800e70a                __sseek
 .text.__sclose
                0x0800e72e        0x8 C:/ST/STM32CubeIDE_1.16.1/STM32CubeIDE/plugins/com.st.stm32cube.ide.mcu.externaltools.gnu-tools-for-stm32.12.3.rel1.win32_1.0.200.202406191623/tools/bin/../lib/gcc/arm-none-eabi/12.3.1/../../../../arm-none-eabi/lib/thumb/v7e-m+fp/hard\libc_nano.a(libc_a-stdio.o)
                0x0800e72e                __sclose
 .text.memset   0x0800e736       0x10 C:/ST/STM32CubeIDE_1.16.1/STM32CubeIDE/plugins/com.st.stm32cube.ide.mcu.externaltools.gnu-tools-for-stm32.12.3.rel1.win32_1.0.200.202406191623/tools/bin/../lib/gcc/arm-none-eabi/12.3.1/../../../../arm-none-eabi/lib/thumb/v7e-m+fp/hard\libc_nano.a(libc_a-memset.o)
                0x0800e736                memset
 *fill*         0x0800e746        0x2 
 .text._localeconv_r
                0x0800e748        0x8 C:/ST/STM32CubeIDE_1.16.1/STM32CubeIDE/plugins/com.st.stm32cube.ide.mcu.externaltools.gnu-tools-for-stm32.12.3.rel1.win32_1.0.200.202406191623/tools/bin/../lib/gcc/arm-none-eabi/12.3.1/../../../../arm-none-eabi/lib/thumb/v7e-m+fp/hard\libc_nano.a(libc_a-localeconv.o)
                0x0800e748                _localeconv_r
 .text._close_r
                0x0800e750       0x20 C:/ST/STM32CubeIDE_1.16.1/STM32CubeIDE/plugins/com.st.stm32cube.ide.mcu.externaltools.gnu-tools-for-stm32.12.3.rel1.win32_1.0.200.202406191623/tools/bin/../lib/gcc/arm-none-eabi/12.3.1/../../../../arm-none-eabi/lib/thumb/v7e-m+fp/hard\libc_nano.a(libc_a-closer.o)
                0x0800e750                _close_r
 .text._reclaim_reent
                0x0800e770       0xac C:/ST/STM32CubeIDE_1.16.1/STM32CubeIDE/plugins/com.st.stm32cube.ide.mcu.externaltools.gnu-tools-for-stm32.12.3.rel1.win32_1.0.200.202406191623/tools/bin/../lib/gcc/arm-none-eabi/12.3.1/../../../../arm-none-eabi/lib/thumb/v7e-m+fp/hard\libc_nano.a(libc_a-reent.o)
                0x0800e770                _reclaim_reent
 .text._lseek_r
                0x0800e81c       0x24 C:/ST/STM32CubeIDE_1.16.1/STM32CubeIDE/plugins/com.st.stm32cube.ide.mcu.externaltools.gnu-tools-for-stm32.12.3.rel1.win32_1.0.200.202406191623/tools/bin/../lib/gcc/arm-none-eabi/12.3.1/../../../../arm-none-eabi/lib/thumb/v7e-m+fp/hard\libc_nano.a(libc_a-lseekr.o)
                0x0800e81c                _lseek_r
 .text._read_r  0x0800e840       0x24 C:/ST/STM32CubeIDE_1.16.1/STM32CubeIDE/plugins/com.st.stm32cube.ide.mcu.externaltools.gnu-tools-for-stm32.12.3.rel1.win32_1.0.200.202406191623/tools/bin/../lib/gcc/arm-none-eabi/12.3.1/../../../../arm-none-eabi/lib/thumb/v7e-m+fp/hard\libc_nano.a(libc_a-readr.o)
                0x0800e840                _read_r
 .text._sbrk_r  0x0800e864       0x20 C:/ST/STM32CubeIDE_1.16.1/STM32CubeIDE/plugins/com.st.stm32cube.ide.mcu.externaltools.gnu-tools-for-stm32.12.3.rel1.win32_1.0.200.202406191623/tools/bin/../lib/gcc/arm-none-eabi/12.3.1/../../../../arm-none-eabi/lib/thumb/v7e-m+fp/hard\libc_nano.a(libc_a-sbrkr.o)
                0x0800e864                _sbrk_r
 .text._write_r
                0x0800e884       0x24 C:/ST/STM32CubeIDE_1.16.1/STM32CubeIDE/plugins/com.st.stm32cube.ide.mcu.externaltools.gnu-tools-for-stm32.12.3.rel1.win32_1.0.200.202406191623/tools/bin/../lib/gcc/arm-none-eabi/12.3.1/../../../../arm-none-eabi/lib/thumb/v7e-m+fp/hard\libc_nano.a(libc_a-writer.o)
                0x0800e884                _write_r
 .text.__errno  0x0800e8a8        0xc C:/ST/STM32CubeIDE_1.16.1/STM32CubeIDE/plugins/com.st.stm32cube.ide.mcu.externaltools.gnu-tools-for-stm32.12.3.rel1.win32_1.0.200.202406191623/tools/bin/../lib/gcc/arm-none-eabi/12.3.1/../../../../arm-none-eabi/lib/thumb/v7e-m+fp/hard\libc_nano.a(libc_a-errno.o)
                0x0800e8a8                __errno
 .text.__libc_init_array
                0x0800e8b4       0x48 C:/ST/STM32CubeIDE_1.16.1/STM32CubeIDE/plugins/com.st.stm32cube.ide.mcu.externaltools.gnu-tools-for-stm32.12.3.rel1.win32_1.0.200.202406191623/tools/bin/../lib/gcc/arm-none-eabi/12.3.1/../../../../arm-none-eabi/lib/thumb/v7e-m+fp/hard\libc_nano.a(libc_a-init.o)
                0x0800e8b4                __libc_init_array
 .text.__retarget_lock_init_recursive
                0x0800e8fc        0x2 C:/ST/STM32CubeIDE_1.16.1/STM32CubeIDE/plugins/com.st.stm32cube.ide.mcu.externaltools.gnu-tools-for-stm32.12.3.rel1.win32_1.0.200.202406191623/tools/bin/../lib/gcc/arm-none-eabi/12.3.1/../../../../arm-none-eabi/lib/thumb/v7e-m+fp/hard\libc_nano.a(libc_a-lock.o)
                0x0800e8fc                __retarget_lock_init_recursive
 .text.__retarget_lock_acquire_recursive
                0x0800e8fe        0x2 C:/ST/STM32CubeIDE_1.16.1/STM32CubeIDE/plugins/com.st.stm32cube.ide.mcu.externaltools.gnu-tools-for-stm32.12.3.rel1.win32_1.0.200.202406191623/tools/bin/../lib/gcc/arm-none-eabi/12.3.1/../../../../arm-none-eabi/lib/thumb/v7e-m+fp/hard\libc_nano.a(libc_a-lock.o)
                0x0800e8fe                __retarget_lock_acquire_recursive
 .text.__retarget_lock_release_recursive
                0x0800e900        0x2 C:/ST/STM32CubeIDE_1.16.1/STM32CubeIDE/plugins/com.st.stm32cube.ide.mcu.externaltools.gnu-tools-for-stm32.12.3.rel1.win32_1.0.200.202406191623/tools/bin/../lib/gcc/arm-none-eabi/12.3.1/../../../../arm-none-eabi/lib/thumb/v7e-m+fp/hard\libc_nano.a(libc_a-lock.o)
                0x0800e900                __retarget_lock_release_recursive
 .text.memcpy   0x0800e902       0x1c C:/ST/STM32CubeIDE_1.16.1/STM32CubeIDE/plugins/com.st.stm32cube.ide.mcu.externaltools.gnu-tools-for-stm32.12.3.rel1.win32_1.0.200.202406191623/tools/bin/../lib/gcc/arm-none-eabi/12.3.1/../../../../arm-none-eabi/lib/thumb/v7e-m+fp/hard\libc_nano.a(libc_a-memcpy-stub.o)
                0x0800e902                memcpy
 .text.quorem   0x0800e91e      0x110 C:/ST/STM32CubeIDE_1.16.1/STM32CubeIDE/plugins/com.st.stm32cube.ide.mcu.externaltools.gnu-tools-for-stm32.12.3.rel1.win32_1.0.200.202406191623/tools/bin/../lib/gcc/arm-none-eabi/12.3.1/../../../../arm-none-eabi/lib/thumb/v7e-m+fp/hard\libc_nano.a(libc_a-dtoa.o)
 *fill*         0x0800ea2e        0x2 
 .text._dtoa_r  0x0800ea30      0xb88 C:/ST/STM32CubeIDE_1.16.1/STM32CubeIDE/plugins/com.st.stm32cube.ide.mcu.externaltools.gnu-tools-for-stm32.12.3.rel1.win32_1.0.200.202406191623/tools/bin/../lib/gcc/arm-none-eabi/12.3.1/../../../../arm-none-eabi/lib/thumb/v7e-m+fp/hard\libc_nano.a(libc_a-dtoa.o)
                0x0800ea30                _dtoa_r
 .text._free_r  0x0800f5b8       0x94 C:/ST/STM32CubeIDE_1.16.1/STM32CubeIDE/plugins/com.st.stm32cube.ide.mcu.externaltools.gnu-tools-for-stm32.12.3.rel1.win32_1.0.200.202406191623/tools/bin/../lib/gcc/arm-none-eabi/12.3.1/../../../../arm-none-eabi/lib/thumb/v7e-m+fp/hard\libc_nano.a(libc_a-freer.o)
                0x0800f5b8                _free_r
 .text._Balloc  0x0800f64c       0x80 C:/ST/STM32CubeIDE_1.16.1/STM32CubeIDE/plugins/com.st.stm32cube.ide.mcu.externaltools.gnu-tools-for-stm32.12.3.rel1.win32_1.0.200.202406191623/tools/bin/../lib/gcc/arm-none-eabi/12.3.1/../../../../arm-none-eabi/lib/thumb/v7e-m+fp/hard\libc_nano.a(libc_a-mprec.o)
                0x0800f64c                _Balloc
 .text._Bfree   0x0800f6cc       0x44 C:/ST/STM32CubeIDE_1.16.1/STM32CubeIDE/plugins/com.st.stm32cube.ide.mcu.externaltools.gnu-tools-for-stm32.12.3.rel1.win32_1.0.200.202406191623/tools/bin/../lib/gcc/arm-none-eabi/12.3.1/../../../../arm-none-eabi/lib/thumb/v7e-m+fp/hard\libc_nano.a(libc_a-mprec.o)
                0x0800f6cc                _Bfree
 .text.__multadd
                0x0800f710       0x8c C:/ST/STM32CubeIDE_1.16.1/STM32CubeIDE/plugins/com.st.stm32cube.ide.mcu.externaltools.gnu-tools-for-stm32.12.3.rel1.win32_1.0.200.202406191623/tools/bin/../lib/gcc/arm-none-eabi/12.3.1/../../../../arm-none-eabi/lib/thumb/v7e-m+fp/hard\libc_nano.a(libc_a-mprec.o)
                0x0800f710                __multadd
 .text.__hi0bits
                0x0800f79c       0x3e C:/ST/STM32CubeIDE_1.16.1/STM32CubeIDE/plugins/com.st.stm32cube.ide.mcu.externaltools.gnu-tools-for-stm32.12.3.rel1.win32_1.0.200.202406191623/tools/bin/../lib/gcc/arm-none-eabi/12.3.1/../../../../arm-none-eabi/lib/thumb/v7e-m+fp/hard\libc_nano.a(libc_a-mprec.o)
                0x0800f79c                __hi0bits
 .text.__lo0bits
                0x0800f7da       0x5a C:/ST/STM32CubeIDE_1.16.1/STM32CubeIDE/plugins/com.st.stm32cube.ide.mcu.externaltools.gnu-tools-for-stm32.12.3.rel1.win32_1.0.200.202406191623/tools/bin/../lib/gcc/arm-none-eabi/12.3.1/../../../../arm-none-eabi/lib/thumb/v7e-m+fp/hard\libc_nano.a(libc_a-mprec.o)
                0x0800f7da                __lo0bits
 .text.__i2b    0x0800f834       0x2c C:/ST/STM32CubeIDE_1.16.1/STM32CubeIDE/plugins/com.st.stm32cube.ide.mcu.externaltools.gnu-tools-for-stm32.12.3.rel1.win32_1.0.200.202406191623/tools/bin/../lib/gcc/arm-none-eabi/12.3.1/../../../../arm-none-eabi/lib/thumb/v7e-m+fp/hard\libc_nano.a(libc_a-mprec.o)
                0x0800f834                __i2b
 .text.__multiply
                0x0800f860      0x154 C:/ST/STM32CubeIDE_1.16.1/STM32CubeIDE/plugins/com.st.stm32cube.ide.mcu.externaltools.gnu-tools-for-stm32.12.3.rel1.win32_1.0.200.202406191623/tools/bin/../lib/gcc/arm-none-eabi/12.3.1/../../../../arm-none-eabi/lib/thumb/v7e-m+fp/hard\libc_nano.a(libc_a-mprec.o)
                0x0800f860                __multiply
 .text.__pow5mult
                0x0800f9b4       0xb4 C:/ST/STM32CubeIDE_1.16.1/STM32CubeIDE/plugins/com.st.stm32cube.ide.mcu.externaltools.gnu-tools-for-stm32.12.3.rel1.win32_1.0.200.202406191623/tools/bin/../lib/gcc/arm-none-eabi/12.3.1/../../../../arm-none-eabi/lib/thumb/v7e-m+fp/hard\libc_nano.a(libc_a-mprec.o)
                0x0800f9b4                __pow5mult
 .text.__lshift
                0x0800fa68       0xd8 C:/ST/STM32CubeIDE_1.16.1/STM32CubeIDE/plugins/com.st.stm32cube.ide.mcu.externaltools.gnu-tools-for-stm32.12.3.rel1.win32_1.0.200.202406191623/tools/bin/../lib/gcc/arm-none-eabi/12.3.1/../../../../arm-none-eabi/lib/thumb/v7e-m+fp/hard\libc_nano.a(libc_a-mprec.o)
                0x0800fa68                __lshift
 .text.__mcmp   0x0800fb40       0x36 C:/ST/STM32CubeIDE_1.16.1/STM32CubeIDE/plugins/com.st.stm32cube.ide.mcu.externaltools.gnu-tools-for-stm32.12.3.rel1.win32_1.0.200.202406191623/tools/bin/../lib/gcc/arm-none-eabi/12.3.1/../../../../arm-none-eabi/lib/thumb/v7e-m+fp/hard\libc_nano.a(libc_a-mprec.o)
                0x0800fb40                __mcmp
 *fill*         0x0800fb76        0x2 
 .text.__mdiff  0x0800fb78      0x128 C:/ST/STM32CubeIDE_1.16.1/STM32CubeIDE/plugins/com.st.stm32cube.ide.mcu.externaltools.gnu-tools-for-stm32.12.3.rel1.win32_1.0.200.202406191623/tools/bin/../lib/gcc/arm-none-eabi/12.3.1/../../../../arm-none-eabi/lib/thumb/v7e-m+fp/hard\libc_nano.a(libc_a-mprec.o)
                0x0800fb78                __mdiff
 .text.__d2b    0x0800fca0       0xb0 C:/ST/STM32CubeIDE_1.16.1/STM32CubeIDE/plugins/com.st.stm32cube.ide.mcu.externaltools.gnu-tools-for-stm32.12.3.rel1.win32_1.0.200.202406191623/tools/bin/../lib/gcc/arm-none-eabi/12.3.1/../../../../arm-none-eabi/lib/thumb/v7e-m+fp/hard\libc_nano.a(libc_a-mprec.o)
                0x0800fca0                __d2b
 .text.__ssputs_r
                0x0800fd50       0xb6 C:/ST/STM32CubeIDE_1.16.1/STM32CubeIDE/plugins/com.st.stm32cube.ide.mcu.externaltools.gnu-tools-for-stm32.12.3.rel1.win32_1.0.200.202406191623/tools/bin/../lib/gcc/arm-none-eabi/12.3.1/../../../../arm-none-eabi/lib/thumb/v7e-m+fp/hard\libc_nano.a(libc_a-nano-svfprintf.o)
                0x0800fd50                __ssputs_r
 *fill*         0x0800fe06        0x2 
 .text._svfprintf_r
                0x0800fe08      0x1f8 C:/ST/STM32CubeIDE_1.16.1/STM32CubeIDE/plugins/com.st.stm32cube.ide.mcu.externaltools.gnu-tools-for-stm32.12.3.rel1.win32_1.0.200.202406191623/tools/bin/../lib/gcc/arm-none-eabi/12.3.1/../../../../arm-none-eabi/lib/thumb/v7e-m+fp/hard\libc_nano.a(libc_a-nano-svfprintf.o)
                0x0800fe08                _svfiprintf_r
                0x0800fe08                _svfprintf_r
 .text.__sflush_r
                0x08010000      0x108 C:/ST/STM32CubeIDE_1.16.1/STM32CubeIDE/plugins/com.st.stm32cube.ide.mcu.externaltools.gnu-tools-for-stm32.12.3.rel1.win32_1.0.200.202406191623/tools/bin/../lib/gcc/arm-none-eabi/12.3.1/../../../../arm-none-eabi/lib/thumb/v7e-m+fp/hard\libc_nano.a(libc_a-fflush.o)
                0x08010000                __sflush_r
 .text._fflush_r
                0x08010108       0x50 C:/ST/STM32CubeIDE_1.16.1/STM32CubeIDE/plugins/com.st.stm32cube.ide.mcu.externaltools.gnu-tools-for-stm32.12.3.rel1.win32_1.0.200.202406191623/tools/bin/../lib/gcc/arm-none-eabi/12.3.1/../../../../arm-none-eabi/lib/thumb/v7e-m+fp/hard\libc_nano.a(libc_a-fflush.o)
                0x08010108                _fflush_r
 .text.memmove  0x08010158       0x34 C:/ST/STM32CubeIDE_1.16.1/STM32CubeIDE/plugins/com.st.stm32cube.ide.mcu.externaltools.gnu-tools-for-stm32.12.3.rel1.win32_1.0.200.202406191623/tools/bin/../lib/gcc/arm-none-eabi/12.3.1/../../../../arm-none-eabi/lib/thumb/v7e-m+fp/hard\libc_nano.a(libc_a-memmove.o)
                0x08010158                memmove
 .text.__assert_func
                0x0801018c       0x3c C:/ST/STM32CubeIDE_1.16.1/STM32CubeIDE/plugins/com.st.stm32cube.ide.mcu.externaltools.gnu-tools-for-stm32.12.3.rel1.win32_1.0.200.202406191623/tools/bin/../lib/gcc/arm-none-eabi/12.3.1/../../../../arm-none-eabi/lib/thumb/v7e-m+fp/hard\libc_nano.a(libc_a-assert.o)
                0x0801018c                __assert_func
 .text._calloc_r
                0x080101c8       0x28 C:/ST/STM32CubeIDE_1.16.1/STM32CubeIDE/plugins/com.st.stm32cube.ide.mcu.externaltools.gnu-tools-for-stm32.12.3.rel1.win32_1.0.200.202406191623/tools/bin/../lib/gcc/arm-none-eabi/12.3.1/../../../../arm-none-eabi/lib/thumb/v7e-m+fp/hard\libc_nano.a(libc_a-callocr.o)
                0x080101c8                _calloc_r
 .text.__ascii_mbtowc
                0x080101f0       0x24 C:/ST/STM32CubeIDE_1.16.1/STM32CubeIDE/plugins/com.st.stm32cube.ide.mcu.externaltools.gnu-tools-for-stm32.12.3.rel1.win32_1.0.200.202406191623/tools/bin/../lib/gcc/arm-none-eabi/12.3.1/../../../../arm-none-eabi/lib/thumb/v7e-m+fp/hard\libc_nano.a(libc_a-mbtowc_r.o)
                0x080101f0                __ascii_mbtowc
 .text._realloc_r
                0x08010214       0x5c C:/ST/STM32CubeIDE_1.16.1/STM32CubeIDE/plugins/com.st.stm32cube.ide.mcu.externaltools.gnu-tools-for-stm32.12.3.rel1.win32_1.0.200.202406191623/tools/bin/../lib/gcc/arm-none-eabi/12.3.1/../../../../arm-none-eabi/lib/thumb/v7e-m+fp/hard\libc_nano.a(libc_a-reallocr.o)
                0x08010214                _realloc_r
 .text.__ascii_wctomb
                0x08010270       0x1a C:/ST/STM32CubeIDE_1.16.1/STM32CubeIDE/plugins/com.st.stm32cube.ide.mcu.externaltools.gnu-tools-for-stm32.12.3.rel1.win32_1.0.200.202406191623/tools/bin/../lib/gcc/arm-none-eabi/12.3.1/../../../../arm-none-eabi/lib/thumb/v7e-m+fp/hard\libc_nano.a(libc_a-wctomb_r.o)
                0x08010270                __ascii_wctomb
 *fill*         0x0801028a        0x2 
 .text.fprintf  0x0801028c       0x24 C:/ST/STM32CubeIDE_1.16.1/STM32CubeIDE/plugins/com.st.stm32cube.ide.mcu.externaltools.gnu-tools-for-stm32.12.3.rel1.win32_1.0.200.202406191623/tools/bin/../lib/gcc/arm-none-eabi/12.3.1/../../../../arm-none-eabi/lib/thumb/v7e-m+fp/hard\libc_nano.a(libc_a-fprintf.o)
                0x0801028c                fiprintf
                0x0801028c                fprintf
 .text.abort    0x080102b0        0xe C:/ST/STM32CubeIDE_1.16.1/STM32CubeIDE/plugins/com.st.stm32cube.ide.mcu.externaltools.gnu-tools-for-stm32.12.3.rel1.win32_1.0.200.202406191623/tools/bin/../lib/gcc/arm-none-eabi/12.3.1/../../../../arm-none-eabi/lib/thumb/v7e-m+fp/hard\libc_nano.a(libc_a-abort.o)
                0x080102b0                abort
 .text._malloc_usable_size_r
                0x080102be       0x10 C:/ST/STM32CubeIDE_1.16.1/STM32CubeIDE/plugins/com.st.stm32cube.ide.mcu.externaltools.gnu-tools-for-stm32.12.3.rel1.win32_1.0.200.202406191623/tools/bin/../lib/gcc/arm-none-eabi/12.3.1/../../../../arm-none-eabi/lib/thumb/v7e-m+fp/hard\libc_nano.a(libc_a-msizer.o)
                0x080102be                _malloc_usable_size_r
 .text.__sfputc_r
                0x080102ce       0x2e C:/ST/STM32CubeIDE_1.16.1/STM32CubeIDE/plugins/com.st.stm32cube.ide.mcu.externaltools.gnu-tools-for-stm32.12.3.rel1.win32_1.0.200.202406191623/tools/bin/../lib/gcc/arm-none-eabi/12.3.1/../../../../arm-none-eabi/lib/thumb/v7e-m+fp/hard\libc_nano.a(libc_a-nano-vfprintf.o)
 .text.__sfputs_r
                0x080102fc       0x24 C:/ST/STM32CubeIDE_1.16.1/STM32CubeIDE/plugins/com.st.stm32cube.ide.mcu.externaltools.gnu-tools-for-stm32.12.3.rel1.win32_1.0.200.202406191623/tools/bin/../lib/gcc/arm-none-eabi/12.3.1/../../../../arm-none-eabi/lib/thumb/v7e-m+fp/hard\libc_nano.a(libc_a-nano-vfprintf.o)
                0x080102fc                __sfputs_r
 .text._vfprintf_r
                0x08010320      0x230 C:/ST/STM32CubeIDE_1.16.1/STM32CubeIDE/plugins/com.st.stm32cube.ide.mcu.externaltools.gnu-tools-for-stm32.12.3.rel1.win32_1.0.200.202406191623/tools/bin/../lib/gcc/arm-none-eabi/12.3.1/../../../../arm-none-eabi/lib/thumb/v7e-m+fp/hard\libc_nano.a(libc_a-nano-vfprintf.o)
                0x08010320                _vfprintf_r
                0x08010320                _vfiprintf_r
 .text.__swbuf_r