Archive member included to satisfy reference by file (symbol)

C:/ST/STM32CubeIDE_1.16.1/STM32CubeIDE/plugins/com.st.stm32cube.ide.mcu.externaltools.gnu-tools-for-stm32.12.3.rel1.win32_1.0.200.202406191623/tools/bin/../lib/gcc/arm-none-eabi/12.3.1/../../../../arm-none-eabi/lib/thumb/v7e-m+fp/hard\libc_nano.a(libc_a-exit.o)
                              C:/ST/STM32CubeIDE_1.16.1/STM32CubeIDE/plugins/com.st.stm32cube.ide.mcu.externaltools.gnu-tools-for-stm32.12.3.rel1.win32_1.0.200.202406191623/tools/bin/../lib/gcc/arm-none-eabi/12.3.1/../../../../arm-none-eabi/lib/thumb/v7e-m+fp/hard/crt0.o (exit)
C:/ST/STM32CubeIDE_1.16.1/STM32CubeIDE/plugins/com.st.stm32cube.ide.mcu.externaltools.gnu-tools-for-stm32.12.3.rel1.win32_1.0.200.202406191623/tools/bin/../lib/gcc/arm-none-eabi/12.3.1/../../../../arm-none-eabi/lib/thumb/v7e-m+fp/hard\libc_nano.a(libc_a-malloc.o)
                              ./Middlewares/ST/STM32_USB_Host_Library/Class/CDC/Src/usbh_cdc.o (malloc)
C:/ST/STM32CubeIDE_1.16.1/STM32CubeIDE/plugins/com.st.stm32cube.ide.mcu.externaltools.gnu-tools-for-stm32.12.3.rel1.win32_1.0.200.202406191623/tools/bin/../lib/gcc/arm-none-eabi/12.3.1/../../../../arm-none-eabi/lib/thumb/v7e-m+fp/hard\libc_nano.a(libc_a-mallocr.o)
                              C:/ST/STM32CubeIDE_1.16.1/STM32CubeIDE/plugins/com.st.stm32cube.ide.mcu.externaltools.gnu-tools-for-stm32.12.3.rel1.win32_1.0.200.202406191623/tools/bin/../lib/gcc/arm-none-eabi/12.3.1/../../../../arm-none-eabi/lib/thumb/v7e-m+fp/hard\libc_nano.a(libc_a-malloc.o) (_malloc_r)
C:/ST/STM32CubeIDE_1.16.1/STM32CubeIDE/plugins/com.st.stm32cube.ide.mcu.externaltools.gnu-tools-for-stm32.12.3.rel1.win32_1.0.200.202406191623/tools/bin/../lib/gcc/arm-none-eabi/12.3.1/../../../../arm-none-eabi/lib/thumb/v7e-m+fp/hard\libc_nano.a(libc_a-mlock.o)
                              C:/ST/STM32CubeIDE_1.16.1/STM32CubeIDE/plugins/com.st.stm32cube.ide.mcu.externaltools.gnu-tools-for-stm32.12.3.rel1.win32_1.0.200.202406191623/tools/bin/../lib/gcc/arm-none-eabi/12.3.1/../../../../arm-none-eabi/lib/thumb/v7e-m+fp/hard\libc_nano.a(libc_a-mallocr.o) (__malloc_lock)
C:/ST/STM32CubeIDE_1.16.1/STM32CubeIDE/plugins/com.st.stm32cube.ide.mcu.externaltools.gnu-tools-for-stm32.12.3.rel1.win32_1.0.200.202406191623/tools/bin/../lib/gcc/arm-none-eabi/12.3.1/../../../../arm-none-eabi/lib/thumb/v7e-m+fp/hard\libc_nano.a(libc_a-findfp.o)
                              ./Middlewares/Third_Party/FreeRTOS/Source/tasks.o (__sf)
C:/ST/STM32CubeIDE_1.16.1/STM32CubeIDE/plugins/com.st.stm32cube.ide.mcu.externaltools.gnu-tools-for-stm32.12.3.rel1.win32_1.0.200.202406191623/tools/bin/../lib/gcc/arm-none-eabi/12.3.1/../../../../arm-none-eabi/lib/thumb/v7e-m+fp/hard\libc_nano.a(libc_a-fwalk.o)
                              C:/ST/STM32CubeIDE_1.16.1/STM32CubeIDE/plugins/com.st.stm32cube.ide.mcu.externaltools.gnu-tools-for-stm32.12.3.rel1.win32_1.0.200.202406191623/tools/bin/../lib/gcc/arm-none-eabi/12.3.1/../../../../arm-none-eabi/lib/thumb/v7e-m+fp/hard\libc_nano.a(libc_a-findfp.o) (_fwalk_sglue)
C:/ST/STM32CubeIDE_1.16.1/STM32CubeIDE/plugins/com.st.stm32cube.ide.mcu.externaltools.gnu-tools-for-stm32.12.3.rel1.win32_1.0.200.202406191623/tools/bin/../lib/gcc/arm-none-eabi/12.3.1/../../../../arm-none-eabi/lib/thumb/v7e-m+fp/hard\libc_nano.a(libc_a-stdio.o)
                              C:/ST/STM32CubeIDE_1.16.1/STM32CubeIDE/plugins/com.st.stm32cube.ide.mcu.externaltools.gnu-tools-for-stm32.12.3.rel1.win32_1.0.200.202406191623/tools/bin/../lib/gcc/arm-none-eabi/12.3.1/../../../../arm-none-eabi/lib/thumb/v7e-m+fp/hard\libc_nano.a(libc_a-findfp.o) (__sread)
C:/ST/STM32CubeIDE_1.16.1/STM32CubeIDE/plugins/com.st.stm32cube.ide.mcu.externaltools.gnu-tools-for-stm32.12.3.rel1.win32_1.0.200.202406191623/tools/bin/../lib/gcc/arm-none-eabi/12.3.1/../../../../arm-none-eabi/lib/thumb/v7e-m+fp/hard\libc_nano.a(libc_a-memset.o)
                              C:/ST/STM32CubeIDE_1.16.1/STM32CubeIDE/plugins/com.st.stm32cube.ide.mcu.externaltools.gnu-tools-for-stm32.12.3.rel1.win32_1.0.200.202406191623/tools/bin/../lib/gcc/arm-none-eabi/12.3.1/../../../../arm-none-eabi/lib/thumb/v7e-m+fp/hard/crt0.o (memset)
C:/ST/STM32CubeIDE_1.16.1/STM32CubeIDE/plugins/com.st.stm32cube.ide.mcu.externaltools.gnu-tools-for-stm32.12.3.rel1.win32_1.0.200.202406191623/tools/bin/../lib/gcc/arm-none-eabi/12.3.1/../../../../arm-none-eabi/lib/thumb/v7e-m+fp/hard\libc_nano.a(libc_a-closer.o)
                              C:/ST/STM32CubeIDE_1.16.1/STM32CubeIDE/plugins/com.st.stm32cube.ide.mcu.externaltools.gnu-tools-for-stm32.12.3.rel1.win32_1.0.200.202406191623/tools/bin/../lib/gcc/arm-none-eabi/12.3.1/../../../../arm-none-eabi/lib/thumb/v7e-m+fp/hard\libc_nano.a(libc_a-stdio.o) (_close_r)
C:/ST/STM32CubeIDE_1.16.1/STM32CubeIDE/plugins/com.st.stm32cube.ide.mcu.externaltools.gnu-tools-for-stm32.12.3.rel1.win32_1.0.200.202406191623/tools/bin/../lib/gcc/arm-none-eabi/12.3.1/../../../../arm-none-eabi/lib/thumb/v7e-m+fp/hard\libc_nano.a(libc_a-reent.o)
[...]
Memory Configuration

Name             Origin             Length             Attributes
CCMRAM           0x10000000         0x00010000         xrw
RAM              0x20000000         0x00020000         xrw
FLASH            0x08000000         0x00100000         xr
*default*        0x00000000         0xffffffff

Linker script and memory map

LOAD C:/ST/STM32CubeIDE_1.16.1/STM32CubeIDE/plugins/com.st.stm32cube.ide.mcu.externaltools.gnu-tools-for-stm32.12.3.rel1.win32_1.0.200.202406191623/tools/bin/../lib/gcc/arm-none-eabi/12.3.1/thumb/v7e-m+fp/hard/crti.o
LOAD C:/ST/STM32CubeIDE_1.16.1/STM32CubeIDE/plugins/com.st.stm32cube.ide.mcu.externaltools.gnu-tools-for-stm32.12.3.rel1.win32_1.0.200.202406191623/tools/bin/../lib/gcc/arm-none-eabi/12.3.1/thumb/v7e-m+fp/hard/crtbegin.o
LOAD C:/ST/STM32CubeIDE_1.16.1/STM32CubeIDE/plugins/com.st.stm32cube.ide.mcu.externaltools.gnu-tools-for-stm32.12.3.rel1.win32_1.0.200.202406191623/tools/bin/../lib/gcc/arm-none-eabi/12.3.1/../../../../arm-none-eabi/lib/thumb/v7e-m+fp/hard/crt0.o
LOAD ./Core/Src/freertos.o
LOAD ./Core/Src/main.o
LOAD ./Core/Src/stm32f4xx_hal_msp.o
LOAD ./Core/Src/stm32f4xx_hal_timebase_tim.o
LOAD ./Core/Src/stm32f4xx_it.o
LOAD ./Core/Src/syscalls.o
LOAD ./Core/Src/sysmem.o
LOAD ./Core/Src/system_stm32f4xx.o
LOAD ./Core/Startup/startup_stm32f407vgtx.o
LOAD ./Drivers/STM32F4xx_HAL_Driver/Src/stm32f4xx_hal.o
LOAD ./Drivers/STM32F4xx_HAL_Driver/Src/stm32f4xx_hal_cortex.o
LOAD ./Drivers/STM32F4xx_HAL_Driver/Src/stm32f4xx_hal_dma.o
LOAD ./Drivers/STM32F4xx_HAL_Driver/Src/stm32f4xx_hal_dma_ex.o
LOAD ./Drivers/STM32F4xx_HAL_Driver/Src/stm32f4xx_hal_exti.o
LOAD ./Drivers/STM32F4xx_HAL_Driver/Src/stm32f4xx_hal_flash.o
LOAD ./Drivers/STM32F4xx_HAL_Driver/Src/stm32f4xx_hal_flash_ex.o
LOAD ./Drivers/STM32F4xx_HAL_Driver/Src/stm32f4xx_hal_flash_ramfunc.o
LOAD ./Drivers/STM32F4xx_HAL_Driver/Src/stm32f4xx_hal_gpio.o
LOAD ./Drivers/STM32F4xx_HAL_Driver/Src/stm32f4xx_hal_hcd.o
LOAD ./Drivers/STM32F4xx_HAL_Driver/Src/stm32f4xx_hal_i2c.o
LOAD ./Drivers/STM32F4xx_HAL_Driver/Src/stm32f4xx_hal_i2c_ex.o
LOAD ./Drivers/STM32F4xx_HAL_Driver/Src/stm32f4xx_hal_i2s.o
LOAD ./Drivers/STM32F4xx_HAL_Driver/Src/stm32f4xx_hal_i2s_ex.o
LOAD ./Drivers/STM32F4xx_HAL_Driver/Src/stm32f4xx_hal_pwr.o
LOAD ./Drivers/STM32F4xx_HAL_Driver/Src/stm32f4xx_hal_pwr_ex.o
LOAD ./Drivers/STM32F4xx_HAL_Driver/Src/stm32f4xx_hal_rcc.o
LOAD ./Drivers/STM32F4xx_HAL_Driver/Src/stm32f4xx_hal_rcc_ex.o
LOAD ./Drivers/STM32F4xx_HAL_Driver/Src/stm32f4xx_hal_rng.o
LOAD ./Drivers/STM32F4xx_HAL_Driver/Src/stm32f4xx_hal_spi.o
LOAD ./Drivers/STM32F4xx_HAL_Driver/Src/stm32f4xx_hal_tim.o
LOAD ./Drivers/STM32F4xx_HAL_Driver/Src/stm32f4xx_hal_tim_ex.o
LOAD ./Drivers/STM32F4xx_HAL_Driver/Src/stm32f4xx_ll_usb.o
LOAD ./Middlewares/ST/STM32_USB_Host_Library/Class/CDC/Src/usbh_cdc.o
LOAD ./Middlewares/ST/STM32_USB_Host_Library/Core/Src/usbh_core.o
LOAD ./Middlewares/ST/STM32_USB_Host_Library/Core/Src/usbh_ctlreq.o
LOAD ./Middlewares/ST/STM32_USB_Host_Library/Core/Src/usbh_ioreq.o
LOAD ./Middlewares/ST/STM32_USB_Host_Library/Core/Src/usbh_pipes.o
LOAD ./Middlewares/Third_Party/FreeRTOS/Source/CMSIS_RTOS_V2/cmsis_os2.o
LOAD ./Middlewares/Third_Party/FreeRTOS/Source/croutine.o
LOAD ./Middlewares/Third_Party/FreeRTOS/Source/event_groups.o
LOAD ./Middlewares/Third_Party/FreeRTOS/Source/list.o
LOAD ./Middlewares/Third_Party/FreeRTOS/Source/queue.o
LOAD ./Middlewares/Third_Party/FreeRTOS/Source/stream_buffer.o
LOAD ./Middlewares/Third_Party/FreeRTOS/Source/tasks.o
LOAD ./Middlewares/Third_Party/FreeRTOS/Source/timers.o
LOAD ./Middlewares/Third_Party/FreeRTOS/Source/portable/GCC/ARM_CM4F/port.o
LOAD ./Middlewares/Third_Party/FreeRTOS/Source/portable/MemMang/heap_4.o
LOAD ./USB_HOST/App/usb_host.o
LOAD ./USB_HOST/Target/usbh_conf.o
LOAD ./USB_HOST/Target/usbh_platform.o
START GROUP
LOAD C:/ST/STM32CubeIDE_1.16.1/STM32CubeIDE/plugins/com.st.stm32cube.ide.mcu.externaltools.gnu-tools-for-stm32.12.3.rel1.win32_1.0.200.202406191623/tools/bin/../lib/gcc/arm-none-eabi/12.3.1/../../../../arm-none-eabi/lib/thumb/v7e-m+fp/hard\libc_nano.a
LOAD C:/ST/STM32CubeIDE_1.16.1/STM32CubeIDE/plugins/com.st.stm32cube.ide.mcu.externaltools.gnu-tools-for-stm32.12.3.rel1.win32_1.0.200.202406191623/tools/bin/../lib/gcc/arm-none-eabi/12.3.1/../../../../arm-none-eabi/lib/thumb/v7e-m+fp/hard\libm.a
END GROUP
START GROUP
LOAD C:/ST/STM32CubeIDE_1.16.1/STM32CubeIDE/plugins/com.st.stm32cube.ide.mcu.externaltools.gnu-tools-for-stm32.12.3.rel1.win32_1.0.200.202406191623/tools/bin/../lib/gcc/arm-none-eabi/12.3.1/thumb/v7e-m+fp/hard\libgcc.a
LOAD C:/ST/STM32CubeIDE_1.16.1/STM32CubeIDE/plugins/com.st.stm32cube.ide.mcu.externaltools.gnu-tools-for-stm32.12.3.rel1.win32_1.0.200.202406191623/tools/bin/../lib/gcc/arm-none-eabi/12.3.1/../../../../arm-none-eabi/lib/thumb/v7e-m+fp/hard\libc_nano.a
END GROUP
START GROUP
LOAD C:/ST/STM32CubeIDE_1.16.1/STM32CubeIDE/plugins/com.st.stm32cube.ide.mcu.externaltools.gnu-tools-for-stm32.12.3.rel1.win32_1.0.200.202406191623/tools/bin/../lib/gcc/arm-none-eabi/12.3.1/thumb/v7e-m+fp/hard\libgcc.a
LOAD C:/ST/STM32CubeIDE_1.16.1/STM32CubeIDE/plugins/com.st.stm32cube.ide.mcu.externaltools.gnu-tools-for-stm32.12.3.rel1.win32_1.0.200.202406191623/tools/bin/../lib/gcc/arm-none-eabi/12.3.1/../../../../arm-none-eabi/lib/thumb/v7e-m+fp/hard\libc_nano.a
LOAD C:/ST/STM32CubeIDE_1.16.1/STM32CubeIDE/plugins/com.st.stm32cube.ide.mcu.externaltools.gnu-tools-for-stm32.12.3.rel1.win32_1.0.200.202406191623/tools/bin/../lib/gcc/arm-none-eabi/12.3.1/../../../../arm-none-eabi/lib/thumb/v7e-m+fp/hard\libnosys.a
END GROUP
START GROUP
LOAD C:/ST/STM32CubeIDE_1.16.1/STM32CubeIDE/plugins/com.st.stm32cube.ide.mcu.externaltools.gnu-tools-for-stm32.12.3.rel1.win32_1.0.200.202406191623/tools/bin/../lib/gcc/arm-none-eabi/12.3.1/thumb/v7e-m+fp/hard\libgcc.a
LOAD C:/ST/STM32CubeIDE_1.16.1/STM32CubeIDE/plugins/com.st.stm32cube.ide.mcu.externaltools.gnu-tools-for-stm32.12.3.rel1.win32_1.0.200.202406191623/tools/bin/../lib/gcc/arm-none-eabi/12.3.1/../../../../arm-none-eabi/lib/thumb/v7e-m+fp/hard\libc_nano.a
LOAD C:/ST/STM32CubeIDE_1.16.1/STM32CubeIDE/plugins/com.st.stm32cube.ide.mcu.externaltools.gnu-tools-for-stm32.12.3.rel1.win32_1.0.200.202406191623/tools/bin/../lib/gcc/arm-none-eabi/12.3.1/../../../../arm-none-eabi/lib/thumb/v7e-m+fp/hard\libnosys.a
END GROUP
LOAD C:/ST/STM32CubeIDE_1.16.1/STM32CubeIDE/plugins/com.st.stm32cube.ide.mcu.externaltools.gnu-tools-for-stm32.12.3.rel1.win32_1.0.200.202406191623/tools/bin/../lib/gcc/arm-none-eabi/12.3.1/thumb/v7e-m+fp/hard/crtend.o
LOAD C:/ST/STM32CubeIDE_1.16.1/STM32CubeIDE/plugins/com.st.stm32cube.ide.mcu.externaltools.gnu-tools-for-stm32.12.3.rel1.win32_1.0.200.202406191623/tools/bin/../lib/gcc/arm-none-eabi/12.3.1/thumb/v7e-m+fp/hard/crtn.o
                0x20020000                        _estack = (ORIGIN (RAM) + LENGTH (RAM))
                0x00000200                        _Min_Heap_Size = 0x200
                0x00000400                        _Min_Stack_Size = 0x400

.isr_vector     0x08000000      0x188
                0x08000000                        . = ALIGN (0x4)
 *(.isr_vector)
 .isr_vector    0x08000000      0x188 ./Core/Startup/startup_stm32f407vgtx.o
                0x08000000                g_pfnVectors
                0x08000188                        . = ALIGN (0x4)

.text           0x08000190     0xcca8
                0x08000190                        . = ALIGN (0x4)
 *(.text)
 .text          0x08000190       0x40 C:/ST/STM32CubeIDE_1.16.1/STM32CubeIDE/plugins/com.st.stm32cube.ide.mcu.externaltools.gnu-tools-for-stm32.12.3.rel1.win32_1.0.200.202406191623/tools/bin/../lib/gcc/arm-none-eabi/12.3.1/thumb/v7e-m+fp/hard/crtbegin.o
 .text          0x080001d0       0x30 C:/ST/STM32CubeIDE_1.16.1/STM32CubeIDE/plugins/com.st.stm32cube.ide.mcu.externaltools.gnu-tools-for-stm32.12.3.rel1.win32_1.0.200.202406191623/tools/bin/../lib/gcc/arm-none-eabi/12.3.1/thumb/v7e-m+fp/hard\libgcc.a(_aeabi_uldivmod.o)
                0x080001d0                __aeabi_uldivmod
 .text          0x08000200      0x2bc C:/ST/STM32CubeIDE_1.16.1/STM32CubeIDE/plugins/com.st.stm32cube.ide.mcu.externaltools.gnu-tools-for-stm32.12.3.rel1.win32_1.0.200.202406191623/tools/bin/../lib/gcc/arm-none-eabi/12.3.1/thumb/v7e-m+fp/hard\libgcc.a(_udivmoddi4.o)
                0x08000200                __udivmoddi4
 .text          0x080004bc        0x4 C:/ST/STM32CubeIDE_1.16.1/STM32CubeIDE/plugins/com.st.stm32cube.ide.mcu.externaltools.gnu-tools-for-stm32.12.3.rel1.win32_1.0.200.202406191623/tools/bin/../lib/gcc/arm-none-eabi/12.3.1/thumb/v7e-m+fp/hard\libgcc.a(_dvmd_tls.o)
                0x080004bc                __aeabi_idiv0
                0x080004bc                __aeabi_ldiv0
 *(.text*)
 .text.main     0x080004c0       0xe4 ./Core/Src/main.o
                0x080004c0                main
 .text.SystemClock_Config
                0x080005a4       0xd4 ./Core/Src/main.o
                0x080005a4                SystemClock_Config
 .text.MX_I2C1_Init
                0x08000678       0x5c ./Core/Src/main.o
 .text.MX_I2S3_Init
                0x080006d4       0x60 ./Core/Src/main.o
 .text.MX_RNG_Init
                0x08000734       0x28 ./Core/Src/main.o
 .text.MX_SPI1_Init
                0x0800075c       0x6c ./Core/Src/main.o
 .text.MX_TIM7_Init
                0x080007c8       0x74 ./Core/Src/main.o
 .text.MX_GPIO_Init
                0x0800083c      0x1fc ./Core/Src/main.o
 .text.StartDefaultTask
                0x08000a38       0x44 ./Core/Src/main.o
                0x08000a38                StartDefaultTask
 .text.StartProducer
                0x08000a7c       0x6c ./Core/Src/main.o
                0x08000a7c                StartProducer
 .text.StartConsumer
                0x08000ae8       0x10 ./Core/Src/main.o
                0x08000ae8                StartConsumer
 .text.Callback01
                0x08000af8       0x14 ./Core/Src/main.o
                0x08000af8                Callback01
 .text.HAL_TIM_PeriodElapsedCallback
                0x08000b0c       0x40 ./Core/Src/main.o
                0x08000b0c                HAL_TIM_PeriodElapsedCallback
 .text.Error_Handler
                0x08000b4c        0xc ./Core/Src/main.o
                0x08000b4c                Error_Handler
 .text.HAL_MspInit
                0x08000b58       0x58 ./Core/Src/stm32f4xx_hal_msp.o
                0x08000b58                HAL_MspInit
 .text.HAL_I2C_MspInit
                0x08000bb0       0x90 ./Core/Src/stm32f4xx_hal_msp.o
                0x08000bb0                HAL_I2C_MspInit
 .text.HAL_I2S_MspInit
                0x08000c40      0x100 ./Core/Src/stm32f4xx_hal_msp.o
                0x08000c40                HAL_I2S_MspInit
 .text.HAL_RNG_MspInit
                0x08000d40       0x44 ./Core/Src/stm32f4xx_hal_msp.o
                0x08000d40                HAL_RNG_MspInit
 .text.HAL_SPI_MspInit
                0x08000d84       0x90 ./Core/Src/stm32f4xx_hal_msp.o
                0x08000d84                HAL_SPI_MspInit
 .text.HAL_TIM_Base_MspInit
                0x08000e14       0x50 ./Core/Src/stm32f4xx_hal_msp.o
                0x08000e14                HAL_TIM_Base_MspInit
 .text.HAL_InitTick
                0x08000e64       0xf8 ./Core/Src/stm32f4xx_hal_timebase_tim.o
                0x08000e64                HAL_InitTick
 .text.NMI_Handler
                0x08000f5c        0x8 ./Core/Src/stm32f4xx_it.o
                0x08000f5c                NMI_Handler
 .text.HardFault_Handler
                0x08000f64        0x8 ./Core/Src/stm32f4xx_it.o
                0x08000f64                HardFault_Handler
 .text.MemManage_Handler
                0x08000f6c        0x8 ./Core/Src/stm32f4xx_it.o
                0x08000f6c                MemManage_Handler
 .text.BusFault_Handler
                0x08000f74        0x8 ./Core/Src/stm32f4xx_it.o
                0x08000f74                BusFault_Handler
 .text.UsageFault_Handler
                0x08000f7c        0x8 ./Core/Src/stm32f4xx_it.o
                0x08000f7c                UsageFault_Handler
 .text.DebugMon_Handler
                0x08000f84        0xe ./Core/Src/stm32f4xx_it.o
                0x08000f84                DebugMon_Handler
 *fill*         0x08000f92        0x2 
 .text.TIM6_DAC_IRQHandler
                0x08000f94       0x14 ./Core/Src/stm32f4xx_it.o
                0x08000f94                TIM6_DAC_IRQHandler
 .text.TIM7_IRQHandler
                0x08000fa8       0x14 ./Core/Src/stm32f4xx_it.o
                0x08000fa8                TIM7_IRQHandler
 .text.OTG_FS_IRQHandler
                0x08000fbc       0x14 ./Core/Src/stm32f4xx_it.o
                0x08000fbc                OTG_FS_IRQHandler
 .text._sbrk    0x08000fd0       0x6c ./Core/Src/sysmem.o
                0x08000fd0                _sbrk
 .text.SystemInit
                0x0800103c       0x24 ./Core/Src/system_stm32f4xx.o
                0x0800103c                SystemInit
 .text.Reset_Handler
                0x08001060       0x50 ./Core/Startup/startup_stm32f407vgtx.o
                0x08001060                Reset_Handler
 .text.Default_Handler
                0x080010b0        0x2 ./Core/Startup/startup_stm32f407vgtx.o
                0x080010b0                RTC_Alarm_IRQHandler
                0x080010b0                HASH_RNG_IRQHandler
                0x080010b0                EXTI2_IRQHandler
                0x080010b0                TIM8_CC_IRQHandler
                0x080010b0                TIM1_CC_IRQHandler
                0x080010b0                DMA2_Stream5_IRQHandler
                0x080010b0                DMA1_Stream5_IRQHandler
                0x080010b0                PVD_IRQHandler
                0x080010b0                SDIO_IRQHandler
                0x080010b0                TAMP_STAMP_IRQHandler
                0x080010b0                CAN2_RX1_IRQHandler
                0x080010b0                EXTI3_IRQHandler
                0x080010b0                TIM8_TRG_COM_TIM14_IRQHandler
                0x080010b0                TIM1_UP_TIM10_IRQHandler
                0x080010b0                TIM8_UP_TIM13_IRQHandler
                0x080010b0                I2C3_ER_IRQHandler
                0x080010b0                EXTI0_IRQHandler
                0x080010b0                I2C2_EV_IRQHandler
                0x080010b0                DMA1_Stream2_IRQHandler
                0x080010b0                CAN1_RX0_IRQHandler
                0x080010b0                FPU_IRQHandler
                0x080010b0                OTG_HS_WKUP_IRQHandler
                0x080010b0                CAN2_SCE_IRQHandler
                0x080010b0                DMA2_Stream2_IRQHandler
                0x080010b0                SPI1_IRQHandler
                0x080010b0                TIM1_BRK_TIM9_IRQHandler
                0x080010b0                DCMI_IRQHandler
                0x080010b0                CAN2_RX0_IRQHandler
                0x080010b0                DMA2_Stream3_IRQHandler
                0x080010b0                USART6_IRQHandler
                0x080010b0                USART3_IRQHandler
                0x080010b0                CAN1_RX1_IRQHandler
                0x080010b0                UART5_IRQHandler
                0x080010b0                DMA2_Stream0_IRQHandler
                0x080010b0                TIM4_IRQHandler
                0x080010b0                I2C1_EV_IRQHandler
                0x080010b0                DMA1_Stream6_IRQHandler
                0x080010b0                DMA1_Stream1_IRQHandler
                0x080010b0                UART4_IRQHandler
                0x080010b0                TIM3_IRQHandler
                0x080010b0                RCC_IRQHandler
                0x080010b0                TIM8_BRK_TIM12_IRQHandler
                0x080010b0                Default_Handler
                0x080010b0                EXTI15_10_IRQHandler
                0x080010b0                ADC_IRQHandler
                0x080010b0                DMA1_Stream7_IRQHandler
                0x080010b0                CAN2_TX_IRQHandler
                0x080010b0                TIM5_IRQHandler
                0x080010b0                DMA2_Stream7_IRQHandler
                0x080010b0                I2C3_EV_IRQHandler
                0x080010b0                EXTI9_5_IRQHandler
                0x080010b0                RTC_WKUP_IRQHandler
                0x080010b0                ETH_WKUP_IRQHandler
                0x080010b0                SPI2_IRQHandler
                0x080010b0                OTG_HS_EP1_IN_IRQHandler
                0x080010b0                DMA1_Stream0_IRQHandler
                0x080010b0                CAN1_TX_IRQHandler
                0x080010b0                EXTI4_IRQHandler
                0x080010b0                FSMC_IRQHandler
                0x080010b0                ETH_IRQHandler
                0x080010b0                OTG_HS_EP1_OUT_IRQHandler
                0x080010b0                WWDG_IRQHandler
                0x080010b0                TIM2_IRQHandler
                0x080010b0                OTG_FS_WKUP_IRQHandler
                0x080010b0                TIM1_TRG_COM_TIM11_IRQHandler
                0x080010b0                OTG_HS_IRQHandler
                0x080010b0                EXTI1_IRQHandler
                0x080010b0                USART2_IRQHandler
                0x080010b0                I2C2_ER_IRQHandler
                0x080010b0                DMA2_Stream1_IRQHandler
                0x080010b0                CAN1_SCE_IRQHandler
                0x080010b0                FLASH_IRQHandler
                0x080010b0                DMA2_Stream4_IRQHandler
                0x080010b0                USART1_IRQHandler
                0x080010b0                SPI3_IRQHandler
                0x080010b0                DMA1_Stream4_IRQHandler
                0x080010b0                I2C1_ER_IRQHandler
                0x080010b0                DMA2_Stream6_IRQHandler
                0x080010b0                DMA1_Stream3_IRQHandler
 *fill*         0x080010b2        0x2 
 .text.HAL_Init
                0x080010b4       0x44 ./Drivers/STM32F4xx_HAL_Driver/Src/stm32f4xx_hal.o
                0x080010b4                HAL_Init
 .text.HAL_IncTick
                0x080010f8       0x28 ./Drivers/STM32F4xx_HAL_Driver/Src/stm32f4xx_hal.o
                0x080010f8                HAL_IncTick
 .text.HAL_GetTick
                0x08001120       0x18 ./Drivers/STM32F4xx_HAL_Driver/Src/stm32f4xx_hal.o
                0x08001120                HAL_GetTick
 .text.HAL_Delay
                0x08001138       0x48 ./Drivers/STM32F4xx_HAL_Driver/Src/stm32f4xx_hal.o
                0x08001138                HAL_Delay
 .text.__NVIC_SetPriorityGrouping
                0x08001180       0x48 ./Drivers/STM32F4xx_HAL_Driver/Src/stm32f4xx_hal_cortex.o
 .text.__NVIC_GetPriorityGrouping
                0x080011c8       0x1c ./Drivers/STM32F4xx_HAL_Driver/Src/stm32f4xx_hal_cortex.o
 .text.__NVIC_EnableIRQ
                0x080011e4       0x3c ./Drivers/STM32F4xx_HAL_Driver/Src/stm32f4xx_hal_cortex.o
 .text.__NVIC_SetPriority
                0x08001220       0x54 ./Drivers/STM32F4xx_HAL_Driver/Src/stm32f4xx_hal_cortex.o
 .text.NVIC_EncodePriority
                0x08001274       0x66 ./Drivers/STM32F4xx_HAL_Driver/Src/stm32f4xx_hal_cortex.o
 .text.HAL_NVIC_SetPriorityGrouping
                0x080012da       0x16 ./Drivers/STM32F4xx_HAL_Driver/Src/stm32f4xx_hal_cortex.o
                0x080012da                HAL_NVIC_SetPriorityGrouping
 .text.HAL_NVIC_SetPriority
                0x080012f0       0x38 ./Drivers/STM32F4xx_HAL_Driver/Src/stm32f4xx_hal_cortex.o
                0x080012f0                HAL_NVIC_SetPriority
 .text.HAL_NVIC_EnableIRQ
                0x08001328       0x1c ./Drivers/STM32F4xx_HAL_Driver/Src/stm32f4xx_hal_cortex.o
                0x08001328                HAL_NVIC_EnableIRQ
 .text.HAL_GPIO_Init
                0x08001344      0x338 ./Drivers/STM32F4xx_HAL_Driver/Src/stm32f4xx_hal_gpio.o
                0x08001344                HAL_GPIO_Init
 .text.HAL_GPIO_ReadPin
                0x0800167c       0x30 ./Drivers/STM32F4xx_HAL_Driver/Src/stm32f4xx_hal_gpio.o
                0x0800167c                HAL_GPIO_ReadPin
 .text.HAL_GPIO_WritePin
                0x080016ac       0x32 ./Drivers/STM32F4xx_HAL_Driver/Src/stm32f4xx_hal_gpio.o
                0x080016ac                HAL_GPIO_WritePin
 .text.HAL_GPIO_TogglePin
                0x080016de       0x34 ./Drivers/STM32F4xx_HAL_Driver/Src/stm32f4xx_hal_gpio.o
                0x080016de                HAL_GPIO_TogglePin
 .text.HAL_HCD_Init
                0x08001712       0xce ./Drivers/STM32F4xx_HAL_Driver/Src/stm32f4xx_hal_hcd.o
                0x08001712                HAL_HCD_Init
 .text.HAL_HCD_HC_Init
                0x080017e0      0x170 ./Drivers/STM32F4xx_HAL_Driver/Src/stm32f4xx_hal_hcd.o
                0x080017e0                HAL_HCD_HC_Init
 .text.HAL_HCD_HC_Halt
                0x08001950       0x46 ./Drivers/STM32F4xx_HAL_Driver/Src/stm32f4xx_hal_hcd.o
                0x08001950                HAL_HCD_HC_Halt
 *fill*         0x08001996        0x2 
 .text.HAL_HCD_HC_SubmitRequest
                0x08001998      0x33c ./Drivers/STM32F4xx_HAL_Driver/Src/stm32f4xx_hal_hcd.o
                0x08001998                HAL_HCD_HC_SubmitRequest
 .text.HAL_HCD_IRQHandler
                0x08001cd4      0x220 ./Drivers/STM32F4xx_HAL_Driver/Src/stm32f4xx_hal_hcd.o
                0x08001cd4                HAL_HCD_IRQHandler
 .text.HAL_HCD_Start
                0x08001ef4       0x46 ./Drivers/STM32F4xx_HAL_Driver/Src/stm32f4xx_hal_hcd.o
                0x08001ef4                HAL_HCD_Start
 .text.HAL_HCD_Stop
                0x08001f3a       0x3a ./Drivers/STM32F4xx_HAL_Driver/Src/stm32f4xx_hal_hcd.o
                0x08001f3a                HAL_HCD_Stop
 .text.HAL_HCD_ResetPort
                0x08001f74       0x1c ./Drivers/STM32F4xx_HAL_Driver/Src/stm32f4xx_hal_hcd.o
                0x08001f74                HAL_HCD_ResetPort
 .text.HAL_HCD_HC_GetURBState
                0x08001f90       0x2a ./Drivers/STM32F4xx_HAL_Driver/Src/stm32f4xx_hal_hcd.o
                0x08001f90                HAL_HCD_HC_GetURBState
 .text.HAL_HCD_HC_GetXferCount
                0x08001fba       0x2a ./Drivers/STM32F4xx_HAL_Driver/Src/stm32f4xx_hal_hcd.o
                0x08001fba                HAL_HCD_HC_GetXferCount
 .text.HAL_HCD_GetCurrentFrame
                0x08001fe4       0x1c ./Drivers/STM32F4xx_HAL_Driver/Src/stm32f4xx_hal_hcd.o
                0x08001fe4                HAL_HCD_GetCurrentFrame
 .text.HAL_HCD_GetCurrentSpeed
                0x08002000       0x1c ./Drivers/STM32F4xx_HAL_Driver/Src/stm32f4xx_hal_hcd.o
                0x08002000                HAL_HCD_GetCurrentSpeed
 .text.HAL_HCD_HC_ClearHubInfo
                0x0800201c       0x6a ./Drivers/STM32F4xx_HAL_Driver/Src/stm32f4xx_hal_hcd.o
                0x0800201c                HAL_HCD_HC_ClearHubInfo
 .text.HCD_HC_IN_IRQHandler
                0x08002086      0xcd2 ./Drivers/STM32F4xx_HAL_Driver/Src/stm32f4xx_hal_hcd.o
 .text.HCD_HC_OUT_IRQHandler
                0x08002d58      0x97e ./Drivers/STM32F4xx_HAL_Driver/Src/stm32f4xx_hal_hcd.o
 .text.HCD_RXQLVL_IRQHandler
                0x080036d6      0x1be ./Drivers/STM32F4xx_HAL_Driver/Src/stm32f4xx_hal_hcd.o
 .text.HCD_Port_IRQHandler
                0x08003894       0xe6 ./Drivers/STM32F4xx_HAL_Driver/Src/stm32f4xx_hal_hcd.o
 *fill*         0x0800397a        0x2 
 .text.HAL_I2C_Init
                0x0800397c      0x288 ./Drivers/STM32F4xx_HAL_Driver/Src/stm32f4xx_hal_i2c.o
                0x0800397c                HAL_I2C_Init
 .text.HAL_I2S_Init
                0x08003c04      0x280 ./Drivers/STM32F4xx_HAL_Driver/Src/stm32f4xx_hal_i2s.o
                0x08003c04                HAL_I2S_Init
 .text.HAL_I2S_TxCpltCallback
                0x08003e84       0x14 ./Drivers/STM32F4xx_HAL_Driver/Src/stm32f4xx_hal_i2s.o
                0x08003e84                HAL_I2S_TxCpltCallback
 .text.HAL_I2S_RxCpltCallback
                0x08003e98       0x14 ./Drivers/STM32F4xx_HAL_Driver/Src/stm32f4xx_hal_i2s.o
                0x08003e98                HAL_I2S_RxCpltCallback
 .text.HAL_I2S_ErrorCallback
                0x08003eac       0x14 ./Drivers/STM32F4xx_HAL_Driver/Src/stm32f4xx_hal_i2s.o
                0x08003eac                HAL_I2S_ErrorCallback
 .text.I2S_Transmit_IT
                0x08003ec0       0x5c ./Drivers/STM32F4xx_HAL_Driver/Src/stm32f4xx_hal_i2s.o
 .text.I2S_Receive_IT
                0x08003f1c       0x5e ./Drivers/STM32F4xx_HAL_Driver/Src/stm32f4xx_hal_i2s.o
 .text.I2S_IRQHandler
                0x08003f7a      0x114 ./Drivers/STM32F4xx_HAL_Driver/Src/stm32f4xx_hal_i2s.o
 *fill*         0x0800408e        0x2 
 .text.HAL_I2SEx_FullDuplex_IRQHandler
                0x08004090      0x2a8 ./Drivers/STM32F4xx_HAL_Driver/Src/stm32f4xx_hal_i2s_ex.o
                0x08004090                HAL_I2SEx_FullDuplex_IRQHandler
 .text.HAL_I2SEx_TxRxCpltCallback
                0x08004338       0x14 ./Drivers/STM32F4xx_HAL_Driver/Src/stm32f4xx_hal_i2s_ex.o
                0x08004338                HAL_I2SEx_TxRxCpltCallback
 .text.I2SEx_TxISR_I2S
                0x0800434c       0x62 ./Drivers/STM32F4xx_HAL_Driver/Src/stm32f4xx_hal_i2s_ex.o
 *fill*         0x080043ae        0x2 
 .text.I2SEx_TxISR_I2SExt
                0x080043b0       0x98 ./Drivers/STM32F4xx_HAL_Driver/Src/stm32f4xx_hal_i2s_ex.o
 .text.I2SEx_RxISR_I2S
                0x08004448       0x64 ./Drivers/STM32F4xx_HAL_Driver/Src/stm32f4xx_hal_i2s_ex.o
 .text.I2SEx_RxISR_I2SExt
                0x080044ac       0x98 ./Drivers/STM32F4xx_HAL_Driver/Src/stm32f4xx_hal_i2s_ex.o
 .text.HAL_RCC_OscConfig
                0x08004544      0x4f0 ./Drivers/STM32F4xx_HAL_Driver/Src/stm32f4xx_hal_rcc.o
                0x08004544                HAL_RCC_OscConfig
 .text.HAL_RCC_ClockConfig
                0x08004a34      0x1cc ./Drivers/STM32F4xx_HAL_Driver/Src/stm32f4xx_hal_rcc.o
                0x08004a34                HAL_RCC_ClockConfig
 .text.HAL_RCC_GetSysClockFreq
                0x08004c00      0x20c ./Drivers/STM32F4xx_HAL_Driver/Src/stm32f4xx_hal_rcc.o
                0x08004c00                HAL_RCC_GetSysClockFreq
 .text.HAL_RCC_GetHCLKFreq
                0x08004e0c       0x18 ./Drivers/STM32F4xx_HAL_Driver/Src/stm32f4xx_hal_rcc.o
                0x08004e0c                HAL_RCC_GetHCLKFreq
 .text.HAL_RCC_GetPCLK1Freq
                0x08004e24       0x28 ./Drivers/STM32F4xx_HAL_Driver/Src/stm32f4xx_hal_rcc.o
                0x08004e24                HAL_RCC_GetPCLK1Freq
 .text.HAL_RCC_GetClockConfig
                0x08004e4c       0x64 ./Drivers/STM32F4xx_HAL_Driver/Src/stm32f4xx_hal_rcc.o
                0x08004e4c                HAL_RCC_GetClockConfig
 .text.HAL_RCCEx_PeriphCLKConfig
                0x08004eb0      0x1c4 ./Drivers/STM32F4xx_HAL_Driver/Src/stm32f4xx_hal_rcc_ex.o
                0x08004eb0                HAL_RCCEx_PeriphCLKConfig
 .text.HAL_RCCEx_GetPeriphCLKFreq
                0x08005074       0xc0 ./Drivers/STM32F4xx_HAL_Driver/Src/stm32f4xx_hal_rcc_ex.o
                0x08005074                HAL_RCCEx_GetPeriphCLKFreq
 .text.HAL_RNG_Init
                0x08005134       0x54 ./Drivers/STM32F4xx_HAL_Driver/Src/stm32f4xx_hal_rng.o
                0x08005134                HAL_RNG_Init
 .text.HAL_RNG_GenerateRandomNumber
                0x08005188       0xac ./Drivers/STM32F4xx_HAL_Driver/Src/stm32f4xx_hal_rng.o
                0x08005188                HAL_RNG_GenerateRandomNumber
 .text.HAL_SPI_Init
                0x08005234      0x112 ./Drivers/STM32F4xx_HAL_Driver/Src/stm32f4xx_hal_spi.o
                0x08005234                HAL_SPI_Init
 .text.HAL_TIM_Base_Init
                0x08005346       0x9e ./Drivers/STM32F4xx_HAL_Driver/Src/stm32f4xx_hal_tim.o
                0x08005346                HAL_TIM_Base_Init
 .text.HAL_TIM_Base_Start_IT
                0x080053e4       0xe0 ./Drivers/STM32F4xx_HAL_Driver/Src/stm32f4xx_hal_tim.o
                0x080053e4                HAL_TIM_Base_Start_IT
 .text.HAL_TIM_IRQHandler
                0x080054c4      0x1e0 ./Drivers/STM32F4xx_HAL_Driver/Src/stm32f4xx_hal_tim.o
                0x080054c4                HAL_TIM_IRQHandler
 .text.HAL_TIM_OC_DelayElapsedCallback
                0x080056a4       0x14 ./Drivers/STM32F4xx_HAL_Driver/Src/stm32f4xx_hal_tim.o
                0x080056a4                HAL_TIM_OC_DelayElapsedCallback
 .text.HAL_TIM_IC_CaptureCallback
                0x080056b8       0x14 ./Drivers/STM32F4xx_HAL_Driver/Src/stm32f4xx_hal_tim.o
                0x080056b8                HAL_TIM_IC_CaptureCallback
 .text.HAL_TIM_PWM_PulseFinishedCallback
                0x080056cc       0x14 ./Drivers/STM32F4xx_HAL_Driver/Src/stm32f4xx_hal_tim.o
                0x080056cc                HAL_TIM_PWM_PulseFinishedCallback
 .text.HAL_TIM_TriggerCallback
                0x080056e0       0x14 ./Drivers/STM32F4xx_HAL_Driver/Src/stm32f4xx_hal_tim.o
                0x080056e0                HAL_TIM_TriggerCallback
 .text.TIM_Base_SetConfig
                0x080056f4      0x158 ./Drivers/STM32F4xx_HAL_Driver/Src/stm32f4xx_hal_tim.o
                0x080056f4                TIM_Base_SetConfig
 .text.HAL_TIMEx_MasterConfigSynchronization
                0x0800584c       0xf8 ./Drivers/STM32F4xx_HAL_Driver/Src/stm32f4xx_hal_tim_ex.o
                0x0800584c                HAL_TIMEx_MasterConfigSynchronization
 .text.HAL_TIMEx_CommutCallback
                0x08005944       0x14 ./Drivers/STM32F4xx_HAL_Driver/Src/stm32f4xx_hal_tim_ex.o
                0x08005944                HAL_TIMEx_CommutCallback
 .text.HAL_TIMEx_BreakCallback
                0x08005958       0x14 ./Drivers/STM32F4xx_HAL_Driver/Src/stm32f4xx_hal_tim_ex.o
                0x08005958                HAL_TIMEx_BreakCallback
 .text.USB_CoreInit
                0x0800596c       0xc8 ./Drivers/STM32F4xx_HAL_Driver/Src/stm32f4xx_ll_usb.o
                0x0800596c                USB_CoreInit
 .text.USB_EnableGlobalInt
                0x08005a34       0x22 ./Drivers/STM32F4xx_HAL_Driver/Src/stm32f4xx_ll_usb.o
                0x08005a34                USB_EnableGlobalInt
 .text.USB_DisableGlobalInt
                0x08005a56       0x22 ./Drivers/STM32F4xx_HAL_Driver/Src/stm32f4xx_ll_usb.o
                0x08005a56                USB_DisableGlobalInt
 .text.USB_SetCurrentMode
                0x08005a78       0x98 ./Drivers/STM32F4xx_HAL_Driver/Src/stm32f4xx_ll_usb.o
                0x08005a78                USB_SetCurrentMode
 .text.USB_FlushTxFifo
                0x08005b10       0x64 ./Drivers/STM32F4xx_HAL_Driver/Src/stm32f4xx_ll_usb.o
                0x08005b10                USB_FlushTxFifo
 .text.USB_FlushRxFifo
                0x08005b74       0x5c ./Drivers/STM32F4xx_HAL_Driver/Src/stm32f4xx_ll_usb.o
                0x08005b74                USB_FlushRxFifo
 .text.USB_WritePacket
                0x08005bd0       0x7c ./Drivers/STM32F4xx_HAL_Driver/Src/stm32f4xx_ll_usb.o
                0x08005bd0                USB_WritePacket
 .text.USB_ReadPacket
                0x08005c4c       0xb0 ./Drivers/STM32F4xx_HAL_Driver/Src/stm32f4xx_ll_usb.o
                0x08005c4c                USB_ReadPacket
 .text.USB_ReadInterrupts
                0x08005cfc       0x26 ./Drivers/STM32F4xx_HAL_Driver/Src/stm32f4xx_ll_usb.o
                0x08005cfc                USB_ReadInterrupts
 .text.USB_ReadChInterrupts
                0x08005d22       0x42 ./Drivers/STM32F4xx_HAL_Driver/Src/stm32f4xx_ll_usb.o
                0x08005d22                USB_ReadChInterrupts
 .text.USB_GetMode
                0x08005d64       0x1c ./Drivers/STM32F4xx_HAL_Driver/Src/stm32f4xx_ll_usb.o
                0x08005d64                USB_GetMode
 .text.USB_CoreReset
                0x08005d80       0x62 ./Drivers/STM32F4xx_HAL_Driver/Src/stm32f4xx_ll_usb.o
 *fill*         0x08005de2        0x2 
 .text.USB_HostInit
                0x08005de4      0x188 ./Drivers/STM32F4xx_HAL_Driver/Src/stm32f4xx_ll_usb.o
                0x08005de4                USB_HostInit
 .text.USB_InitFSLSPClkSel
                0x08005f6c       0x7a ./Drivers/STM32F4xx_HAL_Driver/Src/stm32f4xx_ll_usb.o
                0x08005f6c                USB_InitFSLSPClkSel
 .text.USB_ResetPort
                0x08005fe6       0x54 ./Drivers/STM32F4xx_HAL_Driver/Src/stm32f4xx_ll_usb.o
                0x08005fe6                USB_ResetPort
 .text.USB_DriveVbus
                0x0800603a       0x72 ./Drivers/STM32F4xx_HAL_Driver/Src/stm32f4xx_ll_usb.o
                0x0800603a                USB_DriveVbus
 .text.USB_GetHostSpeed
                0x080060ac       0x2e ./Drivers/STM32F4xx_HAL_Driver/Src/stm32f4xx_ll_usb.o
                0x080060ac                USB_GetHostSpeed
 .text.USB_GetCurrentFrame
                0x080060da       0x22 ./Drivers/STM32F4xx_HAL_Driver/Src/stm32f4xx_ll_usb.o
                0x080060da                USB_GetCurrentFrame
 .text.USB_HC_Init
                0x080060fc      0x258 ./Drivers/STM32F4xx_HAL_Driver/Src/stm32f4xx_ll_usb.o
                0x080060fc                USB_HC_Init
 .text.USB_HC_StartXfer
                0x08006354      0x4f4 ./Drivers/STM32F4xx_HAL_Driver/Src/stm32f4xx_ll_usb.o
                0x08006354                USB_HC_StartXfer
 .text.USB_HC_ReadInterrupt
                0x08006848       0x22 ./Drivers/STM32F4xx_HAL_Driver/Src/stm32f4xx_ll_usb.o
                0x08006848                USB_HC_ReadInterrupt
 .text.USB_HC_Halt
                0x0800686a      0x240 ./Drivers/STM32F4xx_HAL_Driver/Src/stm32f4xx_ll_usb.o
                0x0800686a                USB_HC_Halt
 *fill*         0x08006aaa        0x2 
 .text.USB_DoPing
                0x08006aac       0x78 ./Drivers/STM32F4xx_HAL_Driver/Src/stm32f4xx_ll_usb.o
                0x08006aac                USB_DoPing
 .text.USB_StopHost
                0x08006b24      0x124 ./Drivers/STM32F4xx_HAL_Driver/Src/stm32f4xx_ll_usb.o
                0x08006b24                USB_StopHost
 .text.USBH_CDC_InterfaceInit
                0x08006c48      0x2ac ./Middlewares/ST/STM32_USB_Host_Library/Class/CDC/Src/usbh_cdc.o
 .text.USBH_CDC_InterfaceDeInit
                0x08006ef4       0xb2 ./Middlewares/ST/STM32_USB_Host_Library/Class/CDC/Src/usbh_cdc.o
 .text.USBH_CDC_ClassRequest
                0x08006fa6       0x3e ./Middlewares/ST/STM32_USB_Host_Library/Class/CDC/Src/usbh_cdc.o
 .text.USBH_CDC_Process
                0x08006fe4      0x12c ./Middlewares/ST/STM32_USB_Host_Library/Class/CDC/Src/usbh_cdc.o
 .text.USBH_CDC_SOFProcess
                0x08007110       0x16 ./Middlewares/ST/STM32_USB_Host_Library/Class/CDC/Src/usbh_cdc.o
 .text.GetLineCoding
                0x08007126       0x3e ./Middlewares/ST/STM32_USB_Host_Library/Class/CDC/Src/usbh_cdc.o
 .text.SetLineCoding
                0x08007164       0x3e ./Middlewares/ST/STM32_USB_Host_Library/Class/CDC/Src/usbh_cdc.o
 .text.CDC_ProcessTransmission
                0x080071a2      0x124 ./Middlewares/ST/STM32_USB_Host_Library/Class/CDC/Src/usbh_cdc.o
 .text.CDC_ProcessReception
                0x080072c6       0xd2 ./Middlewares/ST/STM32_USB_Host_Library/Class/CDC/Src/usbh_cdc.o
 .text.USBH_CDC_TransmitCallback
                0x08007398       0x14 ./Middlewares/ST/STM32_USB_Host_Library/Class/CDC/Src/usbh_cdc.o
                0x08007398                USBH_CDC_TransmitCallback
 .text.USBH_CDC_ReceiveCallback
                0x080073ac       0x14 ./Middlewares/ST/STM32_USB_Host_Library/Class/CDC/Src/usbh_cdc.o
                0x080073ac                USBH_CDC_ReceiveCallback
 .text.USBH_CDC_LineCodingChanged
                0x080073c0       0x14 ./Middlewares/ST/STM32_USB_Host_Library/Class/CDC/Src/usbh_cdc.o
                0x080073c0                USBH_CDC_LineCodingChanged
 .text.USBH_Init
                0x080073d4       0xb8 ./Middlewares/ST/STM32_USB_Host_Library/Core/Src/usbh_core.o
                0x080073d4                USBH_Init
 .text.DeInitStateMachine
                0x0800748c       0xe6 ./Middlewares/ST/STM32_USB_Host_Library/Core/Src/usbh_core.o
 .text.USBH_RegisterClass
                0x08007572       0x54 ./Middlewares/ST/STM32_USB_Host_Library/Core/Src/usbh_core.o
                0x08007572                USBH_RegisterClass
 .text.USBH_SelectInterface
                0x080075c6       0x38 ./Middlewares/ST/STM32_USB_Host_Library/Core/Src/usbh_core.o
                0x080075c6                USBH_SelectInterface
 .text.USBH_FindInterface
                0x080075fe       0x8c ./Middlewares/ST/STM32_USB_Host_Library/Core/Src/usbh_core.o
                0x080075fe                USBH_FindInterface
 .text.USBH_Start
                0x0800768a       0x20 ./Middlewares/ST/STM32_USB_Host_Library/Core/Src/usbh_core.o
                0x0800768a                USBH_Start
 *fill*         0x080076aa        0x2 
 .text.USBH_Process
                0x080076ac      0x4d4 ./Middlewares/ST/STM32_USB_Host_Library/Core/Src/usbh_core.o
                0x080076ac                USBH_Process
 .text.USBH_HandleEnum
                0x08007b80      0x450 ./Middlewares/ST/STM32_USB_Host_Library/Core/Src/usbh_core.o
 .text.USBH_LL_SetTimer
                0x08007fd0       0x1e ./Middlewares/ST/STM32_USB_Host_Library/Core/Src/usbh_core.o
                0x08007fd0                USBH_LL_SetTimer
 .text.USBH_LL_IncTimer
                0x08007fee       0x24 ./Middlewares/ST/STM32_USB_Host_Library/Core/Src/usbh_core.o
                0x08007fee                USBH_LL_IncTimer
 .text.USBH_HandleSof
                0x08008012       0x30 ./Middlewares/ST/STM32_USB_Host_Library/Core/Src/usbh_core.o
 .text.USBH_LL_PortEnabled
                0x08008042       0x34 ./Middlewares/ST/STM32_USB_Host_Library/Core/Src/usbh_core.o
                0x08008042                USBH_LL_PortEnabled
 .text.USBH_LL_PortDisabled
                0x08008076       0x1c ./Middlewares/ST/STM32_USB_Host_Library/Core/Src/usbh_core.o
                0x08008076                USBH_LL_PortDisabled
 .text.USBH_LL_Connect
                0x08008092       0x46 ./Middlewares/ST/STM32_USB_Host_Library/Core/Src/usbh_core.o
                0x08008092                USBH_LL_Connect
 .text.USBH_LL_Disconnect
                0x080080d8       0x64 ./Middlewares/ST/STM32_USB_Host_Library/Core/Src/usbh_core.o
                0x080080d8                USBH_LL_Disconnect
 .text.USBH_Process_OS
                0x0800813c       0x2e ./Middlewares/ST/STM32_USB_Host_Library/Core/Src/usbh_core.o
 .text.USBH_LL_NotifyURBChange
                0x0800816a       0x2e ./Middlewares/ST/STM32_USB_Host_Library/Core/Src/usbh_core.o
                0x0800816a                USBH_LL_NotifyURBChange
 .text.USBH_Get_DevDesc
                0x08008198       0x58 ./Middlewares/ST/STM32_USB_Host_Library/Core/Src/usbh_ctlreq.o
                0x08008198                USBH_Get_DevDesc
 .text.USBH_Get_CfgDesc
                0x080081f0       0x54 ./Middlewares/ST/STM32_USB_Host_Library/Core/Src/usbh_ctlreq.o
                0x080081f0                USBH_Get_CfgDesc
 .text.USBH_Get_StringDesc
                0x08008244       0x68 ./Middlewares/ST/STM32_USB_Host_Library/Core/Src/usbh_ctlreq.o
                0x08008244                USBH_Get_StringDesc
 .text.USBH_GetDescriptor
                0x080082ac       0x6a ./Middlewares/ST/STM32_USB_Host_Library/Core/Src/usbh_ctlreq.o
                0x080082ac                USBH_GetDescriptor
 .text.USBH_SetAddress
                0x08008316       0x48 ./Middlewares/ST/STM32_USB_Host_Library/Core/Src/usbh_ctlreq.o
                0x08008316                USBH_SetAddress
 .text.USBH_SetCfg
                0x0800835e       0x46 ./Middlewares/ST/STM32_USB_Host_Library/Core/Src/usbh_ctlreq.o
                0x0800835e                USBH_SetCfg
 .text.USBH_SetFeature
                0x080083a4       0x48 ./Middlewares/ST/STM32_USB_Host_Library/Core/Src/usbh_ctlreq.o
                0x080083a4                USBH_SetFeature
 .text.USBH_ClrFeature
                0x080083ec       0x48 ./Middlewares/ST/STM32_USB_Host_Library/Core/Src/usbh_ctlreq.o
                0x080083ec                USBH_ClrFeature
 .text.USBH_ParseDevDesc
                0x08008434      0x160 ./Middlewares/ST/STM32_USB_Host_Library/Core/Src/usbh_ctlreq.o
 .text.USBH_ParseCfgDesc
                0x08008594      0x1f0 ./Middlewares/ST/STM32_USB_Host_Library/Core/Src/usbh_ctlreq.o
 .text.USBH_ParseInterfaceDesc
                0x08008784       0x68 ./Middlewares/ST/STM32_USB_Host_Library/Core/Src/usbh_ctlreq.o
 .text.USBH_ParseEPDesc
                0x080087ec      0x1d0 ./Middlewares/ST/STM32_USB_Host_Library/Core/Src/usbh_ctlreq.o
 .text.USBH_ParseStringDesc
                0x080089bc       0x66 ./Middlewares/ST/STM32_USB_Host_Library/Core/Src/usbh_ctlreq.o
 .text.USBH_GetNextDesc
                0x08008a22       0x34 ./Middlewares/ST/STM32_USB_Host_Library/Core/Src/usbh_ctlreq.o
                0x08008a22                USBH_GetNextDesc
 .text.USBH_CtlReq
                0x08008a56       0xb2 ./Middlewares/ST/STM32_USB_Host_Library/Core/Src/usbh_ctlreq.o
                0x08008a56                USBH_CtlReq
 .text.USBH_HandleControl
                0x08008b08      0x490 ./Middlewares/ST/STM32_USB_Host_Library/Core/Src/usbh_ctlreq.o
 .text.USBH_CtlSendSetup
                0x08008f98       0x34 ./Middlewares/ST/STM32_USB_Host_Library/Core/Src/usbh_ioreq.o
                0x08008f98                USBH_CtlSendSetup
 .text.USBH_CtlSendData
                0x08008fcc       0x4a ./Middlewares/ST/STM32_USB_Host_Library/Core/Src/usbh_ioreq.o
                0x08008fcc                USBH_CtlSendData
 .text.USBH_CtlReceiveData
                0x08009016       0x3c ./Middlewares/ST/STM32_USB_Host_Library/Core/Src/usbh_ioreq.o
                0x08009016                USBH_CtlReceiveData
 .text.USBH_BulkSendData
                0x08009052       0x4a ./Middlewares/ST/STM32_USB_Host_Library/Core/Src/usbh_ioreq.o
                0x08009052                USBH_BulkSendData
 .text.USBH_BulkReceiveData
                0x0800909c       0x3c ./Middlewares/ST/STM32_USB_Host_Library/Core/Src/usbh_ioreq.o
                0x0800909c                USBH_BulkReceiveData
 .text.USBH_OpenPipe
                0x080090d8       0x3e ./Middlewares/ST/STM32_USB_Host_Library/Core/Src/usbh_pipes.o
                0x080090d8                USBH_OpenPipe
 .text.USBH_ClosePipe
                0x08009116       0x20 ./Middlewares/ST/STM32_USB_Host_Library/Core/Src/usbh_pipes.o
                0x08009116                USBH_ClosePipe
 .text.USBH_AllocPipe
                0x08009136       0x42 ./Middlewares/ST/STM32_USB_Host_Library/Core/Src/usbh_pipes.o
                0x08009136                USBH_AllocPipe
 .text.USBH_FreePipe
                0x08009178       0x3c ./Middlewares/ST/STM32_USB_Host_Library/Core/Src/usbh_pipes.o
                0x08009178                USBH_FreePipe
 .text.USBH_GetFreePipe
                0x080091b4       0x48 ./Middlewares/ST/STM32_USB_Host_Library/Core/Src/usbh_pipes.o
 .text.__NVIC_SetPriority
                0x080091fc       0x54 ./Middlewares/Third_Party/FreeRTOS/Source/CMSIS_RTOS_V2/cmsis_os2.o
 .text.SysTick_Handler
                0x08009250       0x20 ./Middlewares/Third_Party/FreeRTOS/Source/CMSIS_RTOS_V2/cmsis_os2.o
                0x08009250                SysTick_Handler
 .text.SVC_Setup
                0x08009270       0x12 ./Middlewares/Third_Party/FreeRTOS/Source/CMSIS_RTOS_V2/cmsis_os2.o
 *fill*         0x08009282        0x2 
 .text.osKernelInitialize
                0x08009284       0x48 ./Middlewares/Third_Party/FreeRTOS/Source/CMSIS_RTOS_V2/cmsis_os2.o
                0x08009284                osKernelInitialize
 .text.osKernelStart
                0x080092cc       0x4c ./Middlewares/Third_Party/FreeRTOS/Source/CMSIS_RTOS_V2/cmsis_os2.o
                0x080092cc                osKernelStart
 .text.osThreadNew
                0x08009318      0x124 ./Middlewares/Third_Party/FreeRTOS/Source/CMSIS_RTOS_V2/cmsis_os2.o
                0x08009318                osThreadNew
 .text.osDelay  0x0800943c       0x36 ./Middlewares/Third_Party/FreeRTOS/Source/CMSIS_RTOS_V2/cmsis_os2.o
                0x0800943c                osDelay
 .text.TimerCallback
                0x08009472       0x2a ./Middlewares/Third_Party/FreeRTOS/Source/CMSIS_RTOS_V2/cmsis_os2.o
 .text.osTimerNew
                0x0800949c       0xf8 ./Middlewares/Third_Party/FreeRTOS/Source/CMSIS_RTOS_V2/cmsis_os2.o
                0x0800949c                osTimerNew
 .text.osTimerStart
                0x08009594       0x5c ./Middlewares/Third_Party/FreeRTOS/Source/CMSIS_RTOS_V2/cmsis_os2.o
                0x08009594                osTimerStart
 .text.osMessageQueueNew
                0x080095f0       0xe6 ./Middlewares/Third_Party/FreeRTOS/Source/CMSIS_RTOS_V2/cmsis_os2.o
                0x080095f0                osMessageQueueNew
 *fill*         0x080096d6        0x2 
 .text.osMessageQueuePut
                0x080096d8       0xc0 ./Middlewares/Third_Party/FreeRTOS/Source/CMSIS_RTOS_V2/cmsis_os2.o
                0x080096d8                osMessageQueuePut
 .text.osMessageQueueGet
                0x08009798       0xbc ./Middlewares/Third_Party/FreeRTOS/Source/CMSIS_RTOS_V2/cmsis_os2.o
                0x08009798                osMessageQueueGet
 .text.vApplicationGetIdleTaskMemory
                0x08009854       0x34 ./Middlewares/Third_Party/FreeRTOS/Source/CMSIS_RTOS_V2/cmsis_os2.o
                0x08009854                vApplicationGetIdleTaskMemory
 .text.vApplicationGetTimerTaskMemory
                0x08009888       0x34 ./Middlewares/Third_Party/FreeRTOS/Source/CMSIS_RTOS_V2/cmsis_os2.o
                0x08009888                vApplicationGetTimerTaskMemory
 .text.vListInitialise
                0x080098bc       0x40 ./Middlewares/Third_Party/FreeRTOS/Source/list.o
                0x080098bc                vListInitialise
 .text.vListInitialiseItem
                0x080098fc       0x1a ./Middlewares/Third_Party/FreeRTOS/Source/list.o
                0x080098fc                vListInitialiseItem
 .text.vListInsertEnd
                0x08009916       0x48 ./Middlewares/Third_Party/FreeRTOS/Source/list.o
                0x08009916                vListInsertEnd
 .text.vListInsert
                0x0800995e       0x72 ./Middlewares/Third_Party/FreeRTOS/Source/list.o
                0x0800995e                vListInsert
 .text.uxListRemove
                0x080099d0       0x54 ./Middlewares/Third_Party/FreeRTOS/Source/list.o
                0x080099d0                uxListRemove
 .text.xQueueGenericReset
                0x08009a24       0xd4 ./Middlewares/Third_Party/FreeRTOS/Source/queue.o
                0x08009a24                xQueueGenericReset
 .text.xQueueGenericCreateStatic
                0x08009af8       0xfa ./Middlewares/Third_Party/FreeRTOS/Source/queue.o
                0x08009af8                xQueueGenericCreateStatic
 .text.xQueueGenericCreate
                0x08009bf2       0x76 ./Middlewares/Third_Party/FreeRTOS/Source/queue.o
                0x08009bf2                xQueueGenericCreate
 .text.prvInitialiseNewQueue
                0x08009c68       0x46 ./Middlewares/Third_Party/FreeRTOS/Source/queue.o
 *fill*         0x08009cae        0x2 
 .text.xQueueGenericSend
                0x08009cb0      0x204 ./Middlewares/Third_Party/FreeRTOS/Source/queue.o
                0x08009cb0                xQueueGenericSend
 .text.xQueueGenericSendFromISR
                0x08009eb4      0x13c ./Middlewares/Third_Party/FreeRTOS/Source/queue.o
                0x08009eb4                xQueueGenericSendFromISR
 .text.xQueueReceive
                0x08009ff0      0x1c4 ./Middlewares/Third_Party/FreeRTOS/Source/queue.o
                0x08009ff0                xQueueReceive
 .text.xQueueReceiveFromISR
                0x0800a1b4      0x104 ./Middlewares/Third_Party/FreeRTOS/Source/queue.o
                0x0800a1b4                xQueueReceiveFromISR
 .text.prvCopyDataToQueue
                0x0800a2b8       0xd4 ./Middlewares/Third_Party/FreeRTOS/Source/queue.o
 .text.prvCopyDataFromQueue
                0x0800a38c       0x4c ./Middlewares/Third_Party/FreeRTOS/Source/queue.o
 .text.prvUnlockQueue
                0x0800a3d8       0xa4 ./Middlewares/Third_Party/FreeRTOS/Source/queue.o
 .text.prvIsQueueEmpty
                0x0800a47c       0x2c ./Middlewares/Third_Party/FreeRTOS/Source/queue.o
 .text.prvIsQueueFull
                0x0800a4a8       0x30 ./Middlewares/Third_Party/FreeRTOS/Source/queue.o
 .text.vQueueAddToRegistry
                0x0800a4d8       0x54 ./Middlewares/Third_Party/FreeRTOS/Source/queue.o
                0x0800a4d8                vQueueAddToRegistry
 .text.vQueueWaitForMessageRestricted
                0x0800a52c       0x68 ./Middlewares/Third_Party/FreeRTOS/Source/queue.o
                0x0800a52c                vQueueWaitForMessageRestricted
 .text.xTaskCreateStatic
                0x0800a594       0xc0 ./Middlewares/Third_Party/FreeRTOS/Source/tasks.o
                0x0800a594                xTaskCreateStatic
 .text.xTaskCreate
                0x0800a654       0x8a ./Middlewares/Third_Party/FreeRTOS/Source/tasks.o
                0x0800a654                xTaskCreate
 *fill*         0x0800a6de        0x2 
 .text.prvInitialiseNewTask
                0x0800a6e0      0x150 ./Middlewares/Third_Party/FreeRTOS/Source/tasks.o
 .text.prvAddNewTaskToReadyList
                0x0800a830       0xe0 ./Middlewares/Third_Party/FreeRTOS/Source/tasks.o
 .text.vTaskDelay
                0x0800a910       0x6c ./Middlewares/Third_Party/FreeRTOS/Source/tasks.o
                0x0800a910                vTaskDelay
 .text.vTaskStartScheduler
                0x0800a97c       0xe0 ./Middlewares/Third_Party/FreeRTOS/Source/tasks.o
                0x0800a97c                vTaskStartScheduler
 .text.vTaskSuspendAll
                0x0800aa5c       0x1c ./Middlewares/Third_Party/FreeRTOS/Source/tasks.o
                0x0800aa5c                vTaskSuspendAll
 .text.xTaskResumeAll
                0x0800aa78      0x13c ./Middlewares/Third_Party/FreeRTOS/Source/tasks.o
                0x0800aa78                xTaskResumeAll
 .text.xTaskGetTickCount
                0x0800abb4       0x20 ./Middlewares/Third_Party/FreeRTOS/Source/tasks.o
                0x0800abb4                xTaskGetTickCount
 .text.xTaskIncrementTick
                0x0800abd4      0x174 ./Middlewares/Third_Party/FreeRTOS/Source/tasks.o
                0x0800abd4                xTaskIncrementTick
 .text.vTaskSwitchContext
                0x0800ad48       0xcc ./Middlewares/Third_Party/FreeRTOS/Source/tasks.o
                0x0800ad48                vTaskSwitchContext
 .text.vTaskPlaceOnEventList
                0x0800ae14       0x4c ./Middlewares/Third_Party/FreeRTOS/Source/tasks.o
                0x0800ae14                vTaskPlaceOnEventList
 .text.vTaskPlaceOnEventListRestricted
                0x0800ae60       0x58 ./Middlewares/Third_Party/FreeRTOS/Source/tasks.o
                0x0800ae60                vTaskPlaceOnEventListRestricted
 .text.xTaskRemoveFromEventList
                0x0800aeb8       0xc8 ./Middlewares/Third_Party/FreeRTOS/Source/tasks.o
                0x0800aeb8                xTaskRemoveFromEventList
 .text.vTaskInternalSetTimeOutState
                0x0800af80       0x2c ./Middlewares/Third_Party/FreeRTOS/Source/tasks.o
                0x0800af80                vTaskInternalSetTimeOutState
 .text.xTaskCheckForTimeOut
                0x0800afac       0xc8 ./Middlewares/Third_Party/FreeRTOS/Source/tasks.o
                0x0800afac                xTaskCheckForTimeOut
 .text.vTaskMissedYield
                0x0800b074       0x18 ./Middlewares/Third_Party/FreeRTOS/Source/tasks.o
                0x0800b074                vTaskMissedYield
 .text.prvIdleTask
                0x0800b08c       0x30 ./Middlewares/Third_Party/FreeRTOS/Source/tasks.o
 .text.prvInitialiseTaskLists
                0x0800b0bc       0x80 ./Middlewares/Third_Party/FreeRTOS/Source/tasks.o
 .text.prvCheckTasksWaitingTermination
                0x0800b13c       0x5c ./Middlewares/Third_Party/FreeRTOS/Source/tasks.o
 .text.prvDeleteTCB
                0x0800b198       0x6a ./Middlewares/Third_Party/FreeRTOS/Source/tasks.o
 *fill*         0x0800b202        0x2 
 .text.prvResetNextTaskUnblockTime
                0x0800b204       0x40 ./Middlewares/Third_Party/FreeRTOS/Source/tasks.o
 .text.xTaskGetSchedulerState
                0x0800b244       0x3c ./Middlewares/Third_Party/FreeRTOS/Source/tasks.o
                0x0800b244                xTaskGetSchedulerState
 .text.xTaskPriorityDisinherit
                0x0800b280       0xe0 ./Middlewares/Third_Party/FreeRTOS/Source/tasks.o
                0x0800b280                xTaskPriorityDisinherit
 .text.prvAddCurrentTaskToDelayedList
                0x0800b360       0xa8 ./Middlewares/Third_Party/FreeRTOS/Source/tasks.o
 .text.xTimerCreateTimerTask
                0x0800b408       0x94 ./Middlewares/Third_Party/FreeRTOS/Source/timers.o
                0x0800b408                xTimerCreateTimerTask
 .text.xTimerCreate
                0x0800b49c       0x42 ./Middlewares/Third_Party/FreeRTOS/Source/timers.o
                0x0800b49c                xTimerCreate
 .text.xTimerCreateStatic
                0x0800b4de       0x80 ./Middlewares/Third_Party/FreeRTOS/Source/timers.o
                0x0800b4de                xTimerCreateStatic
 .text.prvInitialiseNewTimer
                0x0800b55e       0x78 ./Middlewares/Third_Party/FreeRTOS/Source/timers.o
 *fill*         0x0800b5d6        0x2 
 .text.xTimerGenericCommand
                0x0800b5d8       0x9c ./Middlewares/Third_Party/FreeRTOS/Source/timers.o
                0x0800b5d8                xTimerGenericCommand
 .text.prvProcessExpiredTimer
                0x0800b674       0x9c ./Middlewares/Third_Party/FreeRTOS/Source/timers.o
 .text.prvTimerTask
                0x0800b710       0x26 ./Middlewares/Third_Party/FreeRTOS/Source/timers.o
 *fill*         0x0800b736        0x2 
 .text.prvProcessTimerOrBlockTask
                0x0800b738       0x9c ./Middlewares/Third_Party/FreeRTOS/Source/timers.o
 .text.prvGetNextExpireTime
                0x0800b7d4       0x48 ./Middlewares/Third_Party/FreeRTOS/Source/timers.o
 .text.prvSampleTimeNow
                0x0800b81c       0x40 ./Middlewares/Third_Party/FreeRTOS/Source/timers.o
 .text.prvInsertTimerInActiveList
                0x0800b85c       0x84 ./Middlewares/Third_Party/FreeRTOS/Source/timers.o
 .text.prvProcessReceivedCommands
                0x0800b8e0      0x1cc ./Middlewares/Third_Party/FreeRTOS/Source/timers.o
 .text.prvSwitchTimerLists
                0x0800baac       0xcc ./Middlewares/Third_Party/FreeRTOS/Source/timers.o
 .text.prvCheckForValidListAndQueue
                0x0800bb78       0x80 ./Middlewares/Third_Party/FreeRTOS/Source/timers.o
 .text.pvTimerGetTimerID
                0x0800bbf8       0x42 ./Middlewares/Third_Party/FreeRTOS/Source/timers.o
                0x0800bbf8                pvTimerGetTimerID
 *fill*         0x0800bc3a        0x2 
 .text.pxPortInitialiseStack
                0x0800bc3c       0x68 ./Middlewares/Third_Party/FreeRTOS/Source/portable/GCC/ARM_CM4F/port.o
                0x0800bc3c                pxPortInitialiseStack
 .text.prvTaskExitError
                0x0800bca4       0x5c ./Middlewares/Third_Party/FreeRTOS/Source/portable/GCC/ARM_CM4F/port.o
 .text.SVC_Handler
                0x0800bd00       0x28 ./Middlewares/Third_Party/FreeRTOS/Source/portable/GCC/ARM_CM4F/port.o
                0x0800bd00                SVC_Handler
 .text.prvPortStartFirstTask
                0x0800bd28       0x28 ./Middlewares/Third_Party/FreeRTOS/Source/portable/GCC/ARM_CM4F/port.o
 .text.xPortStartScheduler
                0x0800bd50      0x148 ./Middlewares/Third_Party/FreeRTOS/Source/portable/GCC/ARM_CM4F/port.o
                0x0800bd50                xPortStartScheduler
 .text.vPortEnterCritical
                0x0800be98       0x64 ./Middlewares/Third_Party/FreeRTOS/Source/portable/GCC/ARM_CM4F/port.o
                0x0800be98                vPortEnterCritical
 .text.vPortExitCritical
                0x0800befc       0x54 ./Middlewares/Third_Party/FreeRTOS/Source/portable/GCC/ARM_CM4F/port.o
                0x0800befc                vPortExitCritical
 .text.PendSV_Handler
                0x0800bf50       0x68 ./Middlewares/Third_Party/FreeRTOS/Source/portable/GCC/ARM_CM4F/port.o
                0x0800bf50                PendSV_Handler
 .text.xPortSysTickHandler
                0x0800bfb8       0x44 ./Middlewares/Third_Party/FreeRTOS/Source/portable/GCC/ARM_CM4F/port.o
                0x0800bfb8                xPortSysTickHandler
 .text.vPortSetupTimerInterrupt
                0x0800bffc       0x48 ./Middlewares/Third_Party/FreeRTOS/Source/portable/GCC/ARM_CM4F/port.o
                0x0800bffc                vPortSetupTimerInterrupt
 .text.vPortEnableVFP
                0x0800c044       0x14 ./Middlewares/Third_Party/FreeRTOS/Source/portable/GCC/ARM_CM4F/port.o
 .text.vPortValidateInterruptPriority
                0x0800c058       0x84 ./Middlewares/Third_Party/FreeRTOS/Source/portable/GCC/ARM_CM4F/port.o
                0x0800c058                vPortValidateInterruptPriority
 .text.pvPortMalloc
                0x0800c0dc      0x19c ./Middlewares/Third_Party/FreeRTOS/Source/portable/MemMang/heap_4.o
                0x0800c0dc                pvPortMalloc
 .text.vPortFree
                0x0800c278       0xc8 ./Middlewares/Third_Party/FreeRTOS/Source/portable/MemMang/heap_4.o
                0x0800c278                vPortFree
 .text.prvHeapInit
                0x0800c340       0xc4 ./Middlewares/Third_Party/FreeRTOS/Source/portable/MemMang/heap_4.o
 .text.prvInsertBlockIntoFreeList
                0x0800c404       0xb4 ./Middlewares/Third_Party/FreeRTOS/Source/portable/MemMang/heap_4.o
 .text.MX_USB_HOST_Init
                0x0800c4b8       0x4c ./USB_HOST/App/usb_host.o
                0x0800c4b8                MX_USB_HOST_Init
 .text.USBH_UserProcess
                0x0800c504       0x5c ./USB_HOST/App/usb_host.o
 .text.HAL_HCD_MspInit
                0x0800c560       0xc4 ./USB_HOST/Target/usbh_conf.o
                0x0800c560                HAL_HCD_MspInit
 .text.HAL_HCD_SOF_Callback
                0x0800c624       0x1c ./USB_HOST/Target/usbh_conf.o
                0x0800c624                HAL_HCD_SOF_Callback
 .text.HAL_HCD_Connect_Callback
                0x0800c640       0x1c ./USB_HOST/Target/usbh_conf.o
                0x0800c640                HAL_HCD_Connect_Callback
 .text.HAL_HCD_Disconnect_Callback
                0x0800c65c       0x1c ./USB_HOST/Target/usbh_conf.o
                0x0800c65c                HAL_HCD_Disconnect_Callback
 .text.HAL_HCD_HC_NotifyURBChange_Callback
                0x0800c678       0x24 ./USB_HOST/Target/usbh_conf.o
                0x0800c678                HAL_HCD_HC_NotifyURBChange_Callback
 .text.HAL_HCD_PortEnabled_Callback
                0x0800c69c       0x1c ./USB_HOST/Target/usbh_conf.o
                0x0800c69c                HAL_HCD_PortEnabled_Callback
 .text.HAL_HCD_PortDisabled_Callback
                0x0800c6b8       0x1c ./USB_HOST/Target/usbh_conf.o
                0x0800c6b8                HAL_HCD_PortDisabled_Callback
 .text.USBH_LL_Init
                0x0800c6d4       0x78 ./USB_HOST/Target/usbh_conf.o
                0x0800c6d4                USBH_LL_Init
 .text.USBH_LL_Start
                0x0800c74c       0x36 ./USB_HOST/Target/usbh_conf.o
                0x0800c74c                USBH_LL_Start
 .text.USBH_LL_Stop
                0x0800c782       0x36 ./USB_HOST/Target/usbh_conf.o
                0x0800c782                USBH_LL_Stop
 .text.USBH_LL_GetSpeed
                0x0800c7b8       0x4e ./USB_HOST/Target/usbh_conf.o
                0x0800c7b8                USBH_LL_GetSpeed
 .text.USBH_LL_ResetPort
                0x0800c806       0x36 ./USB_HOST/Target/usbh_conf.o
                0x0800c806                USBH_LL_ResetPort
 .text.USBH_LL_GetLastXferSize
                0x0800c83c       0x26 ./USB_HOST/Target/usbh_conf.o
                0x0800c83c                USBH_LL_GetLastXferSize
 .text.USBH_LL_OpenPipe
                0x0800c862       0x5e ./USB_HOST/Target/usbh_conf.o
                0x0800c862                USBH_LL_OpenPipe
 .text.USBH_LL_ClosePipe
                0x0800c8c0       0x3e ./USB_HOST/Target/usbh_conf.o
                0x0800c8c0                USBH_LL_ClosePipe
 .text.USBH_LL_SubmitURB
                0x0800c8fe       0x62 ./USB_HOST/Target/usbh_conf.o
                0x0800c8fe                USBH_LL_SubmitURB
 .text.USBH_LL_GetURBState
                0x0800c960       0x26 ./USB_HOST/Target/usbh_conf.o
                0x0800c960                USBH_LL_GetURBState
 .text.USBH_LL_DriverVBUS
                0x0800c986       0x2e ./USB_HOST/Target/usbh_conf.o
                0x0800c986                USBH_LL_DriverVBUS
 .text.USBH_LL_SetToggle
                0x0800c9b4       0x66 ./USB_HOST/Target/usbh_conf.o
                0x0800c9b4                USBH_LL_SetToggle
 .text.USBH_Delay
                0x0800ca1a       0x16 ./USB_HOST/Target/usbh_conf.o
                0x0800ca1a                USBH_Delay
 .text.USBH_Get_USB_Status
                0x0800ca30       0x58 ./USB_HOST/Target/usbh_conf.o
                0x0800ca30                USBH_Get_USB_Status
 .text.MX_DriverVbusFS
                0x0800ca88       0x38 ./USB_HOST/Target/usbh_platform.o
                0x0800ca88                MX_DriverVbusFS
 .text.malloc   0x0800cac0       0x10 C:/ST/STM32CubeIDE_1.16.1/STM32CubeIDE/plugins/com.st.stm32cube.ide.mcu.externaltools.gnu-tools-for-stm32.12.3.rel1.win32_1.0.200.202406191623/tools/bin/../lib/gcc/arm-none-eabi/12.3.1/../../../../arm-none-eabi/lib/thumb/v7e-m+fp/hard\libc_nano.a(libc_a-malloc.o)
                0x0800cac0                malloc
 .text.free     0x0800cad0       0x10 C:/ST/STM32CubeIDE_1.16.1/STM32CubeIDE/plugins/com.st.stm32cube.ide.mcu.externaltools.gnu-tools-for-stm32.12.3.rel1.win32_1.0.200.202406191623/tools/bin/../lib/gcc/arm-none-eabi/12.3.1/../../../../arm-none-eabi/lib/thumb/v7e-m+fp/hard\libc_nano.a(libc_a-malloc.o)
                0x0800cad0                free
 .text.sbrk_aligned
                0x0800cae0       0x44 C:/ST/STM32CubeIDE_1.16.1/STM32CubeIDE/plugins/com.st.stm32cube.ide.mcu.externaltools.gnu-tools-for-stm32.12.3.rel1.win32_1.0.200.202406191623/tools/bin/../lib/gcc/arm-none-eabi/12.3.1/../../../../arm-none-eabi/lib/thumb/v7e-m+fp/hard\libc_nano.a(libc_a-mallocr.o)
 .text._malloc_r
                0x0800cb24      0x100 C:/ST/STM32CubeIDE_1.16.1/STM32CubeIDE/plugins/com.st.stm32cube.ide.mcu.externaltools.gnu-tools-for-stm32.12.3.rel1.win32_1.0.200.202406191623/tools/bin/../lib/gcc/arm-none-eabi/12.3.1/../../../../arm-none-eabi/lib/thumb/v7e-m+fp/hard\libc_nano.a(libc_a-mallocr.o)
                0x0800cb24                _malloc_r
 .text.__malloc_lock
                0x0800cc24        0xc C:/ST/STM32CubeIDE_1.16.1/STM32CubeIDE/plugins/com.st.stm32cube.ide.mcu.externaltools.gnu-tools-for-stm32.12.3.rel1.win32_1.0.200.202406191623/tools/bin/../lib/gcc/arm-none-eabi/12.3.1/../../../../arm-none-eabi/lib/thumb/v7e-m+fp/hard\libc_nano.a(libc_a-mlock.o)
                0x0800cc24                __malloc_lock
 .text.__malloc_unlock
                0x0800cc30        0xc C:/ST/STM32CubeIDE_1.16.1/STM32CubeIDE/plugins/com.st.stm32cube.ide.mcu.externaltools.gnu-tools-for-stm32.12.3.rel1.win32_1.0.200.202406191623/tools/bin/../lib/gcc/arm-none-eabi/12.3.1/../../../../arm-none-eabi/lib/thumb/v7e-m+fp/hard\libc_nano.a(libc_a-mlock.o)
                0x0800cc30                __malloc_unlock
 .text.memset   0x0800cc3c       0x10 C:/ST/STM32CubeIDE_1.16.1/STM32CubeIDE/plugins/com.st.stm32cube.ide.mcu.externaltools.gnu-tools-for-stm32.12.3.rel1.win32_1.0.200.202406191623/tools/bin/../lib/gcc/arm-none-eabi/12.3.1/../../../../arm-none-eabi/lib/thumb/v7e-m+fp/hard\libc_nano.a(libc_a-memset.o)
                0x0800cc3c                memset
 .text._reclaim_reent
                0x0800cc4c       0xac C:/ST/STM32CubeIDE_1.16.1/STM32CubeIDE/plugins/com.st.stm32cube.ide.mcu.externaltools.gnu-tools-for-stm32.12.3.rel1.win32_1.0.200.202406191623/tools/bin/../lib/gcc/arm-none-eabi/12.3.1/../../../../arm-none-eabi/lib/thumb/v7e-m+fp/hard\libc_nano.a(libc_a-reent.o)
                0x0800cc4c                _reclaim_reent
 .text._sbrk_r  0x0800ccf8       0x20 C:/ST/STM32CubeIDE_1.16.1/STM32CubeIDE/plugins/com.st.stm32cube.ide.mcu.externaltools.gnu-tools-for-stm32.12.3.rel1.win32_1.0.200.202406191623/tools/bin/../lib/gcc/arm-none-eabi/12.3.1/../../../../arm-none-eabi/lib/thumb/v7e-m+fp/hard\libc_nano.a(libc_a-sbrkr.o)
                0x0800ccf8                _sbrk_r
 .text.__errno  0x0800cd18        0xc C:/ST/STM32CubeIDE_1.16.1/STM32CubeIDE/plugins/com.st.stm32cube.ide.mcu.externaltools.gnu-tools-for-stm32.12.3.rel1.win32_1.0.200.202406191623/tools/bin/../lib/gcc/arm-none-eabi/12.3.1/../../../../arm-none-eabi/lib/thumb/v7e-m+fp/hard\libc_nano.a(libc_a-errno.o)
                0x0800cd18                __errno
 .text.__libc_init_array
                0x0800cd24       0x48 C:/ST/STM32CubeIDE_1.16.1/STM32CubeIDE/plugins/com.st.stm32cube.ide.mcu.externaltools.gnu-tools-for-stm32.12.3.rel1.win32_1.0.200.202406191623/tools/bin/../lib/gcc/arm-none-eabi/12.3.1/../../../../arm-none-eabi/lib/thumb/v7e-m+fp/hard\libc_nano.a(libc_a-init.o)
                0x0800cd24                __libc_init_array
 .text.__retarget_lock_acquire_recursive
                0x0800cd6c        0x2 C:/ST/STM32CubeIDE_1.16.1/STM32CubeIDE/plugins/com.st.stm32cube.ide.mcu.externaltools.gnu-tools-for-stm32.12.3.rel1.win32_1.0.200.202406191623/tools/bin/../lib/gcc/arm-none-eabi/12.3.1/../../../../arm-none-eabi/lib/thumb/v7e-m+fp/hard\libc_nano.a(libc_a-lock.o)
                0x0800cd6c                __retarget_lock_acquire_recursive
 .text.__retarget_lock_release_recursive
                0x0800cd6e        0x2 C:/ST/STM32CubeIDE_1.16.1/STM32CubeIDE/plugins/com.st.stm32cube.ide.mcu.externaltools.gnu-tools-for-stm32.12.3.rel1.win32_1.0.200.202406191623/tools/bin/../lib/gcc/arm-none-eabi/12.3.1/../../../../arm-none-eabi/lib/thumb/v7e-m+fp/hard\libc_nano.a(libc_a-lock.o)
                0x0800cd6e                __retarget_lock_release_recursive
 .text.memcpy   0x0800cd70       0x1c C:/ST/STM32CubeIDE_1.16.1/STM32CubeIDE/plugins/com.st.stm32cube.ide.mcu.externaltools.gnu-tools-for-stm32.12.3.rel1.win32_1.0.200.202406191623/tools/bin/../lib/gcc/arm-none-eabi/12.3.1/../../../../arm-none-eabi/lib/thumb/v7e-m+fp/hard\libc_nano.a(libc_a-memcpy-stub.o)
                0x0800cd70                memcpy
 .text._free_r  0x0800cd8c       0x94 C:/ST/STM32CubeIDE_1.16.1/STM32CubeIDE/plugins/com.st.stm32cube.ide.mcu.externaltools.gnu-tools-for-stm32.12.3.rel1.win32_1.0.200.202406191623/tools/bin/../lib/gcc/arm-none-eabi/12.3.1/../../../../arm-none-eabi/lib/thumb/v7e-m+fp/hard\libc_nano.a(libc_a-freer.o)
                0x0800cd8c                _free_r
 *(.glue_7)
 .glue_7        0x0800ce20        0x0 linker stubs
 *(.glue_7t)
 .glue_7t       0x0800ce20        0x0 linker stubs
 *(.eh_frame)
 .eh_frame      0x0800ce20        0x0 C:/ST/STM32CubeIDE_1.16.1/STM32CubeIDE/plugins/com.st.stm32cube.ide.mcu.externaltools.gnu-tools-for-stm32.12.3.rel1.win32_1.0.200.202406191623/tools/bin/../lib/gcc/arm-none-eabi/12.3.1/thumb/v7e-m+fp/hard/crtbegin.o
 *(.init)
 .init          0x0800ce20        0x4 C:/ST/STM32CubeIDE_1.16.1/STM32CubeIDE/plugins/com.st.stm32cube.ide.mcu.externaltools.gnu-tools-for-stm32.12.3.rel1.win32_1.0.200.202406191623/tools/bin/../lib/gcc/arm-none-eabi/12.3.1/thumb/v7e-m+fp/hard/crti.o
                0x0800ce20                _init
 .init          0x0800ce24        0x8 C:/ST/STM32CubeIDE_1.16.1/STM32CubeIDE/plugins/com.st.stm32cube.ide.mcu.externaltools.gnu-tools-for-stm32.12.3.rel1.win32_1.0.200.202406191623/tools/bin/../lib/gcc/arm-none-eabi/12.3.1/thumb/v7e-m+fp/hard/crtn.o
 *(.fini)
 .fini          0x0800ce2c        0x4 C:/ST/STM32CubeIDE_1.16.1/STM32CubeIDE/plugins/com.st.stm32cube.ide.mcu.externaltools.gnu-tools-for-stm32.12.3.rel1.win32_1.0.200.202406191623/tools/bin/../lib/gcc/arm-none-eabi/12.3.1/thumb/v7e-m+fp/hard/crti.o
                0x0800ce2c                _fini
 .fini          0x0800ce30        0x8 C:/ST/STM32CubeIDE_1.16.1/STM32CubeIDE/plugins/com.st.stm32cube.ide.mcu.externaltools.gnu-tools-for-stm32.12.3.rel1.win32_1.0.200.202406191623/tools/bin/../lib/gcc/arm-none-eabi/12.3.1/thumb/v7e-m+fp/hard/crtn.o
                0x0800ce38                        . = ALIGN (0x4)
                0x0800ce38                        _etext = .

.vfp11_veneer   0x0800ce38        0x0
 .vfp11_veneer  0x0800ce38        0x0 linker stubs

.v4_bx          0x0800ce38        0x0
 .v4_bx         0x0800ce38        0x0 linker stubs

.iplt           0x0800ce38        0x0
 .iplt          0x0800ce38        0x0 C:/ST/STM32CubeIDE_1.16.1/STM32CubeIDE/plugins/com.st.stm32cube.ide.mcu.externaltools.gnu-tools-for-stm32.12.3.rel1.win32_1.0.200.202406191623/tools/bin/../lib/gcc/arm-none-eabi/12.3.1/thumb/v7e-m+fp/hard/crtbegin.o

.rodata         0x0800ce38      0x12c
                0x0800ce38                        . = ALIGN (0x4)
 *(.rodata)
 .rodata        0x0800ce38       0x40 ./Core/Src/main.o
 .rodata        0x0800ce78        0x4 ./Middlewares/ST/STM32_USB_Host_Library/Class/CDC/Src/usbh_cdc.o
 .rodata        0x0800ce7c        0xb ./Middlewares/ST/STM32_USB_Host_Library/Core/Src/usbh_core.o
 *fill*         0x0800ce87        0x1 
 .rodata        0x0800ce88        0x5 ./Middlewares/Third_Party/FreeRTOS/Source/tasks.o
 *fill*         0x0800ce8d        0x3 
 .rodata        0x0800ce90        0xd ./Middlewares/Third_Party/FreeRTOS/Source/timers.o
 *(.rodata*)
 *fill*         0x0800ce9d        0x3 
 .rodata.defaultTask_attributes
                0x0800cea0       0x24 ./Core/Src/main.o
                0x0800cea0                defaultTask_attributes
 .rodata.producer_attributes
                0x0800cec4       0x24 ./Core/Src/main.o
                0x0800cec4                producer_attributes
 .rodata.consumer_attributes
                0x0800cee8       0x24 ./Core/Src/main.o
                0x0800cee8                consumer_attributes
 .rodata.hinweg_attributes
                0x0800cf0c       0x18 ./Core/Src/main.o
                0x0800cf0c                hinweg_attributes
 .rodata.rueckweg_attributes
                0x0800cf24       0x18 ./Core/Src/main.o
                0x0800cf24                rueckweg_attributes
 .rodata.swTimer_attributes
                0x0800cf3c       0x10 ./Core/Src/main.o
                0x0800cf3c                swTimer_attributes
 .rodata.AHBPrescTable
                0x0800cf4c       0x10 ./Core/Src/system_stm32f4xx.o
                0x0800cf4c                AHBPrescTable
 .rodata.APBPrescTable
                0x0800cf5c        0x8 ./Core/Src/system_stm32f4xx.o
                0x0800cf5c                APBPrescTable
                0x0800cf64                        . = ALIGN (0x4)

.ARM.extab      0x0800cf64        0x0
                0x0800cf64                        . = ALIGN (0x4)
 *(.ARM.extab* .gnu.linkonce.armextab.*)
                0x0800cf64                        . = ALIGN (0x4)

.ARM            0x0800cf64        0x8
                0x0800cf64                        . = ALIGN (0x4)
                0x0800cf64                        __exidx_start = .
 *(.ARM.exidx*)
 .ARM.exidx     0x0800cf64        0x8 C:/ST/STM32CubeIDE_1.16.1/STM32CubeIDE/plugins/com.st.stm32cube.ide.mcu.externaltools.gnu-tools-for-stm32.12.3.rel1.win32_1.0.200.202406191623/tools/bin/../lib/gcc/arm-none-eabi/12.3.1/thumb/v7e-m+fp/hard\libgcc.a(_udivmoddi4.o)
                0x0800cf6c                        __exidx_end = .
                0x0800cf6c                        . = ALIGN (0x4)

.preinit_array  0x0800cf6c        0x0
                0x0800cf6c                        . = ALIGN (0x4)
                0x0800cf6c                        PROVIDE (__preinit_array_start = .)
 *(.preinit_array*)
                0x0800cf6c                        PROVIDE (__preinit_array_end = .)
                0x0800cf6c                        . = ALIGN (0x4)

.init_array     0x0800cf6c        0x4
                0x0800cf6c                        . = ALIGN (0x4)
                0x0800cf6c                        PROVIDE (__init_array_start = .)
 *(SORT_BY_NAME(.init_array.*))
 *(.init_array*)
 .init_array    0x0800cf6c        0x4 C:/ST/STM32CubeIDE_1.16.1/STM32CubeIDE/plugins/com.st.stm32cube.ide.mcu.externaltools.gnu-tools-for-stm32.12.3.rel1.win32_1.0.200.202406191623/tools/bin/../lib/gcc/arm-none-eabi/12.3.1/thumb/v7e-m+fp/hard/crtbegin.o
                0x0800cf70                        PROVIDE (__init_array_end = .)
                0x0800cf70                        . = ALIGN (0x4)

.fini_array     0x0800cf70        0x4
                0x0800cf70                        . = ALIGN (0x4)
                [!provide]                        PROVIDE (__fini_array_start = .)
 *(SORT_BY_NAME(.fini_array.*))
 *(.fini_array*)
 .fini_array    0x0800cf70        0x4 C:/ST/STM32CubeIDE_1.16.1/STM32CubeIDE/plugins/com.st.stm32cube.ide.mcu.externaltools.gnu-tools-for-stm32.12.3.rel1.win32_1.0.200.202406191623/tools/bin/../lib/gcc/arm-none-eabi/12.3.1/thumb/v7e-m+fp/hard/crtbegin.o
                [!provide]                        PROVIDE (__fini_array_end = .)
                0x0800cf74                        . = ALIGN (0x4)
                0x0800cf74                        _sidata = LOADADDR (.data)

.rel.dyn        0x0800cf74        0x0
 .rel.iplt      0x0800cf74        0x0 C:/ST/STM32CubeIDE_1.16.1/STM32CubeIDE/plugins/com.st.stm32cube.ide.mcu.externaltools.gnu-tools-for-stm32.12.3.rel1.win32_1.0.200.202406191623/tools/bin/../lib/gcc/arm-none-eabi/12.3.1/thumb/v7e-m+fp/hard/crtbegin.o

.data           0x20000000       0x80 load address 0x0800cf74
                0x20000000                        . = ALIGN (0x4)
                0x20000000                        _sdata = .
 *(.data)
 *(.data*)
 .data.SystemCoreClock
                0x20000000        0x4 ./Core/Src/system_stm32f4xx.o
                0x20000000                SystemCoreClock
 .data.uwTickPrio
                0x20000004        0x4 ./Drivers/STM32F4xx_HAL_Driver/Src/stm32f4xx_hal.o
                0x20000004                uwTickPrio
 .data.uwTickFreq
                0x20000008        0x1 ./Drivers/STM32F4xx_HAL_Driver/Src/stm32f4xx_hal.o
                0x20000008                uwTickFreq
 *fill*         0x20000009        0x3 
 .data.CDC_Class
                0x2000000c       0x20 ./Middlewares/ST/STM32_USB_Host_Library/Class/CDC/Src/usbh_cdc.o
                0x2000000c                CDC_Class
 .data.uxCriticalNesting
                0x2000002c        0x4 ./Middlewares/Third_Party/FreeRTOS/Source/portable/GCC/ARM_CM4F/port.o
 .data._impure_ptr
                0x20000030        0x4 C:/ST/STM32CubeIDE_1.16.1/STM32CubeIDE/plugins/com.st.stm32cube.ide.mcu.externaltools.gnu-tools-for-stm32.12.3.rel1.win32_1.0.200.202406191623/tools/bin/../lib/gcc/arm-none-eabi/12.3.1/../../../../arm-none-eabi/lib/thumb/v7e-m+fp/hard\libc_nano.a(libc_a-impure.o)
                0x20000030                _impure_ptr
 .data._impure_data
                0x20000034       0x4c C:/ST/STM32CubeIDE_1.16.1/STM32CubeIDE/plugins/com.st.stm32cube.ide.mcu.externaltools.gnu-tools-for-stm32.12.3.rel1.win32_1.0.200.202406191623/tools/bin/../lib/gcc/arm-none-eabi/12.3.1/../../../../arm-none-eabi/lib/thumb/v7e-m+fp/hard\libc_nano.a(libc_a-impure.o)
                0x20000034                _impure_data
 *(.RamFunc)
 *(.RamFunc*)
                0x20000080                        . = ALIGN (0x4)
                0x20000080                        _edata = .
                0x0800cff4                        _siccmram = LOADADDR (.ccmram)

.igot.plt       0x20000080        0x0 load address 0x0800cff4
 .igot.plt      0x20000080        0x0 C:/ST/STM32CubeIDE_1.16.1/STM32CubeIDE/plugins/com.st.stm32cube.ide.mcu.externaltools.gnu-tools-for-stm32.12.3.rel1.win32_1.0.200.202406191623/tools/bin/../lib/gcc/arm-none-eabi/12.3.1/thumb/v7e-m+fp/hard/crtbegin.o

.ccmram         0x10000000        0x0 load address 0x0800cff4
                0x10000000                        . = ALIGN (0x4)
                0x10000000                        _sccmram = .
 *(.ccmram)
 *(.ccmram*)
                0x10000000                        . = ALIGN (0x4)
                0x10000000                        _eccmram = .
                0x10000000                        . = ALIGN (0x4)

.bss            0x20000080     0x5a3c
                0x20000080                        _sbss = .
                0x20000080                        __bss_start__ = _sbss
 *(.bss)
 .bss           0x20000080       0x1c C:/ST/STM32CubeIDE_1.16.1/STM32CubeIDE/plugins/com.st.stm32cube.ide.mcu.externaltools.gnu-tools-for-stm32.12.3.rel1.win32_1.0.200.202406191623/tools/bin/../lib/gcc/arm-none-eabi/12.3.1/thumb/v7e-m+fp/hard/crtbegin.o
 *(.bss*)
 .bss.hi2c1     0x2000009c       0x54 ./Core/Src/main.o
                0x2000009c                hi2c1
 .bss.hi2s3     0x200000f0       0x48 ./Core/Src/main.o
                0x200000f0                hi2s3
 .bss.hrng      0x20000138       0x10 ./Core/Src/main.o
                0x20000138                hrng
 .bss.hspi1     0x20000148       0x58 ./Core/Src/main.o
                0x20000148                hspi1
 .bss.htim7     0x200001a0       0x48 ./Core/Src/main.o
                0x200001a0                htim7
 .bss.defaultTaskHandle
                0x200001e8        0x4 ./Core/Src/main.o
                0x200001e8                defaultTaskHandle
 .bss.producerHandle
                0x200001ec        0x4 ./Core/Src/main.o
                0x200001ec                producerHandle
 .bss.producerBuffer
                0x200001f0      0x200 ./Core/Src/main.o
                0x200001f0                producerBuffer
 .bss.producerControlBlock
                0x200003f0       0xa8 ./Core/Src/main.o
                0x200003f0                producerControlBlock
 .bss.consumerHandle
                0x20000498        0x4 ./Core/Src/main.o
                0x20000498                consumerHandle
 .bss.consumerBuffer
                0x2000049c      0x200 ./Core/Src/main.o
                0x2000049c                consumerBuffer
 .bss.consumerControlBlock
                0x2000069c       0xa8 ./Core/Src/main.o
                0x2000069c                consumerControlBlock
 .bss.hinwegHandle
                0x20000744        0x4 ./Core/Src/main.o
                0x20000744                hinwegHandle
 .bss.rueckwegHandle
                0x20000748        0x4 ./Core/Src/main.o
                0x20000748                rueckwegHandle
 .bss.swTimerHandle
                0x2000074c        0x4 ./Core/Src/main.o
                0x2000074c                swTimerHandle
 .bss.htim6     0x20000750       0x48 ./Core/Src/stm32f4xx_hal_timebase_tim.o
                0x20000750                htim6
 .bss.__sbrk_heap_end
                0x20000798        0x4 ./Core/Src/sysmem.o
 .bss.uwTick    0x2000079c        0x4 ./Drivers/STM32F4xx_HAL_Driver/Src/stm32f4xx_hal.o
                0x2000079c                uwTick
 .bss.USBH_Thread_Atrr
                0x200007a0       0x24 ./Middlewares/ST/STM32_USB_Host_Library/Core/Src/usbh_core.o
                0x200007a0                USBH_Thread_Atrr
 .bss.KernelState
                0x200007c4        0x4 ./Middlewares/Third_Party/FreeRTOS/Source/CMSIS_RTOS_V2/cmsis_os2.o
 .bss.Idle_TCB.3
                0x200007c8       0xa8 ./Middlewares/Third_Party/FreeRTOS/Source/CMSIS_RTOS_V2/cmsis_os2.o
 .bss.Idle_Stack.2
                0x20000870      0x200 ./Middlewares/Third_Party/FreeRTOS/Source/CMSIS_RTOS_V2/cmsis_os2.o
 .bss.Timer_TCB.1
                0x20000a70       0xa8 ./Middlewares/Third_Party/FreeRTOS/Source/CMSIS_RTOS_V2/cmsis_os2.o
 .bss.Timer_Stack.0
                0x20000b18      0x400 ./Middlewares/Third_Party/FreeRTOS/Source/CMSIS_RTOS_V2/cmsis_os2.o
 .bss.xQueueRegistry
                0x20000f18       0x40 ./Middlewares/Third_Party/FreeRTOS/Source/queue.o
                0x20000f18                xQueueRegistry
 .bss.pxCurrentTCB
                0x20000f58        0x4 ./Middlewares/Third_Party/FreeRTOS/Source/tasks.o
                0x20000f58                pxCurrentTCB
 .bss.pxReadyTasksLists
                0x20000f5c      0x460 ./Middlewares/Third_Party/FreeRTOS/Source/tasks.o
 .bss.xDelayedTaskList1
                0x200013bc       0x14 ./Middlewares/Third_Party/FreeRTOS/Source/tasks.o
 .bss.xDelayedTaskList2
                0x200013d0       0x14 ./Middlewares/Third_Party/FreeRTOS/Source/tasks.o
 .bss.pxDelayedTaskList
                0x200013e4        0x4 ./Middlewares/Third_Party/FreeRTOS/Source/tasks.o
 .bss.pxOverflowDelayedTaskList
                0x200013e8        0x4 ./Middlewares/Third_Party/FreeRTOS/Source/tasks.o
 .bss.xPendingReadyList
                0x200013ec       0x14 ./Middlewares/Third_Party/FreeRTOS/Source/tasks.o
 .bss.xTasksWaitingTermination
                0x20001400       0x14 ./Middlewares/Third_Party/FreeRTOS/Source/tasks.o
 .bss.uxDeletedTasksWaitingCleanUp
                0x20001414        0x4 ./Middlewares/Third_Party/FreeRTOS/Source/tasks.o
 .bss.xSuspendedTaskList
                0x20001418       0x14 ./Middlewares/Third_Party/FreeRTOS/Source/tasks.o
 .bss.uxCurrentNumberOfTasks
                0x2000142c        0x4 ./Middlewares/Third_Party/FreeRTOS/Source/tasks.o
 .bss.xTickCount
                0x20001430        0x4 ./Middlewares/Third_Party/FreeRTOS/Source/tasks.o
 .bss.uxTopReadyPriority
                0x20001434        0x4 ./Middlewares/Third_Party/FreeRTOS/Source/tasks.o
 .bss.xSchedulerRunning
                0x20001438        0x4 ./Middlewares/Third_Party/FreeRTOS/Source/tasks.o
 .bss.xPendedTicks
                0x2000143c        0x4 ./Middlewares/Third_Party/FreeRTOS/Source/tasks.o
 .bss.xYieldPending
                0x20001440        0x4 ./Middlewares/Third_Party/FreeRTOS/Source/tasks.o
 .bss.xNumOfOverflows
                0x20001444        0x4 ./Middlewares/Third_Party/FreeRTOS/Source/tasks.o
 .bss.uxTaskNumber
                0x20001448        0x4 ./Middlewares/Third_Party/FreeRTOS/Source/tasks.o
 .bss.xNextTaskUnblockTime
                0x2000144c        0x4 ./Middlewares/Third_Party/FreeRTOS/Source/tasks.o
 .bss.xIdleTaskHandle
                0x20001450        0x4 ./Middlewares/Third_Party/FreeRTOS/Source/tasks.o
 .bss.uxSchedulerSuspended
                0x20001454        0x4 ./Middlewares/Third_Party/FreeRTOS/Source/tasks.o
 .bss.xActiveTimerList1
                0x20001458       0x14 ./Middlewares/Third_Party/FreeRTOS/Source/timers.o
 .bss.xActiveTimerList2
                0x2000146c       0x14 ./Middlewares/Third_Party/FreeRTOS/Source/timers.o
 .bss.pxCurrentTimerList
                0x20001480        0x4 ./Middlewares/Third_Party/FreeRTOS/Source/timers.o
 .bss.pxOverflowTimerList
                0x20001484        0x4 ./Middlewares/Third_Party/FreeRTOS/Source/timers.o
 .bss.xTimerQueue
                0x20001488        0x4 ./Middlewares/Third_Party/FreeRTOS/Source/timers.o
 .bss.xTimerTaskHandle
                0x2000148c        0x4 ./Middlewares/Third_Party/FreeRTOS/Source/timers.o
 .bss.xLastTime.2
                0x20001490        0x4 ./Middlewares/Third_Party/FreeRTOS/Source/timers.o
 .bss.ucStaticTimerQueueStorage.1
                0x20001494       0xa0 ./Middlewares/Third_Party/FreeRTOS/Source/timers.o
 .bss.xStaticTimerQueue.0
                0x20001534       0x50 ./Middlewares/Third_Party/FreeRTOS/Source/timers.o
 .bss.ucMaxSysCallPriority
                0x20001584        0x1 ./Middlewares/Third_Party/FreeRTOS/Source/portable/GCC/ARM_CM4F/port.o
 *fill*         0x20001585        0x3 
 .bss.ulMaxPRIGROUPValue
                0x20001588        0x4 ./Middlewares/Third_Party/FreeRTOS/Source/portable/GCC/ARM_CM4F/port.o
 .bss.ucHeap    0x2000158c     0x3c00 ./Middlewares/Third_Party/FreeRTOS/Source/portable/MemMang/heap_4.o
 .bss.xStart    0x2000518c        0x8 ./Middlewares/Third_Party/FreeRTOS/Source/portable/MemMang/heap_4.o
 .bss.pxEnd     0x20005194        0x4 ./Middlewares/Third_Party/FreeRTOS/Source/portable/MemMang/heap_4.o
 .bss.xFreeBytesRemaining
                0x20005198        0x4 ./Middlewares/Third_Party/FreeRTOS/Source/portable/MemMang/heap_4.o
 .bss.xMinimumEverFreeBytesRemaining
                0x2000519c        0x4 ./Middlewares/Third_Party/FreeRTOS/Source/portable/MemMang/heap_4.o
 .bss.xNumberOfSuccessfulAllocations
                0x200051a0        0x4 ./Middlewares/Third_Party/FreeRTOS/Source/portable/MemMang/heap_4.o
 .bss.xNumberOfSuccessfulFrees
                0x200051a4        0x4 ./Middlewares/Third_Party/FreeRTOS/Source/portable/MemMang/heap_4.o
 .bss.xBlockAllocatedBit
                0x200051a8        0x4 ./Middlewares/Third_Party/FreeRTOS/Source/portable/MemMang/heap_4.o
 .bss.hUsbHostFS
                0x200051ac      0x3e4 ./USB_HOST/App/usb_host.o
                0x200051ac                hUsbHostFS
 .bss.Appli_state
                0x20005590        0x1 ./USB_HOST/App/usb_host.o
                0x20005590                Appli_state
 *fill*         0x20005591        0x3 
 .bss.hhcd_USB_OTG_FS
                0x20005594      0x3e0 ./USB_HOST/Target/usbh_conf.o
                0x20005594                hhcd_USB_OTG_FS
 .bss.__malloc_sbrk_start
                0x20005974        0x4 C:/ST/STM32CubeIDE_1.16.1/STM32CubeIDE/plugins/com.st.stm32cube.ide.mcu.externaltools.gnu-tools-for-stm32.12.3.rel1.win32_1.0.200.202406191623/tools/bin/../lib/gcc/arm-none-eabi/12.3.1/../../../../arm-none-eabi/lib/thumb/v7e-m+fp/hard\libc_nano.a(libc_a-mallocr.o)
                0x20005974                __malloc_sbrk_start
 .bss.__malloc_free_list
                0x20005978        0x4 C:/ST/STM32CubeIDE_1.16.1/STM32CubeIDE/plugins/com.st.stm32cube.ide.mcu.externaltools.gnu-tools-for-stm32.12.3.rel1.win32_1.0.200.202406191623/tools/bin/../lib/gcc/arm-none-eabi/12.3.1/../../../../arm-none-eabi/lib/thumb/v7e-m+fp/hard\libc_nano.a(libc_a-mallocr.o)
                0x20005978                __malloc_free_list
 .bss.__sf      0x2000597c      0x138 C:/ST/STM32CubeIDE_1.16.1/STM32CubeIDE/plugins/com.st.stm32cube.ide.mcu.externaltools.gnu-tools-for-stm32.12.3.rel1.win32_1.0.200.202406191623/tools/bin/../lib/gcc/arm-none-eabi/12.3.1/../../../../arm-none-eabi/lib/thumb/v7e-m+fp/hard\libc_nano.a(libc_a-findfp.o)
                0x2000597c                __sf
 .bss.errno     0x20005ab4        0x4 C:/ST/STM32CubeIDE_1.16.1/STM32CubeIDE/plugins/com.st.stm32cube.ide.mcu.externaltools.gnu-tools-for-stm32.12.3.rel1.win32_1.0.200.202406191623/tools/bin/../lib/gcc/arm-none-eabi/12.3.1/../../../../arm-none-eabi/lib/thumb/v7e-m+fp/hard\libc_nano.a(libc_a-reent.o)
                0x20005ab4                errno
 .bss.__lock___malloc_recursive_mutex
                0x20005ab8        0x1 C:/ST/STM32CubeIDE_1.16.1/STM32CubeIDE/plugins/com.st.stm32cube.ide.mcu.externaltools.gnu-tools-for-stm32.12.3.rel1.win32_1.0.200.202406191623/tools/bin/../lib/gcc/arm-none-eabi/12.3.1/../../../../arm-none-eabi/lib/thumb/v7e-m+fp/hard\libc_nano.a(libc_a-lock.o)
                0x20005ab8                __lock___malloc_recursive_mutex
 *(COMMON)
                0x20005abc                        . = ALIGN (0x4)
 *fill*         0x20005ab9        0x3 
                0x20005abc                        _ebss = .
                0x20005abc                        __bss_end__ = _ebss

._user_heap_stack
                0x20005abc      0x604
                0x20005ac0                        . = ALIGN (0x8)
 *fill*         0x20005abc        0x4 
                [!provide]                        PROVIDE (end = .)
                0x20005ac0                        PROVIDE (_end = .)
                0x20005cc0                        . = (. + _Min_Heap_Size)
 *fill*         0x20005ac0      0x200 
                0x200060c0                        . = (. + _Min_Stack_Size)
 *fill*         0x20005cc0      0x400 
                0x200060c0                        . = ALIGN (0x8)

/DISCARD/
 libc.a(*)
 libm.a(*)
 libgcc.a(*)

.ARM.attributes
                0x00000000       0x30
 *(.ARM.attributes)
 .ARM.attributes
                0x00000000       0x22 C:/ST/STM32CubeIDE_1.16.1/STM32CubeIDE/plugins/com.st.stm32cube.ide.mcu.externaltools.gnu-tools-for-stm32.12.3.rel1.win32_1.0.200.202406191623/tools/bin/../lib/gcc/arm-none-eabi/12.3.1/thumb/v7e-m+fp/hard/crti.o
 .ARM.attributes
                0x00000022       0x34 C:/ST/STM32CubeIDE_1.16.1/STM32CubeIDE/plugins/com.st.stm32cube.ide.mcu.externaltools.gnu-tools-for-stm32.12.3.rel1.win32_1.0.200.202406191623/tools/bin/../lib/gcc/arm-none-eabi/12.3.1/thumb/v7e-m+fp/hard/crtbegin.o
 .ARM.attributes
                0x00000056       0x34 ./Core/Src/main.o
 .ARM.attributes
                0x0000008a       0x34 ./Core/Src/stm32f4xx_hal_msp.o
 .ARM.attributes
                0x000000be       0x34 ./Core/Src/stm32f4xx_hal_timebase_tim.o
 .ARM.attributes
                0x000000f2       0x34 ./Core/Src/stm32f4xx_it.o
 .ARM.attributes
                0x00000126       0x34 ./Core/Src/sysmem.o
 .ARM.attributes
                0x0000015a       0x34 ./Core/Src/system_stm32f4xx.o
 .ARM.attributes
                0x0000018e       0x21 ./Core/Startup/startup_stm32f407vgtx.o
 .ARM.attributes
                0x000001af       0x34 ./Drivers/STM32F4xx_HAL_Driver/Src/stm32f4xx_hal.o
 .ARM.attributes
                0x000001e3       0x34 ./Drivers/STM32F4xx_HAL_Driver/Src/stm32f4xx_hal_cortex.o
 .ARM.attributes
                0x00000217       0x34 ./Drivers/STM32F4xx_HAL_Driver/Src/stm32f4xx_hal_gpio.o
 .ARM.attributes
                0x0000024b       0x34 ./Drivers/STM32F4xx_HAL_Driver/Src/stm32f4xx_hal_hcd.o
 .ARM.attributes
                0x0000027f       0x34 ./Drivers/STM32F4xx_HAL_Driver/Src/stm32f4xx_hal_i2c.o
 .ARM.attributes
                0x000002b3       0x34 ./Drivers/STM32F4xx_HAL_Driver/Src/stm32f4xx_hal_i2s.o
 .ARM.attributes
                0x000002e7       0x34 ./Drivers/STM32F4xx_HAL_Driver/Src/stm32f4xx_hal_i2s_ex.o
 .ARM.attributes
                0x0000031b       0x34 ./Drivers/STM32F4xx_HAL_Driver/Src/stm32f4xx_hal_rcc.o
 .ARM.attributes
                0x0000034f       0x34 ./Drivers/STM32F4xx_HAL_Driver/Src/stm32f4xx_hal_rcc_ex.o
 .ARM.attributes
                0x00000383       0x34 ./Drivers/STM32F4xx_HAL_Driver/Src/stm32f4xx_hal_rng.o
 .ARM.attributes
                0x000003b7       0x34 ./Drivers/STM32F4xx_HAL_Driver/Src/stm32f4xx_hal_spi.o
 .ARM.attributes
                0x000003eb       0x34 ./Drivers/STM32F4xx_HAL_Driver/Src/stm32f4xx_hal_tim.o
 .ARM.attributes
                0x0000041f       0x34 ./Drivers/STM32F4xx_HAL_Driver/Src/stm32f4xx_hal_tim_ex.o
 .ARM.attributes
                0x00000453       0x34 ./Drivers/STM32F4xx_HAL_Driver/Src/stm32f4xx_ll_usb.o
 .ARM.attributes
                0x00000487       0x34 ./Middlewares/ST/STM32_USB_Host_Library/Class/CDC/Src/usbh_cdc.o
 .ARM.attributes
                0x000004bb       0x34 ./Middlewares/ST/STM32_USB_Host_Library/Core/Src/usbh_core.o
 .ARM.attributes
                0x000004ef       0x34 ./Middlewares/ST/STM32_USB_Host_Library/Core/Src/usbh_ctlreq.o
 .ARM.attributes
                0x00000523       0x34 ./Middlewares/ST/STM32_USB_Host_Library/Core/Src/usbh_ioreq.o
 .ARM.attributes
                0x00000557       0x34 ./Middlewares/ST/STM32_USB_Host_Library/Core/Src/usbh_pipes.o
 .ARM.attributes
                0x0000058b       0x34 ./Middlewares/Third_Party/FreeRTOS/Source/CMSIS_RTOS_V2/cmsis_os2.o
 .ARM.attributes
                0x000005bf       0x34 ./Middlewares/Third_Party/FreeRTOS/Source/list.o
 .ARM.attributes
                0x000005f3       0x34 ./Middlewares/Third_Party/FreeRTOS/Source/queue.o
 .ARM.attributes
                0x00000627       0x34 ./Middlewares/Third_Party/FreeRTOS/Source/tasks.o
 .ARM.attributes
                0x0000065b       0x34 ./Middlewares/Third_Party/FreeRTOS/Source/timers.o
 .ARM.attributes
                0x0000068f       0x34 ./Middlewares/Third_Party/FreeRTOS/Source/portable/GCC/ARM_CM4F/port.o
 .ARM.attributes
                0x000006c3       0x34 ./Middlewares/Third_Party/FreeRTOS/Source/portable/MemMang/heap_4.o
 .ARM.attributes
                0x000006f7       0x34 ./USB_HOST/App/usb_host.o
 .ARM.attributes
                0x0000072b       0x34 ./USB_HOST/Target/usbh_conf.o
 .ARM.attributes
                0x0000075f       0x34 ./USB_HOST/Target/usbh_platform.o
 .ARM.attributes
                0x00000793       0x34 C:/ST/STM32CubeIDE_1.16.1/STM32CubeIDE/plugins/com.st.stm32cube.ide.mcu.externaltools.gnu-tools-for-stm32.12.3.rel1.win32_1.0.200.202406191623/tools/bin/../lib/gcc/arm-none-eabi/12.3.1/../../../../arm-none-eabi/lib/thumb/v7e-m+fp/hard\libc_nano.a(libc_a-malloc.o)
 .ARM.attributes
                0x000007c7       0x34 C:/ST/STM32CubeIDE_1.16.1/STM32CubeIDE/plugins/com.st.stm32cube.ide.mcu.externaltools.gnu-tools-for-stm32.12.3.rel1.win32_1.0.200.202406191623/tools/bin/../lib/gcc/arm-none-eabi/12.3.1/../../../../arm-none-eabi/lib/thumb/v7e-m+fp/hard\libc_nano.a(libc_a-mallocr.o)
 .ARM.attributes
                0x000007fb       0x34 C:/ST/STM32CubeIDE_1.16.1/STM32CubeIDE/plugins/com.st.stm32cube.ide.mcu.externaltools.gnu-tools-for-stm32.12.3.rel1.win32_1.0.200.202406191623/tools/bin/../lib/gcc/arm-none-eabi/12.3.1/../../../../arm-none-eabi/lib/thumb/v7e-m+fp/hard\libc_nano.a(libc_a-mlock.o)
 .ARM.attributes
                0x0000082f       0x34 C:/ST/STM32CubeIDE_1.16.1/STM32CubeIDE/plugins/com.st.stm32cube.ide.mcu.externaltools.gnu-tools-for-stm32.12.3.rel1.win32_1.0.200.202406191623/tools/bin/../lib/gcc/arm-none-eabi/12.3.1/../../../../arm-none-eabi/lib/thumb/v7e-m+fp/hard\libc_nano.a(libc_a-findfp.o)
 .ARM.attributes
                0x00000863       0x34 C:/ST/STM32CubeIDE_1.16.1/STM32CubeIDE/plugins/com.st.stm32cube.ide.mcu.externaltools.gnu-tools-for-stm32.12.3.rel1.win32_1.0.200.202406191623/tools/bin/../lib/gcc/arm-none-eabi/12.3.1/../../../../arm-none-eabi/lib/thumb/v7e-m+fp/hard\libc_nano.a(libc_a-memset.o)
 .ARM.attributes
                0x00000897       0x34 C:/ST/STM32CubeIDE_1.16.1/STM32CubeIDE/plugins/com.st.stm32cube.ide.mcu.externaltools.gnu-tools-for-stm32.12.3.rel1.win32_1.0.200.202406191623/tools/bin/../lib/gcc/arm-none-eabi/12.3.1/../../../../arm-none-eabi/lib/thumb/v7e-m+fp/hard\libc_nano.a(libc_a-reent.o)
 .ARM.attributes